172.17.0.4 - - [26/Jan/2018:10:05:46 +0000] "POST /api/v4/jobs/request HTTP/1.1" 204 0 "" "gitlab-runner 10.4.0 (10-4-stable; go1.8.5; linux/amd64)"
172.17.0.4 - - [26/Jan/2018:10:05:49 +0000] "POST /api/v4/jobs/request HTTP/1.1" 204 0 "" "gitlab-runner 10.4.0 (10-4-stable; go1.8.5; linux/amd64)"
172.17.0.4 - - [26/Jan/2018:10:05:52 +0000] "POST /api/v4/jobs/request HTTP/1.1" 204 0 "" "gitlab-runner 10.4.0 (10-4-stable; go1.8.5; linux/amd64)"
172.17.0.4 - - [26/Jan/2018:10:05:55 +0000] "POST /api/v4/jobs/request HTTP/1.1" 204 0 "" "gitlab-runner 10.4.0 (10-4-stable; go1.8.5; linux/amd64)"
127.0.0.1 - - [26/Jan/2018:10:05:57 +0000] "GET /help HTTP/1.1" 200 29691 "" "curl/7.56.1"
172.17.0.4 - - [26/Jan/2018:10:05:58 +0000] "POST /api/v4/jobs/request HTTP/1.1" 204 0 "" "gitlab-runner 10.4.0 (10-4-stable; go1.8.5; linux/amd64)"
172.17.0.4 - - [26/Jan/2018:10:06:01 +0000] "POST /api/v4/jobs/request HTTP/1.1" 204 0 "" "gitlab-runner 10.4.0 (10-4-stable; go1.8.5; linux/amd64)"
172.17.0.4 - - [26/Jan/2018:10:06:04 +0000] "POST /api/v4/jobs/request HTTP/1.1" 204 0 "" "gitlab-runner 10.4.0 (10-4-stable; go1.8.5; linux/amd64)"
172.17.0.4 - - [26/Jan/2018:10:06:07 +0000] "POST /api/v4/jobs/request HTTP/1.1" 204 0 "" "gitlab-runner 10.4.0 (10-4-stable; go1.8.5; linux/amd64)"
172.17.0.4 - - [26/Jan/2018:10:06:10 +0000] "POST /api/v4/jobs/request HTTP/1.1" 204 0 "" "gitlab-runner 10.4.0 (10-4-stable; go1.8.5; linux/amd64)"
172.17.0.4 - - [26/Jan/2018:10:06:13 +0000] "POST /api/v4/jobs/request HTTP/1.1" 204 0 "" "gitlab-runner 10.4.0 (10-4-stable; go1.8.5; linux/amd64)"
172.17.0.4 - - [26/Jan/2018:10:06:16 +0000] "POST /api/v4/jobs/request HTTP/1.1" 204 0 "" "gitlab-runner 10.4.0 (10-4-stable; go1.8.5; linux/amd64)"
172.17.0.4 - - [26/Jan/2018:10:06:19 +0000] "POST /api/v4/jobs/request HTTP/1.1" 204 0 "" "gitlab-runner 10.4.0 (10-4-stable; go1.8.5; linux/amd64)"
172.17.0.4 - - [26/Jan/2018:10:06:22 +0000] "POST /api/v4/jobs/request HTTP/1.1" 204 0 "" "gitlab-runner 10.4.0 (10-4-stable; go1.8.5; linux/amd64)"
172.17.0.4 - - [26/Jan/2018:10:06:25 +0000] "POST /api/v4/jobs/request HTTP/1.1" 204 0 "" "gitlab-runner 10.4.0 (10-4-stable; go1.8.5; linux/amd64)"
172.17.0.4 - - [26/Jan/2018:10:06:28 +0000] "POST /api/v4/jobs/request HTTP/1.1" 204 0 "" "gitlab-runner 10.4.0 (10-4-stable; go1.8.5; linux/amd64)"
172.17.0.4 - - [26/Jan/2018:10:06:31 +0000] "POST /api/v4/jobs/request HTTP/1.1" 204 0 "" "gitlab-runner 10.4.0 (10-4-stable; go1.8.5; linux/amd64)"
172.17.0.4 - - [26/Jan/2018:10:06:34 +0000] "POST /api/v4/jobs/request HTTP/1.1" 204 0 "" "gitlab-runner 10.4.0 (10-4-stable; go1.8.5; linux/amd64)"
172.17.0.4 - - [26/Jan/2018:10:06:37 +0000] "POST /api/v4/jobs/request HTTP/1.1" 204 0 "" "gitlab-runner 10.4.0 (10-4-stable; go1.8.5; linux/amd64)"
172.17.0.4 - - [26/Jan/2018:10:06:40 +0000] "POST /api/v4/jobs/request HTTP/1.1" 204 0 "" "gitlab-runner 10.4.0 (10-4-stable; go1.8.5; linux/amd64)"
172.17.0.4 - - [26/Jan/2018:10:06:43 +0000] "POST /api/v4/jobs/request HTTP/1.1" 204 0 "" "gitlab-runner 10.4.0 (10-4-stable; go1.8.5; linux/amd64)"
172.17.0.4 - - [26/Jan/2018:10:06:46 +0000] "POST /api/v4/jobs/request HTTP/1.1" 204 0 "" "gitlab-runner 10.4.0 (10-4-stable; go1.8.5; linux/amd64)"
172.17.0.4 - - [26/Jan/2018:10:06:49 +0000] "POST /api/v4/jobs/request HTTP/1.1" 204 0 "" "gitlab-runner 10.4.0 (10-4-stable; go1.8.5; linux/amd64)"
172.17.0.4 - - [26/Jan/2018:10:06:52 +0000] "POST /api/v4/jobs/request HTTP/1.1" 204 0 "" "gitlab-runner 10.4.0 (10-4-stable; go1.8.5; linux/amd64)"
172.17.0.4 - - [26/Jan/2018:10:06:55 +0000] "POST /api/v4/jobs/request HTTP/1.1" 204 0 "" "gitlab-runner 10.4.0 (10-4-stable; go1.8.5; linux/amd64)"
127.0.0.1 - - [26/Jan/2018:10:06:58 +0000] "GET /help HTTP/1.1" 200 29722 "" "curl/7.56.1"
172.17.0.4 - - [26/Jan/2018:10:06:58 +0000] "POST /api/v4/jobs/request HTTP/1.1" 204 0 "" "gitlab-runner 10.4.0 (10-4-stable; go1.8.5; linux/amd64)"
172.17.0.4 - - [26/Jan/2018:10:07:01 +0000] "POST /api/v4/jobs/request HTTP/1.1" 204 0 "" "gitlab-runner 10.4.0 (10-4-stable; go1.8.5; linux/amd64)"
172.17.0.4 - - [26/Jan/2018:10:07:04 +0000] "POST /api/v4/jobs/request HTTP/1.1" 204 0 "" "gitlab-runner 10.4.0 (10-4-stable; go1.8.5; linux/amd64)"
172.17.0.4 - - [26/Jan/2018:10:07:07 +0000] "POST /api/v4/jobs/request HTTP/1.1" 204 0 "" "gitlab-runner 10.4.0 (10-4-stable; go1.8.5; linux/amd64)"
172.17.0.4 - - [26/Jan/2018:10:07:10 +0000] "POST /api/v4/jobs/request HTTP/1.1" 204 0 "" "gitlab-runner 10.4.0 (10-4-stable; go1.8.5; linux/amd64)"
172.17.0.4 - - [26/Jan/2018:10:07:13 +0000] "POST /api/v4/jobs/request HTTP/1.1" 204 0 "" "gitlab-runner 10.4.0 (10-4-stable; go1.8.5; linux/amd64)"
172.17.0.4 - - [26/Jan/2018:10:07:16 +0000] "POST /api/v4/jobs/request HTTP/1.1" 204 0 "" "gitlab-runner 10.4.0 (10-4-stable; go1.8.5; linux/amd64)"
172.17.0.4 - - [26/Jan/2018:10:07:19 +0000] "POST /api/v4/jobs/request HTTP/1.1" 204 0 "" "gitlab-runner 10.4.0 (10-4-stable; go1.8.5; linux/amd64)"
172.17.0.4 - - [26/Jan/2018:10:07:22 +0000] "POST /api/v4/jobs/request HTTP/1.1" 204 0 "" "gitlab-runner 10.4.0 (10-4-stable; go1.8.5; linux/amd64)"
172.17.0.4 - - [26/Jan/2018:10:07:25 +0000] "POST /api/v4/jobs/request HTTP/1.1" 204 0 "" "gitlab-runner 10.4.0 (10-4-stable; go1.8.5; linux/amd64)"
172.17.0.4 - - [26/Jan/2018:10:07:28 +0000] "POST /api/v4/jobs/request HTTP/1.1" 204 0 "" "gitlab-runner 10.4.0 (10-4-stable; go1.8.5; linux/amd64)"
172.17.0.4 - - [26/Jan/2018:10:07:31 +0000] "POST /api/v4/jobs/request HTTP/1.1" 204 0 "" "gitlab-runner 10.4.0 (10-4-stable; go1.8.5; linux/amd64)"
172.17.0.4 - - [26/Jan/2018:10:07:34 +0000] "POST /api/v4/jobs/request HTTP/1.1" 204 0 "" "gitlab-runner 10.4.0 (10-4-stable; go1.8.5; linux/amd64)"
172.17.0.4 - - [26/Jan/2018:10:07:37 +0000] "POST /api/v4/jobs/request HTTP/1.1" 204 0 "" "gitlab-runner 10.4.0 (10-4-stable; go1.8.5; linux/amd64)"
172.17.0.4 - - [26/Jan/2018:10:07:40 +0000] "POST /api/v4/jobs/request HTTP/1.1" 204 0 "" "gitlab-runner 10.4.0 (10-4-stable; go1.8.5; linux/amd64)"
172.17.0.4 - - [26/Jan/2018:10:07:43 +0000] "POST /api/v4/jobs/request HTTP/1.1" 204 0 "" "gitlab-runner 10.4.0 (10-4-stable; go1.8.5; linux/amd64)"
172.17.0.4 - - [26/Jan/2018:10:07:46 +0000] "POST /api/v4/jobs/request HTTP/1.1" 204 0 "" "gitlab-runner 10.4.0 (10-4-stable; go1.8.5; linux/amd64)"
172.17.0.4 - - [26/Jan/2018:10:07:49 +0000] "POST /api/v4/jobs/request HTTP/1.1" 204 0 "" "gitlab-runner 10.4.0 (10-4-stable; go1.8.5; linux/amd64)"
172.17.0.4 - - [26/Jan/2018:10:07:52 +0000] "POST /api/v4/jobs/request HTTP/1.1" 204 0 "" "gitlab-runner 10.4.0 (10-4-stable; go1.8.5; linux/amd64)"
172.17.0.4 - - [26/Jan/2018:10:07:55 +0000] "POST /api/v4/jobs/request HTTP/1.1" 204 0 "" "gitlab-runner 10.4.0 (10-4-stable; go1.8.5; linux/amd64)"
172.17.0.4 - - [26/Jan/2018:10:07:58 +0000] "POST /api/v4/jobs/request HTTP/1.1" 204 0 "" "gitlab-runner 10.4.0 (10-4-stable; go1.8.5; linux/amd64)"
127.0.0.1 - - [26/Jan/2018:10:07:58 +0000] "GET /help HTTP/1.1" 200 29722 "" "curl/7.56.1"
172.17.0.4 - - [26/Jan/2018:10:08:01 +0000] "POST /api/v4/jobs/request HTTP/1.1" 204 0 "" "gitlab-runner 10.4.0 (10-4-stable; go1.8.5; linux/amd64)"
172.17.0.4 - - [26/Jan/2018:10:08:04 +0000] "POST /api/v4/jobs/request HTTP/1.1" 204 0 "" "gitlab-runner 10.4.0 (10-4-stable; go1.8.5; linux/amd64)"
172.17.0.4 - - [26/Jan/2018:10:08:07 +0000] "POST /api/v4/jobs/request HTTP/1.1" 204 0 "" "gitlab-runner 10.4.0 (10-4-stable; go1.8.5; linux/amd64)"
172.17.0.4 - - [26/Jan/2018:10:08:10 +0000] "POST /api/v4/jobs/request HTTP/1.1" 204 0 "" "gitlab-runner 10.4.0 (10-4-stable; go1.8.5; linux/amd64)"
172.17.0.4 - - [26/Jan/2018:10:08:13 +0000] "POST /api/v4/jobs/request HTTP/1.1" 204 0 "" "gitlab-runner 10.4.0 (10-4-stable; go1.8.5; linux/amd64)"
172.17.0.4 - - [26/Jan/2018:10:08:16 +0000] "POST /api/v4/jobs/request HTTP/1.1" 204 0 "" "gitlab-runner 10.4.0 (10-4-stable; go1.8.5; linux/amd64)"
172.17.0.4 - - [26/Jan/2018:10:08:19 +0000] "POST /api/v4/jobs/request HTTP/1.1" 204 0 "" "gitlab-runner 10.4.0 (10-4-stable; go1.8.5; linux/amd64)"
172.17.0.4 - - [26/Jan/2018:10:08:22 +0000] "POST /api/v4/jobs/request HTTP/1.1" 204 0 "" "gitlab-runner 10.4.0 (10-4-stable; go1.8.5; linux/amd64)"
172.17.0.4 - - [26/Jan/2018:10:08:25 +0000] "POST /api/v4/jobs/request HTTP/1.1" 204 0 "" "gitlab-runner 10.4.0 (10-4-stable; go1.8.5; linux/amd64)"
172.17.0.4 - - [26/Jan/2018:10:08:28 +0000] "POST /api/v4/jobs/request HTTP/1.1" 204 0 "" "gitlab-runner 10.4.0 (10-4-stable; go1.8.5; linux/amd64)"
172.17.0.4 - - [26/Jan/2018:10:08:31 +0000] "POST /api/v4/jobs/request HTTP/1.1" 204 0 "" "gitlab-runner 10.4.0 (10-4-stable; go1.8.5; linux/amd64)"
172.17.0.4 - - [26/Jan/2018:10:08:34 +0000] "POST /api/v4/jobs/request HTTP/1.1" 204 0 "" "gitlab-runner 10.4.0 (10-4-stable; go1.8.5; linux/amd64)"
172.17.0.4 - - [26/Jan/2018:10:08:37 +0000] "POST /api/v4/jobs/request HTTP/1.1" 204 0 "" "gitlab-runner 10.4.0 (10-4-stable; go1.8.5; linux/amd64)"
172.17.0.4 - - [26/Jan/2018:10:08:40 +0000] "POST /api/v4/jobs/request HTTP/1.1" 204 0 "" "gitlab-runner 10.4.0 (10-4-stable; go1.8.5; linux/amd64)"
172.17.0.4 - - [26/Jan/2018:10:08:43 +0000] "POST /api/v4/jobs/request HTTP/1.1" 204 0 "" "gitlab-runner 10.4.0 (10-4-stable; go1.8.5; linux/amd64)"
172.17.0.4 - - [26/Jan/2018:10:08:46 +0000] "POST /api/v4/jobs/request HTTP/1.1" 204 0 "" "gitlab-runner 10.4.0 (10-4-stable; go1.8.5; linux/amd64)"
172.17.0.4 - - [26/Jan/2018:10:08:49 +0000] "POST /api/v4/jobs/request HTTP/1.1" 204 0 "" "gitlab-runner 10.4.0 (10-4-stable; go1.8.5; linux/amd64)"
172.17.0.4 - - [26/Jan/2018:10:08:52 +0000] "POST /api/v4/jobs/request HTTP/1.1" 204 0 "" "gitlab-runner 10.4.0 (10-4-stable; go1.8.5; linux/amd64)"
172.17.0.4 - - [26/Jan/2018:10:08:52 +0000] "POST /api/v4/runners HTTP/1.1" 201 49 "" "gitlab-runner 10.4.0 (10-4-stable; go1.8.5; linux/amd64)"
172.17.0.4 - - [26/Jan/2018:10:08:55 +0000] "POST /api/v4/jobs/request HTTP/1.1" 204 0 "" "gitlab-runner 10.4.0 (10-4-stable; go1.8.5; linux/amd64)"
172.17.0.4 - - [26/Jan/2018:10:08:58 +0000] "POST /api/v4/jobs/request HTTP/1.1" 204 0 "" "gitlab-runner 10.4.0 (10-4-stable; go1.8.5; linux/amd64)"
127.0.0.1 - - [26/Jan/2018:10:08:58 +0000] "GET /help HTTP/1.1" 200 29722 "" "curl/7.56.1"
172.17.0.4 - - [26/Jan/2018:10:09:01 +0000] "POST /api/v4/jobs/request HTTP/1.1" 204 0 "" "gitlab-runner 10.4.0 (10-4-stable; go1.8.5; linux/amd64)"
172.17.0.4 - - [26/Jan/2018:10:09:04 +0000] "POST /api/v4/jobs/request HTTP/1.1" 204 0 "" "gitlab-runner 10.4.0 (10-4-stable; go1.8.5; linux/amd64)"
172.17.0.4 - - [26/Jan/2018:10:09:07 +0000] "POST /api/v4/jobs/request HTTP/1.1" 204 0 "" "gitlab-runner 10.4.0 (10-4-stable; go1.8.5; linux/amd64)"
172.17.0.4 - - [26/Jan/2018:10:09:10 +0000] "POST /api/v4/jobs/request HTTP/1.1" 204 0 "" "gitlab-runner 10.4.0 (10-4-stable; go1.8.5; linux/amd64)"
172.17.0.4 - - [26/Jan/2018:10:09:11 +0000] "POST /api/v4/jobs/request HTTP/1.1" 204 0 "" "gitlab-runner 10.4.0 (10-4-stable; go1.8.5; linux/amd64)"
172.17.0.4 - - [26/Jan/2018:10:09:13 +0000] "POST /api/v4/jobs/request HTTP/1.1" 204 0 "" "gitlab-runner 10.4.0 (10-4-stable; go1.8.5; linux/amd64)"
172.17.0.4 - - [26/Jan/2018:10:09:14 +0000] "POST /api/v4/jobs/request HTTP/1.1" 204 0 "" "gitlab-runner 10.4.0 (10-4-stable; go1.8.5; linux/amd64)"
172.17.0.4 - - [26/Jan/2018:10:09:16 +0000] "POST /api/v4/jobs/request HTTP/1.1" 204 0 "" "gitlab-runner 10.4.0 (10-4-stable; go1.8.5; linux/amd64)"
172.17.0.4 - - [26/Jan/2018:10:09:17 +0000] "POST /api/v4/jobs/request HTTP/1.1" 204 0 "" "gitlab-runner 10.4.0 (10-4-stable; go1.8.5; linux/amd64)"
172.17.0.4 - - [26/Jan/2018:10:09:19 +0000] "POST /api/v4/jobs/request HTTP/1.1" 204 0 "" "gitlab-runner 10.4.0 (10-4-stable; go1.8.5; linux/amd64)"
172.17.0.4 - - [26/Jan/2018:10:09:20 +0000] "POST /api/v4/jobs/request HTTP/1.1" 204 0 "" "gitlab-runner 10.4.0 (10-4-stable; go1.8.5; linux/amd64)"
172.17.0.4 - - [26/Jan/2018:10:09:22 +0000] "POST /api/v4/jobs/request HTTP/1.1" 204 0 "" "gitlab-runner 10.4.0 (10-4-stable; go1.8.5; linux/amd64)"
172.17.0.4 - - [26/Jan/2018:10:09:23 +0000] "POST /api/v4/jobs/request HTTP/1.1" 204 0 "" "gitlab-runner 10.4.0 (10-4-stable; go1.8.5; linux/amd64)"
172.17.0.4 - - [26/Jan/2018:10:09:25 +0000] "POST /api/v4/jobs/request HTTP/1.1" 204 0 "" "gitlab-runner 10.4.0 (10-4-stable; go1.8.5; linux/amd64)"
172.17.0.4 - - [26/Jan/2018:10:09:26 +0000] "POST /api/v4/jobs/request HTTP/1.1" 204 0 "" "gitlab-runner 10.4.0 (10-4-stable; go1.8.5; linux/amd64)"
172.17.0.4 - - [26/Jan/2018:10:09:28 +0000] "POST /api/v4/jobs/request HTTP/1.1" 204 0 "" "gitlab-runner 10.4.0 (10-4-stable; go1.8.5; linux/amd64)"
172.17.0.4 - - [26/Jan/2018:10:09:29 +0000] "POST /api/v4/jobs/request HTTP/1.1" 204 0 "" "gitlab-runner 10.4.0 (10-4-stable; go1.8.5; linux/amd64)"
172.17.0.4 - - [26/Jan/2018:10:09:31 +0000] "POST /api/v4/jobs/request HTTP/1.1" 204 0 "" "gitlab-runner 10.4.0 (10-4-stable; go1.8.5; linux/amd64)"
172.17.0.4 - - [26/Jan/2018:10:09:32 +0000] "POST /api/v4/jobs/request HTTP/1.1" 204 0 "" "gitlab-runner 10.4.0 (10-4-stable; go1.8.5; linux/amd64)"
172.17.0.4 - - [26/Jan/2018:10:09:34 +0000] "POST /api/v4/jobs/request HTTP/1.1" 204 0 "" "gitlab-runner 10.4.0 (10-4-stable; go1.8.5; linux/amd64)"
172.17.0.4 - - [26/Jan/2018:10:09:35 +0000] "POST /api/v4/jobs/request HTTP/1.1" 204 0 "" "gitlab-runner 10.4.0 (10-4-stable; go1.8.5; linux/amd64)"
172.17.0.4 - - [26/Jan/2018:10:09:37 +0000] "POST /api/v4/jobs/request HTTP/1.1" 204 0 "" "gitlab-runner 10.4.0 (10-4-stable; go1.8.5; linux/amd64)"
172.17.0.4 - - [26/Jan/2018:10:09:38 +0000] "POST /api/v4/jobs/request HTTP/1.1" 204 0 "" "gitlab-runner 10.4.0 (10-4-stable; go1.8.5; linux/amd64)"
172.17.0.4 - - [26/Jan/2018:10:09:40 +0000] "POST /api/v4/jobs/request HTTP/1.1" 204 0 "" "gitlab-runner 10.4.0 (10-4-stable; go1.8.5; linux/amd64)"
172.17.0.4 - - [26/Jan/2018:10:09:41 +0000] "POST /api/v4/jobs/request HTTP/1.1" 204 0 "" "gitlab-runner 10.4.0 (10-4-stable; go1.8.5; linux/amd64)"
172.17.0.4 - - [26/Jan/2018:10:09:43 +0000] "POST /api/v4/jobs/request HTTP/1.1" 204 0 "" "gitlab-runner 10.4.0 (10-4-stable; go1.8.5; linux/amd64)"
172.17.0.4 - - [26/Jan/2018:10:09:44 +0000] "POST /api/v4/jobs/request HTTP/1.1" 204 0 "" "gitlab-runner 10.4.0 (10-4-stable; go1.8.5; linux/amd64)"
172.17.0.4 - - [26/Jan/2018:10:09:46 +0000] "POST /api/v4/jobs/request HTTP/1.1" 204 0 "" "gitlab-runner 10.4.0 (10-4-stable; go1.8.5; linux/amd64)"
172.17.0.4 - - [26/Jan/2018:10:09:47 +0000] "POST /api/v4/jobs/request HTTP/1.1" 204 0 "" "gitlab-runner 10.4.0 (10-4-stable; go1.8.5; linux/amd64)"
172.17.0.4 - - [26/Jan/2018:10:09:49 +0000] "POST /api/v4/jobs/request HTTP/1.1" 204 0 "" "gitlab-runner 10.4.0 (10-4-stable; go1.8.5; linux/amd64)"
172.17.0.4 - - [26/Jan/2018:10:09:50 +0000] "POST /api/v4/jobs/request HTTP/1.1" 204 0 "" "gitlab-runner 10.4.0 (10-4-stable; go1.8.5; linux/amd64)"
172.17.0.4 - - [26/Jan/2018:10:09:52 +0000] "POST /api/v4/jobs/request HTTP/1.1" 204 0 "" "gitlab-runner 10.4.0 (10-4-stable; go1.8.5; linux/amd64)"
172.17.0.4 - - [26/Jan/2018:10:09:53 +0000] "POST /api/v4/jobs/request HTTP/1.1" 204 0 "" "gitlab-runner 10.4.0 (10-4-stable; go1.8.5; linux/amd64)"
172.17.0.4 - - [26/Jan/2018:10:09:55 +0000] "POST /api/v4/jobs/request HTTP/1.1" 204 0 "" "gitlab-runner 10.4.0 (10-4-stable; go1.8.5; linux/amd64)"
172.17.0.4 - - [26/Jan/2018:10:09:56 +0000] "POST /api/v4/jobs/request HTTP/1.1" 204 0 "" "gitlab-runner 10.4.0 (10-4-stable; go1.8.5; linux/amd64)"
172.17.0.4 - - [26/Jan/2018:10:09:58 +0000] "POST /api/v4/jobs/request HTTP/1.1" 204 0 "" "gitlab-runner 10.4.0 (10-4-stable; go1.8.5; linux/amd64)"
127.0.0.1 - - [26/Jan/2018:10:09:58 +0000] "GET /help HTTP/1.1" 200 29722 "" "curl/7.56.1"
172.17.0.4 - - [26/Jan/2018:10:09:59 +0000] "POST /api/v4/jobs/request HTTP/1.1" 204 0 "" "gitlab-runner 10.4.0 (10-4-stable; go1.8.5; linux/amd64)"
172.17.0.4 - - [26/Jan/2018:10:10:01 +0000] "POST /api/v4/jobs/request HTTP/1.1" 204 0 "" "gitlab-runner 10.4.0 (10-4-stable; go1.8.5; linux/amd64)"
172.17.0.4 - - [26/Jan/2018:10:10:02 +0000] "POST /api/v4/jobs/request HTTP/1.1" 204 0 "" "gitlab-runner 10.4.0 (10-4-stable; go1.8.5; linux/amd64)"
172.17.0.4 - - [26/Jan/2018:10:10:04 +0000] "POST /api/v4/jobs/request HTTP/1.1" 204 0 "" "gitlab-runner 10.4.0 (10-4-stable; go1.8.5; linux/amd64)"
172.17.0.4 - - [26/Jan/2018:10:10:05 +0000] "POST /api/v4/jobs/request HTTP/1.1" 204 0 "" "gitlab-runner 10.4.0 (10-4-stable; go1.8.5; linux/amd64)"
172.17.0.4 - - [26/Jan/2018:10:10:07 +0000] "POST /api/v4/jobs/request HTTP/1.1" 204 0 "" "gitlab-runner 10.4.0 (10-4-stable; go1.8.5; linux/amd64)"
172.17.0.4 - - [26/Jan/2018:10:10:08 +0000] "POST /api/v4/jobs/request HTTP/1.1" 204 0 "" "gitlab-runner 10.4.0 (10-4-stable; go1.8.5; linux/amd64)"
172.17.0.4 - - [26/Jan/2018:10:10:10 +0000] "POST /api/v4/jobs/request HTTP/1.1" 204 0 "" "gitlab-runner 10.4.0 (10-4-stable; go1.8.5; linux/amd64)"
172.17.0.4 - - [26/Jan/2018:10:10:11 +0000] "POST /api/v4/jobs/request HTTP/1.1" 204 0 "" "gitlab-runner 10.4.0 (10-4-stable; go1.8.5; linux/amd64)"
172.17.0.4 - - [26/Jan/2018:10:10:13 +0000] "POST /api/v4/jobs/request HTTP/1.1" 204 0 "" "gitlab-runner 10.4.0 (10-4-stable; go1.8.5; linux/amd64)"
172.17.0.4 - - [26/Jan/2018:10:10:14 +0000] "POST /api/v4/jobs/request HTTP/1.1" 204 0 "" "gitlab-runner 10.4.0 (10-4-stable; go1.8.5; linux/amd64)"
172.17.0.4 - - [26/Jan/2018:10:10:16 +0000] "POST /api/v4/jobs/request HTTP/1.1" 204 0 "" "gitlab-runner 10.4.0 (10-4-stable; go1.8.5; linux/amd64)"
172.17.0.4 - - [26/Jan/2018:10:10:17 +0000] "POST /api/v4/jobs/request HTTP/1.1" 204 0 "" "gitlab-runner 10.4.0 (10-4-stable; go1.8.5; linux/amd64)"
172.17.0.4 - - [26/Jan/2018:10:10:19 +0000] "POST /api/v4/jobs/request HTTP/1.1" 204 0 "" "gitlab-runner 10.4.0 (10-4-stable; go1.8.5; linux/amd64)"
172.17.0.4 - - [26/Jan/2018:10:10:20 +0000] "POST /api/v4/jobs/request HTTP/1.1" 204 0 "" "gitlab-runner 10.4.0 (10-4-stable; go1.8.5; linux/amd64)"
172.17.0.4 - - [26/Jan/2018:10:10:22 +0000] "POST /api/v4/jobs/request HTTP/1.1" 204 0 "" "gitlab-runner 10.4.0 (10-4-stable; go1.8.5; linux/amd64)"
172.17.0.4 - - [26/Jan/2018:10:10:23 +0000] "POST /api/v4/jobs/request HTTP/1.1" 204 0 "" "gitlab-runner 10.4.0 (10-4-stable; go1.8.5; linux/amd64)"
172.17.0.4 - - [26/Jan/2018:10:10:25 +0000] "POST /api/v4/jobs/request HTTP/1.1" 204 0 "" "gitlab-runner 10.4.0 (10-4-stable; go1.8.5; linux/amd64)"
172.17.0.4 - - [26/Jan/2018:10:10:26 +0000] "POST /api/v4/jobs/request HTTP/1.1" 204 0 "" "gitlab-runner 10.4.0 (10-4-stable; go1.8.5; linux/amd64)"
172.17.0.4 - - [26/Jan/2018:10:10:28 +0000] "POST /api/v4/jobs/request HTTP/1.1" 204 0 "" "gitlab-runner 10.4.0 (10-4-stable; go1.8.5; linux/amd64)"
172.17.0.4 - - [26/Jan/2018:10:10:29 +0000] "POST /api/v4/jobs/request HTTP/1.1" 204 0 "" "gitlab-runner 10.4.0 (10-4-stable; go1.8.5; linux/amd64)"
172.17.0.4 - - [26/Jan/2018:10:10:31 +0000] "POST /api/v4/jobs/request HTTP/1.1" 204 0 "" "gitlab-runner 10.4.0 (10-4-stable; go1.8.5; linux/amd64)"
172.17.0.4 - - [26/Jan/2018:10:10:32 +0000] "POST /api/v4/jobs/request HTTP/1.1" 204 0 "" "gitlab-runner 10.4.0 (10-4-stable; go1.8.5; linux/amd64)"
172.17.0.4 - - [26/Jan/2018:10:10:34 +0000] "POST /api/v4/jobs/request HTTP/1.1" 204 0 "" "gitlab-runner 10.4.0 (10-4-stable; go1.8.5; linux/amd64)"
172.17.0.4 - - [26/Jan/2018:10:10:35 +0000] "POST /api/v4/jobs/request HTTP/1.1" 204 0 "" "gitlab-runner 10.4.0 (10-4-stable; go1.8.5; linux/amd64)"
172.17.0.4 - - [26/Jan/2018:10:10:37 +0000] "POST /api/v4/jobs/request HTTP/1.1" 204 0 "" "gitlab-runner 10.4.0 (10-4-stable; go1.8.5; linux/amd64)"
172.17.0.4 - - [26/Jan/2018:10:10:38 +0000] "POST /api/v4/jobs/request HTTP/1.1" 204 0 "" "gitlab-runner 10.4.0 (10-4-stable; go1.8.5; linux/amd64)"
172.17.0.4 - - [26/Jan/2018:10:10:40 +0000] "POST /api/v4/jobs/request HTTP/1.1" 204 0 "" "gitlab-runner 10.4.0 (10-4-stable; go1.8.5; linux/amd64)"
172.17.0.4 - - [26/Jan/2018:10:10:41 +0000] "POST /api/v4/jobs/request HTTP/1.1" 204 0 "" "gitlab-runner 10.4.0 (10-4-stable; go1.8.5; linux/amd64)"
172.17.0.4 - - [26/Jan/2018:10:10:43 +0000] "POST /api/v4/jobs/request HTTP/1.1" 204 0 "" "gitlab-runner 10.4.0 (10-4-stable; go1.8.5; linux/amd64)"
172.17.0.4 - - [26/Jan/2018:10:10:44 +0000] "POST /api/v4/jobs/request HTTP/1.1" 204 0 "" "gitlab-runner 10.4.0 (10-4-stable; go1.8.5; linux/amd64)"
172.17.0.4 - - [26/Jan/2018:10:10:46 +0000] "POST /api/v4/jobs/request HTTP/1.1" 204 0 "" "gitlab-runner 10.4.0 (10-4-stable; go1.8.5; linux/amd64)"
172.17.0.4 - - [26/Jan/2018:10:10:47 +0000] "POST /api/v4/jobs/request HTTP/1.1" 204 0 "" "gitlab-runner 10.4.0 (10-4-stable; go1.8.5; linux/amd64)"
172.17.0.4 - - [26/Jan/2018:10:10:49 +0000] "POST /api/v4/jobs/request HTTP/1.1" 204 0 "" "gitlab-runner 10.4.0 (10-4-stable; go1.8.5; linux/amd64)"
172.17.0.4 - - [26/Jan/2018:10:10:50 +0000] "POST /api/v4/jobs/request HTTP/1.1" 204 0 "" "gitlab-runner 10.4.0 (10-4-stable; go1.8.5; linux/amd64)"
172.17.0.4 - - [26/Jan/2018:10:10:52 +0000] "POST /api/v4/jobs/request HTTP/1.1" 204 0 "" "gitlab-runner 10.4.0 (10-4-stable; go1.8.5; linux/amd64)"
172.17.0.4 - - [26/Jan/2018:10:10:53 +0000] "POST /api/v4/jobs/request HTTP/1.1" 204 0 "" "gitlab-runner 10.4.0 (10-4-stable; go1.8.5; linux/amd64)"
172.17.0.4 - - [26/Jan/2018:10:10:55 +0000] "POST /api/v4/jobs/request HTTP/1.1" 204 0 "" "gitlab-runner 10.4.0 (10-4-stable; go1.8.5; linux/amd64)"
172.17.0.4 - - [26/Jan/2018:10:10:56 +0000] "POST /api/v4/jobs/request HTTP/1.1" 204 0 "" "gitlab-runner 10.4.0 (10-4-stable; go1.8.5; linux/amd64)"
172.17.0.4 - - [26/Jan/2018:10:10:58 +0000] "POST /api/v4/jobs/request HTTP/1.1" 204 0 "" "gitlab-runner 10.4.0 (10-4-stable; go1.8.5; linux/amd64)"
127.0.0.1 - - [26/Jan/2018:10:10:59 +0000] "GET /help HTTP/1.1" 200 29722 "" "curl/7.56.1"
172.17.0.4 - - [26/Jan/2018:10:10:59 +0000] "POST /api/v4/jobs/request HTTP/1.1" 204 0 "" "gitlab-runner 10.4.0 (10-4-stable; go1.8.5; linux/amd64)"
172.17.0.4 - - [26/Jan/2018:10:11:01 +0000] "POST /api/v4/jobs/request HTTP/1.1" 204 0 "" "gitlab-runner 10.4.0 (10-4-stable; go1.8.5; linux/amd64)"
172.17.0.4 - - [26/Jan/2018:10:11:02 +0000] "POST /api/v4/jobs/request HTTP/1.1" 204 0 "" "gitlab-runner 10.4.0 (10-4-stable; go1.8.5; linux/amd64)"
172.17.0.4 - - [26/Jan/2018:10:11:04 +0000] "POST /api/v4/jobs/request HTTP/1.1" 204 0 "" "gitlab-runner 10.4.0 (10-4-stable; go1.8.5; linux/amd64)"
172.17.0.4 - - [26/Jan/2018:10:11:05 +0000] "POST /api/v4/jobs/request HTTP/1.1" 204 0 "" "gitlab-runner 10.4.0 (10-4-stable; go1.8.5; linux/amd64)"
172.17.0.4 - - [26/Jan/2018:10:11:07 +0000] "POST /api/v4/jobs/request HTTP/1.1" 204 0 "" "gitlab-runner 10.4.0 (10-4-stable; go1.8.5; linux/amd64)"
172.17.0.4 - - [26/Jan/2018:10:11:08 +0000] "POST /api/v4/jobs/request HTTP/1.1" 204 0 "" "gitlab-runner 10.4.0 (10-4-stable; go1.8.5; linux/amd64)"
172.17.0.4 - - [26/Jan/2018:10:11:10 +0000] "POST /api/v4/jobs/request HTTP/1.1" 204 0 "" "gitlab-runner 10.4.0 (10-4-stable; go1.8.5; linux/amd64)"
172.17.0.4 - - [26/Jan/2018:10:11:11 +0000] "POST /api/v4/jobs/request HTTP/1.1" 204 0 "" "gitlab-runner 10.4.0 (10-4-stable; go1.8.5; linux/amd64)"
172.17.0.4 - - [26/Jan/2018:10:11:13 +0000] "POST /api/v4/jobs/request HTTP/1.1" 204 0 "" "gitlab-runner 10.4.0 (10-4-stable; go1.8.5; linux/amd64)"
172.17.0.4 - - [26/Jan/2018:10:11:14 +0000] "POST /api/v4/jobs/request HTTP/1.1" 204 0 "" "gitlab-runner 10.4.0 (10-4-stable; go1.8.5; linux/amd64)"
172.17.0.4 - - [26/Jan/2018:10:11:16 +0000] "POST /api/v4/jobs/request HTTP/1.1" 204 0 "" "gitlab-runner 10.4.0 (10-4-stable; go1.8.5; linux/amd64)"
172.17.0.4 - - [26/Jan/2018:10:11:17 +0000] "POST /api/v4/jobs/request HTTP/1.1" 204 0 "" "gitlab-runner 10.4.0 (10-4-stable; go1.8.5; linux/amd64)"
172.17.0.4 - - [26/Jan/2018:10:11:19 +0000] "POST /api/v4/jobs/request HTTP/1.1" 204 0 "" "gitlab-runner 10.4.0 (10-4-stable; go1.8.5; linux/amd64)"
172.17.0.1 - - [26/Jan/2018:10:11:20 +0000] "GET /root/test.git/info/refs?service=git-receive-pack HTTP/1.1" 401 26 "" "git/2.14.3 (Apple Git-98)"
172.17.0.4 - - [26/Jan/2018:10:11:20 +0000] "POST /api/v4/jobs/request HTTP/1.1" 204 0 "" "gitlab-runner 10.4.0 (10-4-stable; go1.8.5; linux/amd64)"
172.17.0.1 - root [26/Jan/2018:10:11:21 +0000] "GET /root/test.git/info/refs?service=git-receive-pack HTTP/1.1" 200 195 "" "git/2.14.3 (Apple Git-98)"
172.17.0.4 - - [26/Jan/2018:10:11:22 +0000] "POST /api/v4/jobs/request HTTP/1.1" 204 0 "" "gitlab-runner 10.4.0 (10-4-stable; go1.8.5; linux/amd64)"
172.17.0.1 - root [26/Jan/2018:10:11:22 +0000] "POST /root/test.git/git-receive-pack HTTP/1.1" 200 52 "" "git/2.14.3 (Apple Git-98)"
172.17.0.4 - - [26/Jan/2018:10:11:24 +0000] "POST /api/v4/jobs/request HTTP/1.1" 204 0 "" "gitlab-runner 10.4.0 (10-4-stable; go1.8.5; linux/amd64)"
172.17.0.4 - - [26/Jan/2018:10:11:25 +0000] "POST /api/v4/jobs/request HTTP/1.1" 204 0 "" "gitlab-runner 10.4.0 (10-4-stable; go1.8.5; linux/amd64)"
172.17.0.4 - - [26/Jan/2018:10:11:27 +0000] "POST /api/v4/jobs/request HTTP/1.1" 204 0 "" "gitlab-runner 10.4.0 (10-4-stable; go1.8.5; linux/amd64)"
172.17.0.4 - - [26/Jan/2018:10:11:28 +0000] "POST /api/v4/jobs/request HTTP/1.1" 204 0 "" "gitlab-runner 10.4.0 (10-4-stable; go1.8.5; linux/amd64)"
172.17.0.4 - - [26/Jan/2018:10:11:30 +0000] "POST /api/v4/jobs/request HTTP/1.1" 204 0 "" "gitlab-runner 10.4.0 (10-4-stable; go1.8.5; linux/amd64)"
172.17.0.4 - - [26/Jan/2018:10:11:31 +0000] "POST /api/v4/jobs/request HTTP/1.1" 204 0 "" "gitlab-runner 10.4.0 (10-4-stable; go1.8.5; linux/amd64)"
172.17.0.4 - - [26/Jan/2018:10:11:33 +0000] "POST /api/v4/jobs/request HTTP/1.1" 204 0 "" "gitlab-runner 10.4.0 (10-4-stable; go1.8.5; linux/amd64)"
172.17.0.4 - - [26/Jan/2018:10:11:34 +0000] "POST /api/v4/jobs/request HTTP/1.1" 204 0 "" "gitlab-runner 10.4.0 (10-4-stable; go1.8.5; linux/amd64)"
172.17.0.4 - - [26/Jan/2018:10:11:36 +0000] "POST /api/v4/jobs/request HTTP/1.1" 204 0 "" "gitlab-runner 10.4.0 (10-4-stable; go1.8.5; linux/amd64)"
172.17.0.4 - - [26/Jan/2018:10:11:37 +0000] "POST /api/v4/jobs/request HTTP/1.1" 204 0 "" "gitlab-runner 10.4.0 (10-4-stable; go1.8.5; linux/amd64)"
172.17.0.1 - - [26/Jan/2018:10:11:38 +0000] "GET /root/test/-/jobs HTTP/1.1" 200 7336 "http://gitlab.example.com:30080/root/test/settings/ci_cd" "Mozilla/5.0 (Macintosh; Intel Mac OS X 10_13_2) AppleWebKit/537.36 (KHTML, like Gecko) Chrome/63.0.3239.132 Safari/537.36"
172.17.0.1 - - [26/Jan/2018:10:11:39 +0000] "GET /assets/favicon-075eba76312e8421991a0c1f89a89ee81678bcde72319dd3e8047e2a47cd3a42.ico HTTP/1.1" 200 1384 "http://gitlab.example.com:30080/root/test/-/jobs" "Mozilla/5.0 (Macintosh; Intel Mac OS X 10_13_2) AppleWebKit/537.36 (KHTML, like Gecko) Chrome/63.0.3239.132 Safari/537.36"
172.17.0.4 - - [26/Jan/2018:10:11:39 +0000] "POST /api/v4/jobs/request HTTP/1.1" 204 0 "" "gitlab-runner 10.4.0 (10-4-stable; go1.8.5; linux/amd64)"
172.17.0.4 - - [26/Jan/2018:10:11:40 +0000] "POST /api/v4/jobs/request HTTP/1.1" 204 0 "" "gitlab-runner 10.4.0 (10-4-stable; go1.8.5; linux/amd64)"
172.17.0.4 - - [26/Jan/2018:10:11:42 +0000] "POST /api/v4/jobs/request HTTP/1.1" 204 0 "" "gitlab-runner 10.4.0 (10-4-stable; go1.8.5; linux/amd64)"
172.17.0.4 - - [26/Jan/2018:10:11:43 +0000] "POST /api/v4/jobs/request HTTP/1.1" 204 0 "" "gitlab-runner 10.4.0 (10-4-stable; go1.8.5; linux/amd64)"
172.17.0.4 - - [26/Jan/2018:10:11:45 +0000] "POST /api/v4/jobs/request HTTP/1.1" 204 0 "" "gitlab-runner 10.4.0 (10-4-stable; go1.8.5; linux/amd64)"
172.17.0.4 - - [26/Jan/2018:10:11:46 +0000] "POST /api/v4/jobs/request HTTP/1.1" 204 0 "" "gitlab-runner 10.4.0 (10-4-stable; go1.8.5; linux/amd64)"
172.17.0.4 - - [26/Jan/2018:10:11:48 +0000] "POST /api/v4/jobs/request HTTP/1.1" 204 0 "" "gitlab-runner 10.4.0 (10-4-stable; go1.8.5; linux/amd64)"
172.17.0.4 - - [26/Jan/2018:10:11:49 +0000] "POST /api/v4/jobs/request HTTP/1.1" 204 0 "" "gitlab-runner 10.4.0 (10-4-stable; go1.8.5; linux/amd64)"
172.17.0.4 - - [26/Jan/2018:10:11:51 +0000] "POST /api/v4/jobs/request HTTP/1.1" 204 0 "" "gitlab-runner 10.4.0 (10-4-stable; go1.8.5; linux/amd64)"
172.17.0.4 - - [26/Jan/2018:10:11:52 +0000] "POST /api/v4/jobs/request HTTP/1.1" 204 0 "" "gitlab-runner 10.4.0 (10-4-stable; go1.8.5; linux/amd64)"
172.17.0.4 - - [26/Jan/2018:10:11:54 +0000] "POST /api/v4/jobs/request HTTP/1.1" 204 0 "" "gitlab-runner 10.4.0 (10-4-stable; go1.8.5; linux/amd64)"
172.17.0.4 - - [26/Jan/2018:10:11:55 +0000] "POST /api/v4/jobs/request HTTP/1.1" 204 0 "" "gitlab-runner 10.4.0 (10-4-stable; go1.8.5; linux/amd64)"
172.17.0.4 - - [26/Jan/2018:10:11:57 +0000] "POST /api/v4/jobs/request HTTP/1.1" 204 0 "" "gitlab-runner 10.4.0 (10-4-stable; go1.8.5; linux/amd64)"
172.17.0.4 - - [26/Jan/2018:10:11:58 +0000] "POST /api/v4/jobs/request HTTP/1.1" 204 0 "" "gitlab-runner 10.4.0 (10-4-stable; go1.8.5; linux/amd64)"
172.17.0.4 - - [26/Jan/2018:10:12:00 +0000] "POST /api/v4/jobs/request HTTP/1.1" 204 0 "" "gitlab-runner 10.4.0 (10-4-stable; go1.8.5; linux/amd64)"
127.0.0.1 - - [26/Jan/2018:10:12:01 +0000] "GET /help HTTP/1.1" 200 29722 "" "curl/7.56.1"
172.17.0.4 - - [26/Jan/2018:10:12:02 +0000] "POST /api/v4/jobs/request HTTP/1.1" 204 0 "" "gitlab-runner 10.4.0 (10-4-stable; go1.8.5; linux/amd64)"
172.17.0.4 - - [26/Jan/2018:10:12:03 +0000] "POST /api/v4/jobs/request HTTP/1.1" 204 0 "" "gitlab-runner 10.4.0 (10-4-stable; go1.8.5; linux/amd64)"
172.17.0.4 - - [26/Jan/2018:10:12:05 +0000] "POST /api/v4/jobs/request HTTP/1.1" 204 0 "" "gitlab-runner 10.4.0 (10-4-stable; go1.8.5; linux/amd64)"
172.17.0.4 - - [26/Jan/2018:10:12:06 +0000] "POST /api/v4/jobs/request HTTP/1.1" 204 0 "" "gitlab-runner 10.4.0 (10-4-stable; go1.8.5; linux/amd64)"
172.17.0.4 - - [26/Jan/2018:10:12:08 +0000] "POST /api/v4/jobs/request HTTP/1.1" 204 0 "" "gitlab-runner 10.4.0 (10-4-stable; go1.8.5; linux/amd64)"
172.17.0.4 - - [26/Jan/2018:10:12:09 +0000] "POST /api/v4/jobs/request HTTP/1.1" 204 0 "" "gitlab-runner 10.4.0 (10-4-stable; go1.8.5; linux/amd64)"
172.17.0.4 - - [26/Jan/2018:10:12:11 +0000] "POST /api/v4/jobs/request HTTP/1.1" 204 0 "" "gitlab-runner 10.4.0 (10-4-stable; go1.8.5; linux/amd64)"
172.17.0.4 - - [26/Jan/2018:10:12:12 +0000] "POST /api/v4/jobs/request HTTP/1.1" 204 0 "" "gitlab-runner 10.4.0 (10-4-stable; go1.8.5; linux/amd64)"
172.17.0.4 - - [26/Jan/2018:10:12:14 +0000] "POST /api/v4/jobs/request HTTP/1.1" 204 0 "" "gitlab-runner 10.4.0 (10-4-stable; go1.8.5; linux/amd64)"
172.17.0.4 - - [26/Jan/2018:10:12:15 +0000] "POST /api/v4/jobs/request HTTP/1.1" 204 0 "" "gitlab-runner 10.4.0 (10-4-stable; go1.8.5; linux/amd64)"
172.17.0.4 - - [26/Jan/2018:10:12:17 +0000] "POST /api/v4/jobs/request HTTP/1.1" 204 0 "" "gitlab-runner 10.4.0 (10-4-stable; go1.8.5; linux/amd64)"
172.17.0.4 - - [26/Jan/2018:10:12:18 +0000] "POST /api/v4/jobs/request HTTP/1.1" 204 0 "" "gitlab-runner 10.4.0 (10-4-stable; go1.8.5; linux/amd64)"
172.17.0.4 - - [26/Jan/2018:10:12:20 +0000] "POST /api/v4/jobs/request HTTP/1.1" 204 0 "" "gitlab-runner 10.4.0 (10-4-stable; go1.8.5; linux/amd64)"
172.17.0.4 - - [26/Jan/2018:10:12:21 +0000] "POST /api/v4/jobs/request HTTP/1.1" 204 0 "" "gitlab-runner 10.4.0 (10-4-stable; go1.8.5; linux/amd64)"
172.17.0.4 - - [26/Jan/2018:10:12:23 +0000] "POST /api/v4/jobs/request HTTP/1.1" 204 0 "" "gitlab-runner 10.4.0 (10-4-stable; go1.8.5; linux/amd64)"
172.17.0.4 - - [26/Jan/2018:10:12:24 +0000] "POST /api/v4/jobs/request HTTP/1.1" 204 0 "" "gitlab-runner 10.4.0 (10-4-stable; go1.8.5; linux/amd64)"
172.17.0.4 - - [26/Jan/2018:10:12:26 +0000] "POST /api/v4/jobs/request HTTP/1.1" 204 0 "" "gitlab-runner 10.4.0 (10-4-stable; go1.8.5; linux/amd64)"
172.17.0.4 - - [26/Jan/2018:10:12:27 +0000] "POST /api/v4/jobs/request HTTP/1.1" 204 0 "" "gitlab-runner 10.4.0 (10-4-stable; go1.8.5; linux/amd64)"
172.17.0.4 - - [26/Jan/2018:10:12:29 +0000] "POST /api/v4/jobs/request HTTP/1.1" 204 0 "" "gitlab-runner 10.4.0 (10-4-stable; go1.8.5; linux/amd64)"
172.17.0.1 - - [26/Jan/2018:10:12:29 +0000] "GET /root/test.git/info/refs?service=git-receive-pack HTTP/1.1" 401 26 "" "git/2.14.3 (Apple Git-98)"
172.17.0.1 - root [26/Jan/2018:10:12:29 +0000] "GET /root/test.git/info/refs?service=git-receive-pack HTTP/1.1" 200 195 "" "git/2.14.3 (Apple Git-98)"
172.17.0.4 - - [26/Jan/2018:10:12:31 +0000] "POST /api/v4/jobs/request HTTP/1.1" 204 0 "" "gitlab-runner 10.4.0 (10-4-stable; go1.8.5; linux/amd64)"
172.17.0.4 - - [26/Jan/2018:10:12:32 +0000] "POST /api/v4/jobs/request HTTP/1.1" 204 0 "" "gitlab-runner 10.4.0 (10-4-stable; go1.8.5; linux/amd64)"
172.17.0.4 - - [26/Jan/2018:10:12:33 +0000] "POST /api/v4/jobs/request HTTP/1.1" 204 0 "" "gitlab-runner 10.4.0 (10-4-stable; go1.8.5; linux/amd64)"
172.17.0.1 - - [26/Jan/2018:10:12:34 +0000] "GET /root/test/-/jobs HTTP/1.1" 200 7335 "http://gitlab.example.com:30080/root/test/settings/ci_cd" "Mozilla/5.0 (Macintosh; Intel Mac OS X 10_13_2) AppleWebKit/537.36 (KHTML, like Gecko) Chrome/63.0.3239.132 Safari/537.36"
172.17.0.1 - - [26/Jan/2018:10:12:34 +0000] "GET /assets/favicon-075eba76312e8421991a0c1f89a89ee81678bcde72319dd3e8047e2a47cd3a42.ico HTTP/1.1" 200 1384 "http://gitlab.example.com:30080/root/test/-/jobs" "Mozilla/5.0 (Macintosh; Intel Mac OS X 10_13_2) AppleWebKit/537.36 (KHTML, like Gecko) Chrome/63.0.3239.132 Safari/537.36"
172.17.0.4 - - [26/Jan/2018:10:12:35 +0000] "POST /api/v4/jobs/request HTTP/1.1" 204 0 "" "gitlab-runner 10.4.0 (10-4-stable; go1.8.5; linux/amd64)"
172.17.0.1 - root [26/Jan/2018:10:12:35 +0000] "POST /root/test.git/git-receive-pack HTTP/1.1" 200 52 "" "git/2.14.3 (Apple Git-98)"
172.17.0.4 - - [26/Jan/2018:10:12:36 +0000] "POST /api/v4/jobs/request HTTP/1.1" 204 0 "" "gitlab-runner 10.4.0 (10-4-stable; go1.8.5; linux/amd64)"
172.17.0.1 - - [26/Jan/2018:10:12:37 +0000] "GET /root/test/-/jobs HTTP/1.1" 200 7337 "http://gitlab.example.com:30080/root/test/settings/ci_cd" "Mozilla/5.0 (Macintosh; Intel Mac OS X 10_13_2) AppleWebKit/537.36 (KHTML, like Gecko) Chrome/63.0.3239.132 Safari/537.36"
172.17.0.1 - - [26/Jan/2018:10:12:37 +0000] "GET /assets/favicon-075eba76312e8421991a0c1f89a89ee81678bcde72319dd3e8047e2a47cd3a42.ico HTTP/1.1" 200 1384 "http://gitlab.example.com:30080/root/test/-/jobs" "Mozilla/5.0 (Macintosh; Intel Mac OS X 10_13_2) AppleWebKit/537.36 (KHTML, like Gecko) Chrome/63.0.3239.132 Safari/537.36"
172.17.0.4 - - [26/Jan/2018:10:12:38 +0000] "POST /api/v4/jobs/request HTTP/1.1" 204 0 "" "gitlab-runner 10.4.0 (10-4-stable; go1.8.5; linux/amd64)"
172.17.0.4 - - [26/Jan/2018:10:12:39 +0000] "POST /api/v4/jobs/request HTTP/1.1" 204 0 "" "gitlab-runner 10.4.0 (10-4-stable; go1.8.5; linux/amd64)"
172.17.0.4 - - [26/Jan/2018:10:12:41 +0000] "POST /api/v4/jobs/request HTTP/1.1" 204 0 "" "gitlab-runner 10.4.0 (10-4-stable; go1.8.5; linux/amd64)"
172.17.0.1 - - [26/Jan/2018:10:12:42 +0000] "GET /root/test/settings/ci_cd HTTP/1.1" 200 13863 "http://gitlab.example.com:30080/root/test/-/jobs" "Mozilla/5.0 (Macintosh; Intel Mac OS X 10_13_2) AppleWebKit/537.36 (KHTML, like Gecko) Chrome/63.0.3239.132 Safari/537.36"
172.17.0.4 - - [26/Jan/2018:10:12:42 +0000] "POST /api/v4/jobs/request HTTP/1.1" 204 0 "" "gitlab-runner 10.4.0 (10-4-stable; go1.8.5; linux/amd64)"
172.17.0.1 - - [26/Jan/2018:10:12:43 +0000] "GET /root/test/badges/master/pipeline.svg HTTP/1.1" 200 948 "http://gitlab.example.com:30080/root/test/settings/ci_cd" "Mozilla/5.0 (Macintosh; Intel Mac OS X 10_13_2) AppleWebKit/537.36 (KHTML, like Gecko) Chrome/63.0.3239.132 Safari/537.36"
172.17.0.1 - - [26/Jan/2018:10:12:43 +0000] "GET /root/test/badges/master/coverage.svg HTTP/1.1" 200 950 "http://gitlab.example.com:30080/root/test/settings/ci_cd" "Mozilla/5.0 (Macintosh; Intel Mac OS X 10_13_2) AppleWebKit/537.36 (KHTML, like Gecko) Chrome/63.0.3239.132 Safari/537.36"
172.17.0.4 - - [26/Jan/2018:10:12:44 +0000] "POST /api/v4/jobs/request HTTP/1.1" 204 0 "" "gitlab-runner 10.4.0 (10-4-stable; go1.8.5; linux/amd64)"
172.17.0.4 - - [26/Jan/2018:10:12:45 +0000] "POST /api/v4/jobs/request HTTP/1.1" 204 0 "" "gitlab-runner 10.4.0 (10-4-stable; go1.8.5; linux/amd64)"
172.17.0.4 - - [26/Jan/2018:10:12:47 +0000] "POST /api/v4/jobs/request HTTP/1.1" 204 0 "" "gitlab-runner 10.4.0 (10-4-stable; go1.8.5; linux/amd64)"
172.17.0.4 - - [26/Jan/2018:10:12:48 +0000] "POST /api/v4/jobs/request HTTP/1.1" 204 0 "" "gitlab-runner 10.4.0 (10-4-stable; go1.8.5; linux/amd64)"
172.17.0.4 - - [26/Jan/2018:10:12:50 +0000] "POST /api/v4/jobs/request HTTP/1.1" 204 0 "" "gitlab-runner 10.4.0 (10-4-stable; go1.8.5; linux/amd64)"
172.17.0.4 - - [26/Jan/2018:10:12:51 +0000] "POST /api/v4/jobs/request HTTP/1.1" 204 0 "" "gitlab-runner 10.4.0 (10-4-stable; go1.8.5; linux/amd64)"
172.17.0.1 - - [26/Jan/2018:10:12:52 +0000] "POST /root/test/runners/1 HTTP/1.1" 302 115 "http://gitlab.example.com:30080/root/test/settings/ci_cd" "Mozilla/5.0 (Macintosh; Intel Mac OS X 10_13_2) AppleWebKit/537.36 (KHTML, like Gecko) Chrome/63.0.3239.132 Safari/537.36"
172.17.0.1 - - [26/Jan/2018:10:12:53 +0000] "GET /root/test/runners HTTP/1.1" 302 122 "http://gitlab.example.com:30080/root/test/settings/ci_cd" "Mozilla/5.0 (Macintosh; Intel Mac OS X 10_13_2) AppleWebKit/537.36 (KHTML, like Gecko) Chrome/63.0.3239.132 Safari/537.36"
172.17.0.4 - - [26/Jan/2018:10:12:53 +0000] "POST /api/v4/jobs/request HTTP/1.1" 403 58 "" "gitlab-runner 10.4.0 (10-4-stable; go1.8.5; linux/amd64)"
172.17.0.1 - - [26/Jan/2018:10:12:54 +0000] "GET /root/test/settings/ci_cd HTTP/1.1" 200 13792 "http://gitlab.example.com:30080/root/test/settings/ci_cd" "Mozilla/5.0 (Macintosh; Intel Mac OS X 10_13_2) AppleWebKit/537.36 (KHTML, like Gecko) Chrome/63.0.3239.132 Safari/537.36"
172.17.0.4 - - [26/Jan/2018:10:12:54 +0000] "POST /api/v4/jobs/request HTTP/1.1" 204 0 "" "gitlab-runner 10.4.0 (10-4-stable; go1.8.5; linux/amd64)"
172.17.0.1 - - [26/Jan/2018:10:12:55 +0000] "GET /root/test/badges/master/coverage.svg HTTP/1.1" 200 950 "http://gitlab.example.com:30080/root/test/settings/ci_cd" "Mozilla/5.0 (Macintosh; Intel Mac OS X 10_13_2) AppleWebKit/537.36 (KHTML, like Gecko) Chrome/63.0.3239.132 Safari/537.36"
172.17.0.1 - - [26/Jan/2018:10:12:55 +0000] "GET /root/test/badges/master/pipeline.svg HTTP/1.1" 200 948 "http://gitlab.example.com:30080/root/test/settings/ci_cd" "Mozilla/5.0 (Macintosh; Intel Mac OS X 10_13_2) AppleWebKit/537.36 (KHTML, like Gecko) Chrome/63.0.3239.132 Safari/537.36"
172.17.0.4 - - [26/Jan/2018:10:12:56 +0000] "POST /api/v4/jobs/request HTTP/1.1" 403 58 "" "gitlab-runner 10.4.0 (10-4-stable; go1.8.5; linux/amd64)"
172.17.0.4 - - [26/Jan/2018:10:12:57 +0000] "POST /api/v4/jobs/request HTTP/1.1" 204 0 "" "gitlab-runner 10.4.0 (10-4-stable; go1.8.5; linux/amd64)"
172.17.0.4 - - [26/Jan/2018:10:12:59 +0000] "POST /api/v4/jobs/request HTTP/1.1" 403 58 "" "gitlab-runner 10.4.0 (10-4-stable; go1.8.5; linux/amd64)"
172.17.0.1 - - [26/Jan/2018:10:12:59 +0000] "GET /root/test/-/jobs HTTP/1.1" 200 7339 "http://gitlab.example.com:30080/root/test/settings/ci_cd" "Mozilla/5.0 (Macintosh; Intel Mac OS X 10_13_2) AppleWebKit/537.36 (KHTML, like Gecko) Chrome/63.0.3239.132 Safari/537.36"
172.17.0.4 - - [26/Jan/2018:10:13:00 +0000] "POST /api/v4/jobs/request HTTP/1.1" 204 0 "" "gitlab-runner 10.4.0 (10-4-stable; go1.8.5; linux/amd64)"
127.0.0.1 - - [26/Jan/2018:10:13:02 +0000] "GET /help HTTP/1.1" 200 29722 "" "curl/7.56.1"
172.17.0.1 - - [26/Jan/2018:10:13:02 +0000] "GET /ci/lint HTTP/1.1" 200 5687 "http://gitlab.example.com:30080/root/test/-/jobs" "Mozilla/5.0 (Macintosh; Intel Mac OS X 10_13_2) AppleWebKit/537.36 (KHTML, like Gecko) Chrome/63.0.3239.132 Safari/537.36"
172.17.0.1 - - [26/Jan/2018:10:13:03 +0000] "GET /assets/ace/mode-yaml-c78601583d5121731cb73bd9fd1a22760829d17b4a894d343e4b0386b2146949.js HTTP/1.1" 200 1437 "http://gitlab.example.com:30080/ci/lint" "Mozilla/5.0 (Macintosh; Intel Mac OS X 10_13_2) AppleWebKit/537.36 (KHTML, like Gecko) Chrome/63.0.3239.132 Safari/537.36"
172.17.0.4 - - [26/Jan/2018:10:13:03 +0000] "POST /api/v4/jobs/request HTTP/1.1" 204 0 "" "gitlab-runner 10.4.0 (10-4-stable; go1.8.5; linux/amd64)"
172.17.0.4 - - [26/Jan/2018:10:13:06 +0000] "POST /api/v4/jobs/request HTTP/1.1" 204 0 "" "gitlab-runner 10.4.0 (10-4-stable; go1.8.5; linux/amd64)"
172.17.0.4 - - [26/Jan/2018:10:13:09 +0000] "POST /api/v4/jobs/request HTTP/1.1" 204 0 "" "gitlab-runner 10.4.0 (10-4-stable; go1.8.5; linux/amd64)"
172.17.0.4 - - [26/Jan/2018:10:13:12 +0000] "POST /api/v4/jobs/request HTTP/1.1" 204 0 "" "gitlab-runner 10.4.0 (10-4-stable; go1.8.5; linux/amd64)"
172.17.0.4 - - [26/Jan/2018:10:13:15 +0000] "POST /api/v4/jobs/request HTTP/1.1" 204 0 "" "gitlab-runner 10.4.0 (10-4-stable; go1.8.5; linux/amd64)"
172.17.0.4 - - [26/Jan/2018:10:13:19 +0000] "POST /api/v4/jobs/request HTTP/1.1" 204 0 "" "gitlab-runner 10.4.0 (10-4-stable; go1.8.5; linux/amd64)"
172.17.0.4 - - [26/Jan/2018:10:13:21 +0000] "POST /api/v4/jobs/request HTTP/1.1" 204 0 "" "gitlab-runner 10.4.0 (10-4-stable; go1.8.5; linux/amd64)"
172.17.0.4 - - [26/Jan/2018:10:13:24 +0000] "POST /api/v4/jobs/request HTTP/1.1" 204 0 "" "gitlab-runner 10.4.0 (10-4-stable; go1.8.5; linux/amd64)"
172.17.0.4 - - [26/Jan/2018:10:13:27 +0000] "POST /api/v4/jobs/request HTTP/1.1" 204 0 "" "gitlab-runner 10.4.0 (10-4-stable; go1.8.5; linux/amd64)"
172.17.0.4 - - [26/Jan/2018:10:13:30 +0000] "POST /api/v4/jobs/request HTTP/1.1" 204 0 "" "gitlab-runner 10.4.0 (10-4-stable; go1.8.5; linux/amd64)"
172.17.0.4 - - [26/Jan/2018:10:13:33 +0000] "POST /api/v4/jobs/request HTTP/1.1" 204 0 "" "gitlab-runner 10.4.0 (10-4-stable; go1.8.5; linux/amd64)"
172.17.0.4 - - [26/Jan/2018:10:13:36 +0000] "POST /api/v4/jobs/request HTTP/1.1" 204 0 "" "gitlab-runner 10.4.0 (10-4-stable; go1.8.5; linux/amd64)"
172.17.0.4 - - [26/Jan/2018:10:13:39 +0000] "POST /api/v4/jobs/request HTTP/1.1" 204 0 "" "gitlab-runner 10.4.0 (10-4-stable; go1.8.5; linux/amd64)"
172.17.0.4 - - [26/Jan/2018:10:13:42 +0000] "POST /api/v4/jobs/request HTTP/1.1" 204 0 "" "gitlab-runner 10.4.0 (10-4-stable; go1.8.5; linux/amd64)"
172.17.0.4 - - [26/Jan/2018:10:13:45 +0000] "POST /api/v4/jobs/request HTTP/1.1" 204 0 "" "gitlab-runner 10.4.0 (10-4-stable; go1.8.5; linux/amd64)"
172.17.0.4 - - [26/Jan/2018:10:13:49 +0000] "POST /api/v4/jobs/request HTTP/1.1" 204 0 "" "gitlab-runner 10.4.0 (10-4-stable; go1.8.5; linux/amd64)"
172.17.0.4 - - [26/Jan/2018:10:13:52 +0000] "POST /api/v4/jobs/request HTTP/1.1" 204 0 "" "gitlab-runner 10.4.0 (10-4-stable; go1.8.5; linux/amd64)"
172.17.0.4 - - [26/Jan/2018:10:13:55 +0000] "POST /api/v4/jobs/request HTTP/1.1" 204 0 "" "gitlab-runner 10.4.0 (10-4-stable; go1.8.5; linux/amd64)"
172.17.0.4 - - [26/Jan/2018:10:13:58 +0000] "POST /api/v4/jobs/request HTTP/1.1" 204 0 "" "gitlab-runner 10.4.0 (10-4-stable; go1.8.5; linux/amd64)"
172.17.0.4 - - [26/Jan/2018:10:14:01 +0000] "POST /api/v4/jobs/request HTTP/1.1" 204 0 "" "gitlab-runner 10.4.0 (10-4-stable; go1.8.5; linux/amd64)"
127.0.0.1 - - [26/Jan/2018:10:14:02 +0000] "GET /help HTTP/1.1" 200 29722 "" "curl/7.56.1"
172.17.0.4 - - [26/Jan/2018:10:14:04 +0000] "POST /api/v4/jobs/request HTTP/1.1" 204 0 "" "gitlab-runner 10.4.0 (10-4-stable; go1.8.5; linux/amd64)"
172.17.0.4 - - [26/Jan/2018:10:14:07 +0000] "POST /api/v4/jobs/request HTTP/1.1" 204 0 "" "gitlab-runner 10.4.0 (10-4-stable; go1.8.5; linux/amd64)"
172.17.0.4 - - [26/Jan/2018:10:14:10 +0000] "POST /api/v4/jobs/request HTTP/1.1" 204 0 "" "gitlab-runner 10.4.0 (10-4-stable; go1.8.5; linux/amd64)"
172.17.0.4 - - [26/Jan/2018:10:14:13 +0000] "POST /api/v4/jobs/request HTTP/1.1" 204 0 "" "gitlab-runner 10.4.0 (10-4-stable; go1.8.5; linux/amd64)"
172.17.0.4 - - [26/Jan/2018:10:14:16 +0000] "POST /api/v4/jobs/request HTTP/1.1" 204 0 "" "gitlab-runner 10.4.0 (10-4-stable; go1.8.5; linux/amd64)"
172.17.0.4 - - [26/Jan/2018:10:14:19 +0000] "POST /api/v4/jobs/request HTTP/1.1" 204 0 "" "gitlab-runner 10.4.0 (10-4-stable; go1.8.5; linux/amd64)"
172.17.0.4 - - [26/Jan/2018:10:14:22 +0000] "POST /api/v4/jobs/request HTTP/1.1" 204 0 "" "gitlab-runner 10.4.0 (10-4-stable; go1.8.5; linux/amd64)"
172.17.0.4 - - [26/Jan/2018:10:14:25 +0000] "POST /api/v4/jobs/request HTTP/1.1" 204 0 "" "gitlab-runner 10.4.0 (10-4-stable; go1.8.5; linux/amd64)"
172.17.0.1 - - [26/Jan/2018:10:14:25 +0000] "POST /ci/lint HTTP/1.1" 200 6042 "http://gitlab.example.com:30080/ci/lint" "Mozilla/5.0 (Macintosh; Intel Mac OS X 10_13_2) AppleWebKit/537.36 (KHTML, like Gecko) Chrome/63.0.3239.132 Safari/537.36"
172.17.0.4 - - [26/Jan/2018:10:14:28 +0000] "POST /api/v4/jobs/request HTTP/1.1" 204 0 "" "gitlab-runner 10.4.0 (10-4-stable; go1.8.5; linux/amd64)"
172.17.0.4 - - [26/Jan/2018:10:14:31 +0000] "POST /api/v4/jobs/request HTTP/1.1" 204 0 "" "gitlab-runner 10.4.0 (10-4-stable; go1.8.5; linux/amd64)"
172.17.0.4 - - [26/Jan/2018:10:14:34 +0000] "POST /api/v4/jobs/request HTTP/1.1" 204 0 "" "gitlab-runner 10.4.0 (10-4-stable; go1.8.5; linux/amd64)"
172.17.0.4 - - [26/Jan/2018:10:14:37 +0000] "POST /api/v4/jobs/request HTTP/1.1" 204 0 "" "gitlab-runner 10.4.0 (10-4-stable; go1.8.5; linux/amd64)"
172.17.0.4 - - [26/Jan/2018:10:14:40 +0000] "POST /api/v4/jobs/request HTTP/1.1" 204 0 "" "gitlab-runner 10.4.0 (10-4-stable; go1.8.5; linux/amd64)"
172.17.0.1 - - [26/Jan/2018:10:14:42 +0000] "POST /ci/lint HTTP/1.1" 200 6038 "http://gitlab.example.com:30080/ci/lint" "Mozilla/5.0 (Macintosh; Intel Mac OS X 10_13_2) AppleWebKit/537.36 (KHTML, like Gecko) Chrome/63.0.3239.132 Safari/537.36"
172.17.0.4 - - [26/Jan/2018:10:14:43 +0000] "POST /api/v4/jobs/request HTTP/1.1" 204 0 "" "gitlab-runner 10.4.0 (10-4-stable; go1.8.5; linux/amd64)"
172.17.0.4 - - [26/Jan/2018:10:14:46 +0000] "POST /api/v4/jobs/request HTTP/1.1" 204 0 "" "gitlab-runner 10.4.0 (10-4-stable; go1.8.5; linux/amd64)"
172.17.0.4 - - [26/Jan/2018:10:14:49 +0000] "POST /api/v4/jobs/request HTTP/1.1" 204 0 "" "gitlab-runner 10.4.0 (10-4-stable; go1.8.5; linux/amd64)"
172.17.0.1 - - [26/Jan/2018:10:14:51 +0000] "GET /root/test HTTP/1.1" 200 13725 "http://gitlab.example.com:30080/ci/lint" "Mozilla/5.0 (Macintosh; Intel Mac OS X 10_13_2) AppleWebKit/537.36 (KHTML, like Gecko) Chrome/63.0.3239.132 Safari/537.36"
172.17.0.4 - - [26/Jan/2018:10:14:52 +0000] "POST /api/v4/jobs/request HTTP/1.1" 204 0 "" "gitlab-runner 10.4.0 (10-4-stable; go1.8.5; linux/amd64)"
172.17.0.1 - - [26/Jan/2018:10:14:52 +0000] "GET /root/test/blob/master/README.md?format=json&viewer=rich HTTP/1.1" 200 460 "http://gitlab.example.com:30080/root/test" "Mozilla/5.0 (Macintosh; Intel Mac OS X 10_13_2) AppleWebKit/537.36 (KHTML, like Gecko) Chrome/63.0.3239.132 Safari/537.36"
172.17.0.1 - - [26/Jan/2018:10:14:52 +0000] "GET /root/test/refs/master/logs_tree/?_=1516961675733 HTTP/1.1" 200 617 "http://gitlab.example.com:30080/root/test" "Mozilla/5.0 (Macintosh; Intel Mac OS X 10_13_2) AppleWebKit/537.36 (KHTML, like Gecko) Chrome/63.0.3239.132 Safari/537.36"
172.17.0.4 - - [26/Jan/2018:10:14:55 +0000] "POST /api/v4/jobs/request HTTP/1.1" 204 0 "" "gitlab-runner 10.4.0 (10-4-stable; go1.8.5; linux/amd64)"
172.17.0.1 - - [26/Jan/2018:10:14:55 +0000] "GET /root/test/pipelines HTTP/1.1" 200 7552 "http://gitlab.example.com:30080/root/test" "Mozilla/5.0 (Macintosh; Intel Mac OS X 10_13_2) AppleWebKit/537.36 (KHTML, like Gecko) Chrome/63.0.3239.132 Safari/537.36"
172.17.0.1 - - [26/Jan/2018:10:14:57 +0000] "GET /root/test/pipelines.json?scope=all&page=1 HTTP/1.1" 200 1106 "http://gitlab.example.com:30080/root/test/pipelines" "Mozilla/5.0 (Macintosh; Intel Mac OS X 10_13_2) AppleWebKit/537.36 (KHTML, like Gecko) Chrome/63.0.3239.132 Safari/537.36"
172.17.0.4 - - [26/Jan/2018:10:14:58 +0000] "POST /api/v4/jobs/request HTTP/1.1" 204 0 "" "gitlab-runner 10.4.0 (10-4-stable; go1.8.5; linux/amd64)"
172.17.0.4 - - [26/Jan/2018:10:15:01 +0000] "POST /api/v4/jobs/request HTTP/1.1" 204 0 "" "gitlab-runner 10.4.0 (10-4-stable; go1.8.5; linux/amd64)"
127.0.0.1 - - [26/Jan/2018:10:15:02 +0000] "GET /help HTTP/1.1" 200 29722 "" "curl/7.56.1"
172.17.0.4 - - [26/Jan/2018:10:15:04 +0000] "POST /api/v4/jobs/request HTTP/1.1" 204 0 "" "gitlab-runner 10.4.0 (10-4-stable; go1.8.5; linux/amd64)"
172.17.0.1 - - [26/Jan/2018:10:15:06 +0000] "GET /root/test/pipelines/2 HTTP/1.1" 200 8229 "http://gitlab.example.com:30080/root/test/pipelines" "Mozilla/5.0 (Macintosh; Intel Mac OS X 10_13_2) AppleWebKit/537.36 (KHTML, like Gecko) Chrome/63.0.3239.132 Safari/537.36"
172.17.0.4 - - [26/Jan/2018:10:15:07 +0000] "POST /api/v4/jobs/request HTTP/1.1" 204 0 "" "gitlab-runner 10.4.0 (10-4-stable; go1.8.5; linux/amd64)"
172.17.0.1 - - [26/Jan/2018:10:15:07 +0000] "GET /root/test/pipelines/2/status.json HTTP/1.1" 200 192 "http://gitlab.example.com:30080/root/test/pipelines/2" "Mozilla/5.0 (Macintosh; Intel Mac OS X 10_13_2) AppleWebKit/537.36 (KHTML, like Gecko) Chrome/63.0.3239.132 Safari/537.36"
172.17.0.1 - - [26/Jan/2018:10:15:07 +0000] "GET /root/test/pipelines/2.json HTTP/1.1" 200 906 "http://gitlab.example.com:30080/root/test/pipelines/2" "Mozilla/5.0 (Macintosh; Intel Mac OS X 10_13_2) AppleWebKit/537.36 (KHTML, like Gecko) Chrome/63.0.3239.132 Safari/537.36"
172.17.0.4 - - [26/Jan/2018:10:15:10 +0000] "POST /api/v4/jobs/request HTTP/1.1" 204 0 "" "gitlab-runner 10.4.0 (10-4-stable; go1.8.5; linux/amd64)"
172.17.0.4 - - [26/Jan/2018:10:15:13 +0000] "POST /api/v4/jobs/request HTTP/1.1" 204 0 "" "gitlab-runner 10.4.0 (10-4-stable; go1.8.5; linux/amd64)"
172.17.0.4 - - [26/Jan/2018:10:15:16 +0000] "POST /api/v4/jobs/request HTTP/1.1" 204 0 "" "gitlab-runner 10.4.0 (10-4-stable; go1.8.5; linux/amd64)"
172.17.0.1 - - [26/Jan/2018:10:15:17 +0000] "GET /root/test/pipelines/2.json HTTP/1.1" 304 0 "http://gitlab.example.com:30080/root/test/pipelines/2" "Mozilla/5.0 (Macintosh; Intel Mac OS X 10_13_2) AppleWebKit/537.36 (KHTML, like Gecko) Chrome/63.0.3239.132 Safari/537.36"
172.17.0.4 - - [26/Jan/2018:10:15:19 +0000] "POST /api/v4/jobs/request HTTP/1.1" 204 0 "" "gitlab-runner 10.4.0 (10-4-stable; go1.8.5; linux/amd64)"
172.17.0.4 - - [26/Jan/2018:10:15:22 +0000] "POST /api/v4/jobs/request HTTP/1.1" 204 0 "" "gitlab-runner 10.4.0 (10-4-stable; go1.8.5; linux/amd64)"
172.17.0.4 - - [26/Jan/2018:10:15:25 +0000] "POST /api/v4/jobs/request HTTP/1.1" 204 0 "" "gitlab-runner 10.4.0 (10-4-stable; go1.8.5; linux/amd64)"
