172.17.0.1 - - [26/Jan/2018:11:37:46 +0000] "GET /root/test/settings/ci_cd HTTP/1.1" 404 1565 "http://gitlab.example.com:30080/root/test/pipelines" "Mozilla/5.0 (Macintosh; Intel Mac OS X 10_13_2) AppleWebKit/537.36 (KHTML, like Gecko) Chrome/63.0.3239.132 Safari/537.36"
172.17.0.1 - - [26/Jan/2018:11:37:46 +0000] "GET /favicon.ico HTTP/1.1" 200 5430 "http://gitlab.example.com:30080/root/test/settings/ci_cd" "Mozilla/5.0 (Macintosh; Intel Mac OS X 10_13_2) AppleWebKit/537.36 (KHTML, like Gecko) Chrome/63.0.3239.132 Safari/537.36"
172.17.0.1 - - [26/Jan/2018:11:38:01 +0000] "GET /root/test/settings/ci_cd HTTP/1.1" 404 1565 "" "Mozilla/5.0 (Macintosh; Intel Mac OS X 10_13_2) AppleWebKit/537.36 (KHTML, like Gecko) Chrome/63.0.3239.132 Safari/537.36"
172.17.0.1 - - [26/Jan/2018:11:38:04 +0000] "GET / HTTP/1.1" 302 111 "" "Mozilla/5.0 (Macintosh; Intel Mac OS X 10_13_2) AppleWebKit/537.36 (KHTML, like Gecko) Chrome/63.0.3239.132 Safari/537.36"
172.17.0.1 - - [26/Jan/2018:11:38:05 +0000] "GET /users/sign_in HTTP/1.1" 200 4058 "" "Mozilla/5.0 (Macintosh; Intel Mac OS X 10_13_2) AppleWebKit/537.36 (KHTML, like Gecko) Chrome/63.0.3239.132 Safari/537.36"
127.0.0.1 - - [26/Jan/2018:11:38:13 +0000] "GET /help HTTP/1.1" 200 29686 "" "curl/7.56.1"
172.17.0.1 - - [26/Jan/2018:11:38:16 +0000] "POST /users/sign_in HTTP/1.1" 302 98 "http://gitlab.example.com:30080/users/sign_in" "Mozilla/5.0 (Macintosh; Intel Mac OS X 10_13_2) AppleWebKit/537.36 (KHTML, like Gecko) Chrome/63.0.3239.132 Safari/537.36"
172.17.0.1 - - [26/Jan/2018:11:38:19 +0000] "GET / HTTP/1.1" 200 6438 "http://gitlab.example.com:30080/users/sign_in" "Mozilla/5.0 (Macintosh; Intel Mac OS X 10_13_2) AppleWebKit/537.36 (KHTML, like Gecko) Chrome/63.0.3239.132 Safari/537.36"
172.17.0.1 - - [26/Jan/2018:11:38:30 +0000] "GET / HTTP/1.1" 200 6437 "http://gitlab.example.com:30080/" "Mozilla/5.0 (Macintosh; Intel Mac OS X 10_13_2) AppleWebKit/537.36 (KHTML, like Gecko) Chrome/63.0.3239.132 Safari/537.36"
172.17.0.1 - - [26/Jan/2018:11:38:35 +0000] "GET /root/test HTTP/1.1" 200 13678 "http://gitlab.example.com:30080/" "Mozilla/5.0 (Macintosh; Intel Mac OS X 10_13_2) AppleWebKit/537.36 (KHTML, like Gecko) Chrome/63.0.3239.132 Safari/537.36"
172.17.0.1 - - [26/Jan/2018:11:38:35 +0000] "GET /assets/webpack/blob.bd562d1619ed4765ef56.bundle.js HTTP/1.1" 200 4263 "http://gitlab.example.com:30080/root/test" "Mozilla/5.0 (Macintosh; Intel Mac OS X 10_13_2) AppleWebKit/537.36 (KHTML, like Gecko) Chrome/63.0.3239.132 Safari/537.36"
172.17.0.1 - - [26/Jan/2018:11:38:36 +0000] "GET /root/test/blob/master/README.md?format=json&viewer=rich HTTP/1.1" 200 461 "http://gitlab.example.com:30080/root/test" "Mozilla/5.0 (Macintosh; Intel Mac OS X 10_13_2) AppleWebKit/537.36 (KHTML, like Gecko) Chrome/63.0.3239.132 Safari/537.36"
172.17.0.1 - - [26/Jan/2018:11:38:36 +0000] "GET /assets/icon_anchor-297aa9b0225eff3d6d0da74ce042a0ed5575b92aa66b7109a5e060a795b42e36.svg HTTP/1.1" 200 496 "http://gitlab.example.com:30080/assets/application-b73260534c0f12802bd7003ef4f9ed6f7ddfd08d0e89bbba8a6c13f85b3e1ce8.css" "Mozilla/5.0 (Macintosh; Intel Mac OS X 10_13_2) AppleWebKit/537.36 (KHTML, like Gecko) Chrome/63.0.3239.132 Safari/537.36"
172.17.0.1 - - [26/Jan/2018:11:38:37 +0000] "GET /root/test/refs/master/logs_tree/?_=1516966715067 HTTP/1.1" 200 592 "http://gitlab.example.com:30080/root/test" "Mozilla/5.0 (Macintosh; Intel Mac OS X 10_13_2) AppleWebKit/537.36 (KHTML, like Gecko) Chrome/63.0.3239.132 Safari/537.36"
172.17.0.1 - - [26/Jan/2018:11:38:39 +0000] "GET /root/test/settings/ci_cd HTTP/1.1" 200 13420 "http://gitlab.example.com:30080/root/test" "Mozilla/5.0 (Macintosh; Intel Mac OS X 10_13_2) AppleWebKit/537.36 (KHTML, like Gecko) Chrome/63.0.3239.132 Safari/537.36"
127.0.0.1 - - [26/Jan/2018:11:39:13 +0000] "GET /help HTTP/1.1" 200 29655 "" "curl/7.56.1"
127.0.0.1 - - [26/Jan/2018:11:40:14 +0000] "GET /help HTTP/1.1" 200 29686 "" "curl/7.56.1"
127.0.0.1 - - [26/Jan/2018:11:41:14 +0000] "GET /help HTTP/1.1" 200 29686 "" "curl/7.56.1"
172.17.0.4 - - [26/Jan/2018:11:42:09 +0000] "POST /api/v4/runners HTTP/1.1" 201 49 "" "gitlab-runner 10.4.0 (10-4-stable; go1.8.5; linux/amd64)"
127.0.0.1 - - [26/Jan/2018:11:42:15 +0000] "GET /help HTTP/1.1" 200 29686 "" "curl/7.56.1"
172.17.0.4 - - [26/Jan/2018:11:42:22 +0000] "POST /api/v4/jobs/request HTTP/1.1" 204 0 "" "gitlab-runner 10.4.0 (10-4-stable; go1.8.5; linux/amd64)"
172.17.0.4 - - [26/Jan/2018:11:42:25 +0000] "POST /api/v4/jobs/request HTTP/1.1" 204 0 "" "gitlab-runner 10.4.0 (10-4-stable; go1.8.5; linux/amd64)"
172.17.0.4 - - [26/Jan/2018:11:42:28 +0000] "POST /api/v4/jobs/request HTTP/1.1" 204 0 "" "gitlab-runner 10.4.0 (10-4-stable; go1.8.5; linux/amd64)"
172.17.0.4 - - [26/Jan/2018:11:42:31 +0000] "POST /api/v4/jobs/request HTTP/1.1" 204 0 "" "gitlab-runner 10.4.0 (10-4-stable; go1.8.5; linux/amd64)"
172.17.0.4 - - [26/Jan/2018:11:42:34 +0000] "POST /api/v4/jobs/request HTTP/1.1" 204 0 "" "gitlab-runner 10.4.0 (10-4-stable; go1.8.5; linux/amd64)"
172.17.0.4 - - [26/Jan/2018:11:42:37 +0000] "POST /api/v4/jobs/request HTTP/1.1" 204 0 "" "gitlab-runner 10.4.0 (10-4-stable; go1.8.5; linux/amd64)"
172.17.0.4 - - [26/Jan/2018:11:42:40 +0000] "POST /api/v4/jobs/request HTTP/1.1" 204 0 "" "gitlab-runner 10.4.0 (10-4-stable; go1.8.5; linux/amd64)"
172.17.0.4 - - [26/Jan/2018:11:42:43 +0000] "POST /api/v4/jobs/request HTTP/1.1" 204 0 "" "gitlab-runner 10.4.0 (10-4-stable; go1.8.5; linux/amd64)"
172.17.0.4 - - [26/Jan/2018:11:42:46 +0000] "POST /api/v4/jobs/request HTTP/1.1" 204 0 "" "gitlab-runner 10.4.0 (10-4-stable; go1.8.5; linux/amd64)"
172.17.0.4 - - [26/Jan/2018:11:42:49 +0000] "POST /api/v4/jobs/request HTTP/1.1" 204 0 "" "gitlab-runner 10.4.0 (10-4-stable; go1.8.5; linux/amd64)"
172.17.0.4 - - [26/Jan/2018:11:42:52 +0000] "POST /api/v4/jobs/request HTTP/1.1" 204 0 "" "gitlab-runner 10.4.0 (10-4-stable; go1.8.5; linux/amd64)"
172.17.0.1 - - [26/Jan/2018:11:42:55 +0000] "GET /root/test/settings/ci_cd HTTP/1.1" 200 13735 "http://gitlab.example.com:30080/root/test" "Mozilla/5.0 (Macintosh; Intel Mac OS X 10_13_2) AppleWebKit/537.36 (KHTML, like Gecko) Chrome/63.0.3239.132 Safari/537.36"
172.17.0.4 - - [26/Jan/2018:11:42:55 +0000] "POST /api/v4/jobs/request HTTP/1.1" 204 0 "" "gitlab-runner 10.4.0 (10-4-stable; go1.8.5; linux/amd64)"
172.17.0.1 - - [26/Jan/2018:11:42:55 +0000] "GET /assets/favicon-075eba76312e8421991a0c1f89a89ee81678bcde72319dd3e8047e2a47cd3a42.ico HTTP/1.1" 200 1384 "http://gitlab.example.com:30080/root/test/settings/ci_cd" "Mozilla/5.0 (Macintosh; Intel Mac OS X 10_13_2) AppleWebKit/537.36 (KHTML, like Gecko) Chrome/63.0.3239.132 Safari/537.36"
172.17.0.4 - - [26/Jan/2018:11:42:58 +0000] "POST /api/v4/jobs/request HTTP/1.1" 204 0 "" "gitlab-runner 10.4.0 (10-4-stable; go1.8.5; linux/amd64)"
172.17.0.4 - - [26/Jan/2018:11:43:01 +0000] "POST /api/v4/jobs/request HTTP/1.1" 204 0 "" "gitlab-runner 10.4.0 (10-4-stable; go1.8.5; linux/amd64)"
172.17.0.4 - - [26/Jan/2018:11:43:04 +0000] "POST /api/v4/jobs/request HTTP/1.1" 204 0 "" "gitlab-runner 10.4.0 (10-4-stable; go1.8.5; linux/amd64)"
172.17.0.1 - - [26/Jan/2018:11:43:07 +0000] "GET /root/test/pipelines HTTP/1.1" 200 7556 "http://gitlab.example.com:30080/root/test/settings/ci_cd" "Mozilla/5.0 (Macintosh; Intel Mac OS X 10_13_2) AppleWebKit/537.36 (KHTML, like Gecko) Chrome/63.0.3239.132 Safari/537.36"
172.17.0.4 - - [26/Jan/2018:11:43:07 +0000] "POST /api/v4/jobs/request HTTP/1.1" 204 0 "" "gitlab-runner 10.4.0 (10-4-stable; go1.8.5; linux/amd64)"
172.17.0.1 - - [26/Jan/2018:11:43:09 +0000] "GET /root/test/pipelines.json?scope=all&page=1 HTTP/1.1" 200 1806 "http://gitlab.example.com:30080/root/test/pipelines" "Mozilla/5.0 (Macintosh; Intel Mac OS X 10_13_2) AppleWebKit/537.36 (KHTML, like Gecko) Chrome/63.0.3239.132 Safari/537.36"
172.17.0.4 - - [26/Jan/2018:11:43:10 +0000] "POST /api/v4/jobs/request HTTP/1.1" 204 0 "" "gitlab-runner 10.4.0 (10-4-stable; go1.8.5; linux/amd64)"
172.17.0.4 - - [26/Jan/2018:11:43:13 +0000] "POST /api/v4/jobs/request HTTP/1.1" 204 0 "" "gitlab-runner 10.4.0 (10-4-stable; go1.8.5; linux/amd64)"
127.0.0.1 - - [26/Jan/2018:11:43:15 +0000] "GET /help HTTP/1.1" 200 29686 "" "curl/7.56.1"
172.17.0.4 - - [26/Jan/2018:11:43:16 +0000] "POST /api/v4/jobs/request HTTP/1.1" 204 0 "" "gitlab-runner 10.4.0 (10-4-stable; go1.8.5; linux/amd64)"
172.17.0.1 - - [26/Jan/2018:11:43:19 +0000] "GET /root/test/pipelines.json?scope=all&page=1 HTTP/1.1" 304 0 "http://gitlab.example.com:30080/root/test/pipelines" "Mozilla/5.0 (Macintosh; Intel Mac OS X 10_13_2) AppleWebKit/537.36 (KHTML, like Gecko) Chrome/63.0.3239.132 Safari/537.36"
172.17.0.4 - - [26/Jan/2018:11:43:19 +0000] "POST /api/v4/jobs/request HTTP/1.1" 204 0 "" "gitlab-runner 10.4.0 (10-4-stable; go1.8.5; linux/amd64)"
172.17.0.4 - - [26/Jan/2018:11:43:22 +0000] "POST /api/v4/jobs/request HTTP/1.1" 204 0 "" "gitlab-runner 10.4.0 (10-4-stable; go1.8.5; linux/amd64)"
172.17.0.4 - - [26/Jan/2018:11:43:25 +0000] "POST /api/v4/jobs/request HTTP/1.1" 204 0 "" "gitlab-runner 10.4.0 (10-4-stable; go1.8.5; linux/amd64)"
172.17.0.4 - - [26/Jan/2018:11:43:28 +0000] "POST /api/v4/jobs/request HTTP/1.1" 204 0 "" "gitlab-runner 10.4.0 (10-4-stable; go1.8.5; linux/amd64)"
172.17.0.1 - - [26/Jan/2018:11:43:29 +0000] "GET /root/test/pipelines.json?scope=all&page=1 HTTP/1.1" 304 0 "http://gitlab.example.com:30080/root/test/pipelines" "Mozilla/5.0 (Macintosh; Intel Mac OS X 10_13_2) AppleWebKit/537.36 (KHTML, like Gecko) Chrome/63.0.3239.132 Safari/537.36"
172.17.0.1 - - [26/Jan/2018:11:43:31 +0000] "POST /root/test/pipelines/4/retry.json HTTP/1.1" 204 0 "http://gitlab.example.com:30080/root/test/pipelines" "Mozilla/5.0 (Macintosh; Intel Mac OS X 10_13_2) AppleWebKit/537.36 (KHTML, like Gecko) Chrome/63.0.3239.132 Safari/537.36"
172.17.0.1 - - [26/Jan/2018:11:43:31 +0000] "GET /root/test/pipelines.json?scope=all&page=1 HTTP/1.1" 304 0 "http://gitlab.example.com:30080/root/test/pipelines" "Mozilla/5.0 (Macintosh; Intel Mac OS X 10_13_2) AppleWebKit/537.36 (KHTML, like Gecko) Chrome/63.0.3239.132 Safari/537.36"
172.17.0.4 - - [26/Jan/2018:11:43:31 +0000] "POST /api/v4/jobs/request HTTP/1.1" 204 0 "" "gitlab-runner 10.4.0 (10-4-stable; go1.8.5; linux/amd64)"
172.17.0.4 - - [26/Jan/2018:11:43:35 +0000] "POST /api/v4/jobs/request HTTP/1.1" 201 3608 "" "gitlab-runner 10.4.0 (10-4-stable; go1.8.5; linux/amd64)"
172.17.0.4 - - [26/Jan/2018:11:43:38 +0000] "PUT /api/v4/jobs/12 HTTP/1.1" 200 4 "" "gitlab-runner 10.4.0 (10-4-stable; go1.8.5; linux/amd64)"
172.17.0.4 - - [26/Jan/2018:11:43:39 +0000] "PATCH /api/v4/jobs/12/trace HTTP/1.1" 202 7 "" "gitlab-runner 10.4.0 (10-4-stable; go1.8.5; linux/amd64)"
172.17.0.1 - - [26/Jan/2018:11:43:39 +0000] "GET /root/test/pipelines HTTP/1.1" 200 7552 "http://gitlab.example.com:30080/root/test/settings/ci_cd" "Mozilla/5.0 (Macintosh; Intel Mac OS X 10_13_2) AppleWebKit/537.36 (KHTML, like Gecko) Chrome/63.0.3239.132 Safari/537.36"
172.17.0.1 - - [26/Jan/2018:11:43:40 +0000] "GET /assets/favicon-075eba76312e8421991a0c1f89a89ee81678bcde72319dd3e8047e2a47cd3a42.ico HTTP/1.1" 200 1384 "http://gitlab.example.com:30080/root/test/pipelines" "Mozilla/5.0 (Macintosh; Intel Mac OS X 10_13_2) AppleWebKit/537.36 (KHTML, like Gecko) Chrome/63.0.3239.132 Safari/537.36"
172.17.0.1 - - [26/Jan/2018:11:43:41 +0000] "GET /root/test/pipelines.json?scope=all&page=1 HTTP/1.1" 200 1901 "http://gitlab.example.com:30080/root/test/pipelines" "Mozilla/5.0 (Macintosh; Intel Mac OS X 10_13_2) AppleWebKit/537.36 (KHTML, like Gecko) Chrome/63.0.3239.132 Safari/537.36"
172.17.0.4 - - [26/Jan/2018:11:43:42 +0000] "PATCH /api/v4/jobs/12/trace HTTP/1.1" 202 7 "" "gitlab-runner 10.4.0 (10-4-stable; go1.8.5; linux/amd64)"
172.17.0.4 - - [26/Jan/2018:11:43:45 +0000] "PATCH /api/v4/jobs/12/trace HTTP/1.1" 202 7 "" "gitlab-runner 10.4.0 (10-4-stable; go1.8.5; linux/amd64)"
172.17.0.1 - - [26/Jan/2018:11:43:46 +0000] "GET /root/test/pipelines/4 HTTP/1.1" 200 9417 "http://gitlab.example.com:30080/root/test/pipelines" "Mozilla/5.0 (Macintosh; Intel Mac OS X 10_13_2) AppleWebKit/537.36 (KHTML, like Gecko) Chrome/63.0.3239.132 Safari/537.36"
172.17.0.1 - - [26/Jan/2018:11:43:47 +0000] "GET /root/test/pipelines/4/status.json HTTP/1.1" 304 0 "http://gitlab.example.com:30080/root/test/pipelines/4" "Mozilla/5.0 (Macintosh; Intel Mac OS X 10_13_2) AppleWebKit/537.36 (KHTML, like Gecko) Chrome/63.0.3239.132 Safari/537.36"
172.17.0.1 - - [26/Jan/2018:11:43:48 +0000] "GET /root/test/pipelines/4.json HTTP/1.1" 200 1298 "http://gitlab.example.com:30080/root/test/pipelines/4" "Mozilla/5.0 (Macintosh; Intel Mac OS X 10_13_2) AppleWebKit/537.36 (KHTML, like Gecko) Chrome/63.0.3239.132 Safari/537.36"
172.17.0.4 - - [26/Jan/2018:11:43:48 +0000] "PUT /api/v4/jobs/12 HTTP/1.1" 200 4 "" "gitlab-runner 10.4.0 (10-4-stable; go1.8.5; linux/amd64)"
172.17.0.4 - - [26/Jan/2018:11:43:48 +0000] "POST /api/v4/jobs/request HTTP/1.1" 204 0 "" "gitlab-runner 10.4.0 (10-4-stable; go1.8.5; linux/amd64)"
172.17.0.4 - - [26/Jan/2018:11:43:51 +0000] "POST /api/v4/jobs/request HTTP/1.1" 204 0 "" "gitlab-runner 10.4.0 (10-4-stable; go1.8.5; linux/amd64)"
172.17.0.1 - - [26/Jan/2018:11:43:53 +0000] "GET /root/test/-/jobs/12 HTTP/1.1" 200 9277 "http://gitlab.example.com:30080/root/test/pipelines/4" "Mozilla/5.0 (Macintosh; Intel Mac OS X 10_13_2) AppleWebKit/537.36 (KHTML, like Gecko) Chrome/63.0.3239.132 Safari/537.36"
172.17.0.1 - - [26/Jan/2018:11:43:53 +0000] "GET /root/test/-/jobs/12/trace.json?state= HTTP/1.1" 200 855 "http://gitlab.example.com:30080/root/test/-/jobs/12" "Mozilla/5.0 (Macintosh; Intel Mac OS X 10_13_2) AppleWebKit/537.36 (KHTML, like Gecko) Chrome/63.0.3239.132 Safari/537.36"
172.17.0.1 - - [26/Jan/2018:11:43:54 +0000] "GET /root/test/-/jobs/12/status.json HTTP/1.1" 200 233 "http://gitlab.example.com:30080/root/test/-/jobs/12" "Mozilla/5.0 (Macintosh; Intel Mac OS X 10_13_2) AppleWebKit/537.36 (KHTML, like Gecko) Chrome/63.0.3239.132 Safari/537.36"
172.17.0.1 - - [26/Jan/2018:11:43:54 +0000] "GET /root/test/-/jobs/12.json HTTP/1.1" 200 1070 "http://gitlab.example.com:30080/root/test/-/jobs/12" "Mozilla/5.0 (Macintosh; Intel Mac OS X 10_13_2) AppleWebKit/537.36 (KHTML, like Gecko) Chrome/63.0.3239.132 Safari/537.36"
172.17.0.4 - - [26/Jan/2018:11:43:54 +0000] "POST /api/v4/jobs/request HTTP/1.1" 204 0 "" "gitlab-runner 10.4.0 (10-4-stable; go1.8.5; linux/amd64)"
172.17.0.4 - - [26/Jan/2018:11:43:57 +0000] "POST /api/v4/jobs/request HTTP/1.1" 204 0 "" "gitlab-runner 10.4.0 (10-4-stable; go1.8.5; linux/amd64)"
172.17.0.4 - - [26/Jan/2018:11:44:00 +0000] "POST /api/v4/jobs/request HTTP/1.1" 204 0 "" "gitlab-runner 10.4.0 (10-4-stable; go1.8.5; linux/amd64)"
172.17.0.4 - - [26/Jan/2018:11:44:03 +0000] "POST /api/v4/jobs/request HTTP/1.1" 204 0 "" "gitlab-runner 10.4.0 (10-4-stable; go1.8.5; linux/amd64)"
172.17.0.1 - - [26/Jan/2018:11:44:04 +0000] "GET /root/test/-/jobs/12.json HTTP/1.1" 304 0 "http://gitlab.example.com:30080/root/test/-/jobs/12" "Mozilla/5.0 (Macintosh; Intel Mac OS X 10_13_2) AppleWebKit/537.36 (KHTML, like Gecko) Chrome/63.0.3239.132 Safari/537.36"
172.17.0.4 - - [26/Jan/2018:11:44:06 +0000] "POST /api/v4/jobs/request HTTP/1.1" 204 0 "" "gitlab-runner 10.4.0 (10-4-stable; go1.8.5; linux/amd64)"
172.17.0.4 - - [26/Jan/2018:11:44:09 +0000] "POST /api/v4/jobs/request HTTP/1.1" 204 0 "" "gitlab-runner 10.4.0 (10-4-stable; go1.8.5; linux/amd64)"
172.17.0.4 - - [26/Jan/2018:11:44:12 +0000] "POST /api/v4/jobs/request HTTP/1.1" 204 0 "" "gitlab-runner 10.4.0 (10-4-stable; go1.8.5; linux/amd64)"
172.17.0.1 - - [26/Jan/2018:11:44:15 +0000] "GET /root/test/-/jobs/12.json HTTP/1.1" 304 0 "http://gitlab.example.com:30080/root/test/-/jobs/12" "Mozilla/5.0 (Macintosh; Intel Mac OS X 10_13_2) AppleWebKit/537.36 (KHTML, like Gecko) Chrome/63.0.3239.132 Safari/537.36"
172.17.0.4 - - [26/Jan/2018:11:44:15 +0000] "POST /api/v4/jobs/request HTTP/1.1" 204 0 "" "gitlab-runner 10.4.0 (10-4-stable; go1.8.5; linux/amd64)"
127.0.0.1 - - [26/Jan/2018:11:44:15 +0000] "GET /help HTTP/1.1" 200 29686 "" "curl/7.56.1"
172.17.0.4 - - [26/Jan/2018:11:44:18 +0000] "POST /api/v4/jobs/request HTTP/1.1" 204 0 "" "gitlab-runner 10.4.0 (10-4-stable; go1.8.5; linux/amd64)"
172.17.0.4 - - [26/Jan/2018:11:44:21 +0000] "POST /api/v4/jobs/request HTTP/1.1" 204 0 "" "gitlab-runner 10.4.0 (10-4-stable; go1.8.5; linux/amd64)"
172.17.0.4 - - [26/Jan/2018:11:44:24 +0000] "POST /api/v4/jobs/request HTTP/1.1" 204 0 "" "gitlab-runner 10.4.0 (10-4-stable; go1.8.5; linux/amd64)"
172.17.0.1 - - [26/Jan/2018:11:44:25 +0000] "GET /root/test/-/jobs/12.json HTTP/1.1" 304 0 "http://gitlab.example.com:30080/root/test/-/jobs/12" "Mozilla/5.0 (Macintosh; Intel Mac OS X 10_13_2) AppleWebKit/537.36 (KHTML, like Gecko) Chrome/63.0.3239.132 Safari/537.36"
172.17.0.4 - - [26/Jan/2018:11:44:27 +0000] "POST /api/v4/jobs/request HTTP/1.1" 204 0 "" "gitlab-runner 10.4.0 (10-4-stable; go1.8.5; linux/amd64)"
172.17.0.4 - - [26/Jan/2018:11:44:30 +0000] "POST /api/v4/jobs/request HTTP/1.1" 204 0 "" "gitlab-runner 10.4.0 (10-4-stable; go1.8.5; linux/amd64)"
172.17.0.4 - - [26/Jan/2018:11:44:33 +0000] "POST /api/v4/jobs/request HTTP/1.1" 204 0 "" "gitlab-runner 10.4.0 (10-4-stable; go1.8.5; linux/amd64)"
172.17.0.1 - - [26/Jan/2018:11:44:35 +0000] "GET /root/test/-/jobs/12.json HTTP/1.1" 304 0 "http://gitlab.example.com:30080/root/test/-/jobs/12" "Mozilla/5.0 (Macintosh; Intel Mac OS X 10_13_2) AppleWebKit/537.36 (KHTML, like Gecko) Chrome/63.0.3239.132 Safari/537.36"
172.17.0.4 - - [26/Jan/2018:11:44:36 +0000] "POST /api/v4/jobs/request HTTP/1.1" 204 0 "" "gitlab-runner 10.4.0 (10-4-stable; go1.8.5; linux/amd64)"
172.17.0.4 - - [26/Jan/2018:11:44:39 +0000] "POST /api/v4/jobs/request HTTP/1.1" 204 0 "" "gitlab-runner 10.4.0 (10-4-stable; go1.8.5; linux/amd64)"
172.17.0.4 - - [26/Jan/2018:11:44:42 +0000] "POST /api/v4/jobs/request HTTP/1.1" 204 0 "" "gitlab-runner 10.4.0 (10-4-stable; go1.8.5; linux/amd64)"
172.17.0.4 - - [26/Jan/2018:11:44:45 +0000] "POST /api/v4/jobs/request HTTP/1.1" 204 0 "" "gitlab-runner 10.4.0 (10-4-stable; go1.8.5; linux/amd64)"
172.17.0.1 - - [26/Jan/2018:11:44:46 +0000] "GET /root/test/-/jobs/12.json HTTP/1.1" 304 0 "http://gitlab.example.com:30080/root/test/-/jobs/12" "Mozilla/5.0 (Macintosh; Intel Mac OS X 10_13_2) AppleWebKit/537.36 (KHTML, like Gecko) Chrome/63.0.3239.132 Safari/537.36"
172.17.0.4 - - [26/Jan/2018:11:44:48 +0000] "POST /api/v4/jobs/request HTTP/1.1" 204 0 "" "gitlab-runner 10.4.0 (10-4-stable; go1.8.5; linux/amd64)"
172.17.0.4 - - [26/Jan/2018:11:44:51 +0000] "POST /api/v4/jobs/request HTTP/1.1" 204 0 "" "gitlab-runner 10.4.0 (10-4-stable; go1.8.5; linux/amd64)"
172.17.0.4 - - [26/Jan/2018:11:44:54 +0000] "POST /api/v4/jobs/request HTTP/1.1" 204 0 "" "gitlab-runner 10.4.0 (10-4-stable; go1.8.5; linux/amd64)"
172.17.0.4 - - [26/Jan/2018:11:44:57 +0000] "POST /api/v4/jobs/request HTTP/1.1" 204 0 "" "gitlab-runner 10.4.0 (10-4-stable; go1.8.5; linux/amd64)"
172.17.0.4 - - [26/Jan/2018:11:45:00 +0000] "POST /api/v4/jobs/request HTTP/1.1" 204 0 "" "gitlab-runner 10.4.0 (10-4-stable; go1.8.5; linux/amd64)"
172.17.0.4 - - [26/Jan/2018:11:45:03 +0000] "POST /api/v4/jobs/request HTTP/1.1" 204 0 "" "gitlab-runner 10.4.0 (10-4-stable; go1.8.5; linux/amd64)"
172.17.0.4 - - [26/Jan/2018:11:45:06 +0000] "POST /api/v4/jobs/request HTTP/1.1" 204 0 "" "gitlab-runner 10.4.0 (10-4-stable; go1.8.5; linux/amd64)"
172.17.0.4 - - [26/Jan/2018:11:45:09 +0000] "POST /api/v4/jobs/request HTTP/1.1" 204 0 "" "gitlab-runner 10.4.0 (10-4-stable; go1.8.5; linux/amd64)"
172.17.0.4 - - [26/Jan/2018:11:45:12 +0000] "POST /api/v4/jobs/request HTTP/1.1" 204 0 "" "gitlab-runner 10.4.0 (10-4-stable; go1.8.5; linux/amd64)"
172.17.0.4 - - [26/Jan/2018:11:45:15 +0000] "POST /api/v4/jobs/request HTTP/1.1" 204 0 "" "gitlab-runner 10.4.0 (10-4-stable; go1.8.5; linux/amd64)"
127.0.0.1 - - [26/Jan/2018:11:45:16 +0000] "GET /help HTTP/1.1" 200 29686 "" "curl/7.56.1"
172.17.0.4 - - [26/Jan/2018:11:45:18 +0000] "POST /api/v4/jobs/request HTTP/1.1" 204 0 "" "gitlab-runner 10.4.0 (10-4-stable; go1.8.5; linux/amd64)"
172.17.0.4 - - [26/Jan/2018:11:45:21 +0000] "POST /api/v4/jobs/request HTTP/1.1" 204 0 "" "gitlab-runner 10.4.0 (10-4-stable; go1.8.5; linux/amd64)"
172.17.0.4 - - [26/Jan/2018:11:45:24 +0000] "POST /api/v4/jobs/request HTTP/1.1" 204 0 "" "gitlab-runner 10.4.0 (10-4-stable; go1.8.5; linux/amd64)"
172.17.0.4 - - [26/Jan/2018:11:45:27 +0000] "POST /api/v4/jobs/request HTTP/1.1" 204 0 "" "gitlab-runner 10.4.0 (10-4-stable; go1.8.5; linux/amd64)"
172.17.0.4 - - [26/Jan/2018:11:45:30 +0000] "POST /api/v4/jobs/request HTTP/1.1" 204 0 "" "gitlab-runner 10.4.0 (10-4-stable; go1.8.5; linux/amd64)"
172.17.0.4 - - [26/Jan/2018:11:45:33 +0000] "POST /api/v4/jobs/request HTTP/1.1" 204 0 "" "gitlab-runner 10.4.0 (10-4-stable; go1.8.5; linux/amd64)"
172.17.0.4 - - [26/Jan/2018:11:45:36 +0000] "POST /api/v4/jobs/request HTTP/1.1" 204 0 "" "gitlab-runner 10.4.0 (10-4-stable; go1.8.5; linux/amd64)"
172.17.0.4 - - [26/Jan/2018:11:45:39 +0000] "POST /api/v4/jobs/request HTTP/1.1" 204 0 "" "gitlab-runner 10.4.0 (10-4-stable; go1.8.5; linux/amd64)"
172.17.0.4 - - [26/Jan/2018:11:45:42 +0000] "POST /api/v4/jobs/request HTTP/1.1" 204 0 "" "gitlab-runner 10.4.0 (10-4-stable; go1.8.5; linux/amd64)"
172.17.0.4 - - [26/Jan/2018:11:45:45 +0000] "POST /api/v4/jobs/request HTTP/1.1" 204 0 "" "gitlab-runner 10.4.0 (10-4-stable; go1.8.5; linux/amd64)"
172.17.0.4 - - [26/Jan/2018:11:45:48 +0000] "POST /api/v4/jobs/request HTTP/1.1" 204 0 "" "gitlab-runner 10.4.0 (10-4-stable; go1.8.5; linux/amd64)"
172.17.0.4 - - [26/Jan/2018:11:45:51 +0000] "POST /api/v4/jobs/request HTTP/1.1" 204 0 "" "gitlab-runner 10.4.0 (10-4-stable; go1.8.5; linux/amd64)"
172.17.0.4 - - [26/Jan/2018:11:45:54 +0000] "POST /api/v4/jobs/request HTTP/1.1" 204 0 "" "gitlab-runner 10.4.0 (10-4-stable; go1.8.5; linux/amd64)"
172.17.0.4 - - [26/Jan/2018:11:45:57 +0000] "POST /api/v4/jobs/request HTTP/1.1" 204 0 "" "gitlab-runner 10.4.0 (10-4-stable; go1.8.5; linux/amd64)"
172.17.0.1 - - [26/Jan/2018:11:45:58 +0000] "GET /root/test/-/jobs/12.json HTTP/1.1" 304 0 "http://gitlab.example.com:30080/root/test/-/jobs/12" "Mozilla/5.0 (Macintosh; Intel Mac OS X 10_13_2) AppleWebKit/537.36 (KHTML, like Gecko) Chrome/63.0.3239.132 Safari/537.36"
172.17.0.4 - - [26/Jan/2018:11:46:00 +0000] "POST /api/v4/jobs/request HTTP/1.1" 204 0 "" "gitlab-runner 10.4.0 (10-4-stable; go1.8.5; linux/amd64)"
172.17.0.4 - - [26/Jan/2018:11:46:03 +0000] "POST /api/v4/jobs/request HTTP/1.1" 204 0 "" "gitlab-runner 10.4.0 (10-4-stable; go1.8.5; linux/amd64)"
172.17.0.4 - - [26/Jan/2018:11:46:06 +0000] "POST /api/v4/jobs/request HTTP/1.1" 204 0 "" "gitlab-runner 10.4.0 (10-4-stable; go1.8.5; linux/amd64)"
172.17.0.1 - - [26/Jan/2018:11:46:07 +0000] "GET /root/test/tree/master HTTP/1.1" 200 10719 "http://gitlab.example.com:30080/root/test/-/jobs/12" "Mozilla/5.0 (Macintosh; Intel Mac OS X 10_13_2) AppleWebKit/537.36 (KHTML, like Gecko) Chrome/63.0.3239.132 Safari/537.36"
172.17.0.1 - - [26/Jan/2018:11:46:08 +0000] "GET /root/test/blob/master/README.md?format=json&viewer=rich HTTP/1.1" 304 0 "http://gitlab.example.com:30080/root/test/tree/master" "Mozilla/5.0 (Macintosh; Intel Mac OS X 10_13_2) AppleWebKit/537.36 (KHTML, like Gecko) Chrome/63.0.3239.132 Safari/537.36"
172.17.0.1 - - [26/Jan/2018:11:46:08 +0000] "GET /root/test/refs/master/logs_tree/?_=1516967166865 HTTP/1.1" 200 592 "http://gitlab.example.com:30080/root/test/tree/master" "Mozilla/5.0 (Macintosh; Intel Mac OS X 10_13_2) AppleWebKit/537.36 (KHTML, like Gecko) Chrome/63.0.3239.132 Safari/537.36"
172.17.0.4 - - [26/Jan/2018:11:46:09 +0000] "POST /api/v4/jobs/request HTTP/1.1" 204 0 "" "gitlab-runner 10.4.0 (10-4-stable; go1.8.5; linux/amd64)"
172.17.0.1 - - [26/Jan/2018:11:46:12 +0000] "GET /root/test/blob/master/.gitlab-ci.yml HTTP/1.1" 200 10565 "http://gitlab.example.com:30080/root/test/tree/master" "Mozilla/5.0 (Macintosh; Intel Mac OS X 10_13_2) AppleWebKit/537.36 (KHTML, like Gecko) Chrome/63.0.3239.132 Safari/537.36"
172.17.0.4 - - [26/Jan/2018:11:46:12 +0000] "POST /api/v4/jobs/request HTTP/1.1" 204 0 "" "gitlab-runner 10.4.0 (10-4-stable; go1.8.5; linux/amd64)"
172.17.0.1 - - [26/Jan/2018:11:46:12 +0000] "GET /root/test/blob/master/.gitlab-ci.yml?format=json&viewer=simple HTTP/1.1" 200 1583 "http://gitlab.example.com:30080/root/test/blob/master/.gitlab-ci.yml" "Mozilla/5.0 (Macintosh; Intel Mac OS X 10_13_2) AppleWebKit/537.36 (KHTML, like Gecko) Chrome/63.0.3239.132 Safari/537.36"
172.17.0.1 - - [26/Jan/2018:11:46:12 +0000] "GET /root/test/blob/master/.gitlab-ci.yml?format=json&viewer=auxiliary HTTP/1.1" 200 465 "http://gitlab.example.com:30080/root/test/blob/master/.gitlab-ci.yml" "Mozilla/5.0 (Macintosh; Intel Mac OS X 10_13_2) AppleWebKit/537.36 (KHTML, like Gecko) Chrome/63.0.3239.132 Safari/537.36"
172.17.0.4 - - [26/Jan/2018:11:46:15 +0000] "POST /api/v4/jobs/request HTTP/1.1" 204 0 "" "gitlab-runner 10.4.0 (10-4-stable; go1.8.5; linux/amd64)"
127.0.0.1 - - [26/Jan/2018:11:46:17 +0000] "GET /help HTTP/1.1" 200 29686 "" "curl/7.56.1"
172.17.0.4 - - [26/Jan/2018:11:46:18 +0000] "POST /api/v4/jobs/request HTTP/1.1" 204 0 "" "gitlab-runner 10.4.0 (10-4-stable; go1.8.5; linux/amd64)"
172.17.0.4 - - [26/Jan/2018:11:46:21 +0000] "POST /api/v4/jobs/request HTTP/1.1" 204 0 "" "gitlab-runner 10.4.0 (10-4-stable; go1.8.5; linux/amd64)"
172.17.0.4 - - [26/Jan/2018:11:46:24 +0000] "POST /api/v4/jobs/request HTTP/1.1" 204 0 "" "gitlab-runner 10.4.0 (10-4-stable; go1.8.5; linux/amd64)"
172.17.0.4 - - [26/Jan/2018:11:46:27 +0000] "POST /api/v4/jobs/request HTTP/1.1" 204 0 "" "gitlab-runner 10.4.0 (10-4-stable; go1.8.5; linux/amd64)"
172.17.0.4 - - [26/Jan/2018:11:46:30 +0000] "POST /api/v4/jobs/request HTTP/1.1" 204 0 "" "gitlab-runner 10.4.0 (10-4-stable; go1.8.5; linux/amd64)"
172.17.0.4 - - [26/Jan/2018:11:46:33 +0000] "POST /api/v4/jobs/request HTTP/1.1" 204 0 "" "gitlab-runner 10.4.0 (10-4-stable; go1.8.5; linux/amd64)"
172.17.0.4 - - [26/Jan/2018:11:46:36 +0000] "POST /api/v4/jobs/request HTTP/1.1" 204 0 "" "gitlab-runner 10.4.0 (10-4-stable; go1.8.5; linux/amd64)"
172.17.0.1 - - [26/Jan/2018:11:46:39 +0000] "GET /root/test/edit/master/.gitlab-ci.yml HTTP/1.1" 200 11975 "http://gitlab.example.com:30080/root/test/blob/master/.gitlab-ci.yml" "Mozilla/5.0 (Macintosh; Intel Mac OS X 10_13_2) AppleWebKit/537.36 (KHTML, like Gecko) Chrome/63.0.3239.132 Safari/537.36"
172.17.0.1 - - [26/Jan/2018:11:46:39 +0000] "GET /assets/lib/ace-c78a1527f28ddc6b48da5b327ea6c54ecd02424f3e7212b7821eddb2ee7daa94.js HTTP/1.1" 200 108853 "http://gitlab.example.com:30080/root/test/edit/master/.gitlab-ci.yml" "Mozilla/5.0 (Macintosh; Intel Mac OS X 10_13_2) AppleWebKit/537.36 (KHTML, like Gecko) Chrome/63.0.3239.132 Safari/537.36"
172.17.0.1 - - [26/Jan/2018:11:46:39 +0000] "GET /assets/select2x2-6fe28d687dc0ed4d96016238c608ba1e7198c9c9accfa0b360b78018b9fb9bc2.png HTTP/1.1" 200 845 "http://gitlab.example.com:30080/assets/application-b73260534c0f12802bd7003ef4f9ed6f7ddfd08d0e89bbba8a6c13f85b3e1ce8.css" "Mozilla/5.0 (Macintosh; Intel Mac OS X 10_13_2) AppleWebKit/537.36 (KHTML, like Gecko) Chrome/63.0.3239.132 Safari/537.36"
172.17.0.4 - - [26/Jan/2018:11:46:39 +0000] "POST /api/v4/jobs/request HTTP/1.1" 204 0 "" "gitlab-runner 10.4.0 (10-4-stable; go1.8.5; linux/amd64)"
172.17.0.1 - - [26/Jan/2018:11:46:39 +0000] "GET /assets/ace/mode-yaml-c78601583d5121731cb73bd9fd1a22760829d17b4a894d343e4b0386b2146949.js HTTP/1.1" 200 1437 "http://gitlab.example.com:30080/root/test/edit/master/.gitlab-ci.yml" "Mozilla/5.0 (Macintosh; Intel Mac OS X 10_13_2) AppleWebKit/537.36 (KHTML, like Gecko) Chrome/63.0.3239.132 Safari/537.36"
172.17.0.4 - - [26/Jan/2018:11:46:42 +0000] "POST /api/v4/jobs/request HTTP/1.1" 204 0 "" "gitlab-runner 10.4.0 (10-4-stable; go1.8.5; linux/amd64)"
172.17.0.4 - - [26/Jan/2018:11:46:45 +0000] "POST /api/v4/jobs/request HTTP/1.1" 204 0 "" "gitlab-runner 10.4.0 (10-4-stable; go1.8.5; linux/amd64)"
172.17.0.4 - - [26/Jan/2018:11:46:48 +0000] "POST /api/v4/jobs/request HTTP/1.1" 204 0 "" "gitlab-runner 10.4.0 (10-4-stable; go1.8.5; linux/amd64)"
172.17.0.4 - - [26/Jan/2018:11:46:51 +0000] "POST /api/v4/jobs/request HTTP/1.1" 204 0 "" "gitlab-runner 10.4.0 (10-4-stable; go1.8.5; linux/amd64)"
172.17.0.4 - - [26/Jan/2018:11:46:54 +0000] "POST /api/v4/jobs/request HTTP/1.1" 204 0 "" "gitlab-runner 10.4.0 (10-4-stable; go1.8.5; linux/amd64)"
172.17.0.4 - - [26/Jan/2018:11:46:57 +0000] "POST /api/v4/jobs/request HTTP/1.1" 204 0 "" "gitlab-runner 10.4.0 (10-4-stable; go1.8.5; linux/amd64)"
172.17.0.4 - - [26/Jan/2018:11:47:00 +0000] "POST /api/v4/jobs/request HTTP/1.1" 204 0 "" "gitlab-runner 10.4.0 (10-4-stable; go1.8.5; linux/amd64)"
172.17.0.4 - - [26/Jan/2018:11:47:03 +0000] "POST /api/v4/jobs/request HTTP/1.1" 204 0 "" "gitlab-runner 10.4.0 (10-4-stable; go1.8.5; linux/amd64)"
172.17.0.4 - - [26/Jan/2018:11:47:06 +0000] "POST /api/v4/jobs/request HTTP/1.1" 204 0 "" "gitlab-runner 10.4.0 (10-4-stable; go1.8.5; linux/amd64)"
172.17.0.4 - - [26/Jan/2018:11:47:09 +0000] "POST /api/v4/jobs/request HTTP/1.1" 204 0 "" "gitlab-runner 10.4.0 (10-4-stable; go1.8.5; linux/amd64)"
172.17.0.4 - - [26/Jan/2018:11:47:12 +0000] "POST /api/v4/jobs/request HTTP/1.1" 204 0 "" "gitlab-runner 10.4.0 (10-4-stable; go1.8.5; linux/amd64)"
172.17.0.4 - - [26/Jan/2018:11:47:15 +0000] "POST /api/v4/jobs/request HTTP/1.1" 204 0 "" "gitlab-runner 10.4.0 (10-4-stable; go1.8.5; linux/amd64)"
127.0.0.1 - - [26/Jan/2018:11:47:17 +0000] "GET /help HTTP/1.1" 200 29686 "" "curl/7.56.1"
172.17.0.4 - - [26/Jan/2018:11:47:18 +0000] "POST /api/v4/jobs/request HTTP/1.1" 204 0 "" "gitlab-runner 10.4.0 (10-4-stable; go1.8.5; linux/amd64)"
172.17.0.4 - - [26/Jan/2018:11:47:21 +0000] "POST /api/v4/jobs/request HTTP/1.1" 204 0 "" "gitlab-runner 10.4.0 (10-4-stable; go1.8.5; linux/amd64)"
172.17.0.4 - - [26/Jan/2018:11:47:24 +0000] "POST /api/v4/jobs/request HTTP/1.1" 204 0 "" "gitlab-runner 10.4.0 (10-4-stable; go1.8.5; linux/amd64)"
172.17.0.4 - - [26/Jan/2018:11:47:27 +0000] "POST /api/v4/jobs/request HTTP/1.1" 204 0 "" "gitlab-runner 10.4.0 (10-4-stable; go1.8.5; linux/amd64)"
172.17.0.4 - - [26/Jan/2018:11:47:30 +0000] "POST /api/v4/jobs/request HTTP/1.1" 204 0 "" "gitlab-runner 10.4.0 (10-4-stable; go1.8.5; linux/amd64)"
172.17.0.4 - - [26/Jan/2018:11:47:33 +0000] "POST /api/v4/jobs/request HTTP/1.1" 204 0 "" "gitlab-runner 10.4.0 (10-4-stable; go1.8.5; linux/amd64)"
172.17.0.4 - - [26/Jan/2018:11:47:36 +0000] "POST /api/v4/jobs/request HTTP/1.1" 204 0 "" "gitlab-runner 10.4.0 (10-4-stable; go1.8.5; linux/amd64)"
172.17.0.4 - - [26/Jan/2018:11:47:39 +0000] "POST /api/v4/jobs/request HTTP/1.1" 204 0 "" "gitlab-runner 10.4.0 (10-4-stable; go1.8.5; linux/amd64)"
172.17.0.4 - - [26/Jan/2018:11:47:42 +0000] "POST /api/v4/jobs/request HTTP/1.1" 204 0 "" "gitlab-runner 10.4.0 (10-4-stable; go1.8.5; linux/amd64)"
172.17.0.4 - - [26/Jan/2018:11:47:45 +0000] "POST /api/v4/jobs/request HTTP/1.1" 204 0 "" "gitlab-runner 10.4.0 (10-4-stable; go1.8.5; linux/amd64)"
172.17.0.4 - - [26/Jan/2018:11:47:48 +0000] "POST /api/v4/jobs/request HTTP/1.1" 204 0 "" "gitlab-runner 10.4.0 (10-4-stable; go1.8.5; linux/amd64)"
172.17.0.4 - - [26/Jan/2018:11:47:51 +0000] "POST /api/v4/jobs/request HTTP/1.1" 204 0 "" "gitlab-runner 10.4.0 (10-4-stable; go1.8.5; linux/amd64)"
172.17.0.4 - - [26/Jan/2018:11:47:54 +0000] "POST /api/v4/jobs/request HTTP/1.1" 204 0 "" "gitlab-runner 10.4.0 (10-4-stable; go1.8.5; linux/amd64)"
172.17.0.4 - - [26/Jan/2018:11:47:57 +0000] "POST /api/v4/jobs/request HTTP/1.1" 204 0 "" "gitlab-runner 10.4.0 (10-4-stable; go1.8.5; linux/amd64)"
172.17.0.4 - - [26/Jan/2018:11:48:00 +0000] "POST /api/v4/jobs/request HTTP/1.1" 204 0 "" "gitlab-runner 10.4.0 (10-4-stable; go1.8.5; linux/amd64)"
172.17.0.4 - - [26/Jan/2018:11:48:03 +0000] "POST /api/v4/jobs/request HTTP/1.1" 204 0 "" "gitlab-runner 10.4.0 (10-4-stable; go1.8.5; linux/amd64)"
172.17.0.1 - - [26/Jan/2018:11:48:06 +0000] "POST /root/test/update/master/.gitlab-ci.yml HTTP/1.1" 302 134 "http://gitlab.example.com:30080/root/test/edit/master/.gitlab-ci.yml" "Mozilla/5.0 (Macintosh; Intel Mac OS X 10_13_2) AppleWebKit/537.36 (KHTML, like Gecko) Chrome/63.0.3239.132 Safari/537.36"
172.17.0.4 - - [26/Jan/2018:11:48:06 +0000] "POST /api/v4/jobs/request HTTP/1.1" 204 0 "" "gitlab-runner 10.4.0 (10-4-stable; go1.8.5; linux/amd64)"
172.17.0.1 - - [26/Jan/2018:11:48:07 +0000] "GET /root/test/blob/master/.gitlab-ci.yml HTTP/1.1" 200 10482 "http://gitlab.example.com:30080/root/test/edit/master/.gitlab-ci.yml" "Mozilla/5.0 (Macintosh; Intel Mac OS X 10_13_2) AppleWebKit/537.36 (KHTML, like Gecko) Chrome/63.0.3239.132 Safari/537.36"
172.17.0.1 - - [26/Jan/2018:11:48:08 +0000] "GET /root/test/blob/master/.gitlab-ci.yml?format=json&viewer=simple HTTP/1.1" 200 748 "http://gitlab.example.com:30080/root/test/blob/master/.gitlab-ci.yml" "Mozilla/5.0 (Macintosh; Intel Mac OS X 10_13_2) AppleWebKit/537.36 (KHTML, like Gecko) Chrome/63.0.3239.132 Safari/537.36"
172.17.0.1 - - [26/Jan/2018:11:48:08 +0000] "GET /root/test/blob/master/.gitlab-ci.yml?format=json&viewer=auxiliary HTTP/1.1" 200 466 "http://gitlab.example.com:30080/root/test/blob/master/.gitlab-ci.yml" "Mozilla/5.0 (Macintosh; Intel Mac OS X 10_13_2) AppleWebKit/537.36 (KHTML, like Gecko) Chrome/63.0.3239.132 Safari/537.36"
172.17.0.4 - - [26/Jan/2018:11:48:10 +0000] "POST /api/v4/jobs/request HTTP/1.1" 201 3238 "" "gitlab-runner 10.4.0 (10-4-stable; go1.8.5; linux/amd64)"
172.17.0.4 - - [26/Jan/2018:11:48:13 +0000] "PUT /api/v4/jobs/13 HTTP/1.1" 200 4 "" "gitlab-runner 10.4.0 (10-4-stable; go1.8.5; linux/amd64)"
172.17.0.4 - - [26/Jan/2018:11:48:13 +0000] "PATCH /api/v4/jobs/13/trace HTTP/1.1" 202 7 "" "gitlab-runner 10.4.0 (10-4-stable; go1.8.5; linux/amd64)"
127.0.0.1 - - [26/Jan/2018:11:48:17 +0000] "GET /help HTTP/1.1" 200 29686 "" "curl/7.56.1"
172.17.0.1 - - [26/Jan/2018:11:48:19 +0000] "GET /root/test/-/jobs HTTP/1.1" 200 9596 "http://gitlab.example.com:30080/root/test/blob/master/.gitlab-ci.yml" "Mozilla/5.0 (Macintosh; Intel Mac OS X 10_13_2) AppleWebKit/537.36 (KHTML, like Gecko) Chrome/63.0.3239.132 Safari/537.36"
172.17.0.4 - - [26/Jan/2018:11:48:19 +0000] "PATCH /api/v4/jobs/13/trace HTTP/1.1" 202 7 "" "gitlab-runner 10.4.0 (10-4-stable; go1.8.5; linux/amd64)"
172.17.0.4 - - [26/Jan/2018:11:48:20 +0000] "PUT /api/v4/jobs/13 HTTP/1.1" 200 4 "" "gitlab-runner 10.4.0 (10-4-stable; go1.8.5; linux/amd64)"
172.17.0.4 - - [26/Jan/2018:11:48:20 +0000] "POST /api/v4/jobs/request HTTP/1.1" 204 0 "" "gitlab-runner 10.4.0 (10-4-stable; go1.8.5; linux/amd64)"
172.17.0.4 - - [26/Jan/2018:11:48:23 +0000] "POST /api/v4/jobs/request HTTP/1.1" 204 0 "" "gitlab-runner 10.4.0 (10-4-stable; go1.8.5; linux/amd64)"
172.17.0.1 - - [26/Jan/2018:11:48:23 +0000] "GET /root/test/-/jobs/13 HTTP/1.1" 200 8856 "http://gitlab.example.com:30080/root/test/-/jobs" "Mozilla/5.0 (Macintosh; Intel Mac OS X 10_13_2) AppleWebKit/537.36 (KHTML, like Gecko) Chrome/63.0.3239.132 Safari/537.36"
172.17.0.1 - - [26/Jan/2018:11:48:24 +0000] "GET /root/test/-/jobs/13/trace.json?state= HTTP/1.1" 200 854 "http://gitlab.example.com:30080/root/test/-/jobs/13" "Mozilla/5.0 (Macintosh; Intel Mac OS X 10_13_2) AppleWebKit/537.36 (KHTML, like Gecko) Chrome/63.0.3239.132 Safari/537.36"
172.17.0.1 - - [26/Jan/2018:11:48:24 +0000] "GET /root/test/-/jobs/13/status.json HTTP/1.1" 200 233 "http://gitlab.example.com:30080/root/test/-/jobs/13" "Mozilla/5.0 (Macintosh; Intel Mac OS X 10_13_2) AppleWebKit/537.36 (KHTML, like Gecko) Chrome/63.0.3239.132 Safari/537.36"
172.17.0.1 - - [26/Jan/2018:11:48:24 +0000] "GET /root/test/-/jobs/13.json HTTP/1.1" 200 1058 "http://gitlab.example.com:30080/root/test/-/jobs/13" "Mozilla/5.0 (Macintosh; Intel Mac OS X 10_13_2) AppleWebKit/537.36 (KHTML, like Gecko) Chrome/63.0.3239.132 Safari/537.36"
172.17.0.4 - - [26/Jan/2018:11:48:26 +0000] "POST /api/v4/jobs/request HTTP/1.1" 204 0 "" "gitlab-runner 10.4.0 (10-4-stable; go1.8.5; linux/amd64)"
172.17.0.4 - - [26/Jan/2018:11:48:29 +0000] "POST /api/v4/jobs/request HTTP/1.1" 204 0 "" "gitlab-runner 10.4.0 (10-4-stable; go1.8.5; linux/amd64)"
172.17.0.4 - - [26/Jan/2018:11:48:32 +0000] "POST /api/v4/jobs/request HTTP/1.1" 204 0 "" "gitlab-runner 10.4.0 (10-4-stable; go1.8.5; linux/amd64)"
172.17.0.1 - - [26/Jan/2018:11:48:34 +0000] "GET /root/test/-/jobs/13.json HTTP/1.1" 304 0 "http://gitlab.example.com:30080/root/test/-/jobs/13" "Mozilla/5.0 (Macintosh; Intel Mac OS X 10_13_2) AppleWebKit/537.36 (KHTML, like Gecko) Chrome/63.0.3239.132 Safari/537.36"
172.17.0.4 - - [26/Jan/2018:11:48:35 +0000] "POST /api/v4/jobs/request HTTP/1.1" 204 0 "" "gitlab-runner 10.4.0 (10-4-stable; go1.8.5; linux/amd64)"
172.17.0.4 - - [26/Jan/2018:11:48:38 +0000] "POST /api/v4/jobs/request HTTP/1.1" 204 0 "" "gitlab-runner 10.4.0 (10-4-stable; go1.8.5; linux/amd64)"
172.17.0.4 - - [26/Jan/2018:11:48:41 +0000] "POST /api/v4/jobs/request HTTP/1.1" 204 0 "" "gitlab-runner 10.4.0 (10-4-stable; go1.8.5; linux/amd64)"
172.17.0.4 - - [26/Jan/2018:11:48:44 +0000] "POST /api/v4/jobs/request HTTP/1.1" 204 0 "" "gitlab-runner 10.4.0 (10-4-stable; go1.8.5; linux/amd64)"
172.17.0.1 - - [26/Jan/2018:11:48:45 +0000] "GET /root/test/-/jobs/13.json HTTP/1.1" 304 0 "http://gitlab.example.com:30080/root/test/-/jobs/13" "Mozilla/5.0 (Macintosh; Intel Mac OS X 10_13_2) AppleWebKit/537.36 (KHTML, like Gecko) Chrome/63.0.3239.132 Safari/537.36"
172.17.0.4 - - [26/Jan/2018:11:48:47 +0000] "POST /api/v4/jobs/request HTTP/1.1" 204 0 "" "gitlab-runner 10.4.0 (10-4-stable; go1.8.5; linux/amd64)"
172.17.0.4 - - [26/Jan/2018:11:48:50 +0000] "POST /api/v4/jobs/request HTTP/1.1" 204 0 "" "gitlab-runner 10.4.0 (10-4-stable; go1.8.5; linux/amd64)"
172.17.0.4 - - [26/Jan/2018:11:48:53 +0000] "POST /api/v4/jobs/request HTTP/1.1" 204 0 "" "gitlab-runner 10.4.0 (10-4-stable; go1.8.5; linux/amd64)"
172.17.0.4 - - [26/Jan/2018:11:48:56 +0000] "POST /api/v4/jobs/request HTTP/1.1" 204 0 "" "gitlab-runner 10.4.0 (10-4-stable; go1.8.5; linux/amd64)"
172.17.0.4 - - [26/Jan/2018:11:48:59 +0000] "POST /api/v4/jobs/request HTTP/1.1" 204 0 "" "gitlab-runner 10.4.0 (10-4-stable; go1.8.5; linux/amd64)"
172.17.0.4 - - [26/Jan/2018:11:49:02 +0000] "POST /api/v4/jobs/request HTTP/1.1" 204 0 "" "gitlab-runner 10.4.0 (10-4-stable; go1.8.5; linux/amd64)"
172.17.0.4 - - [26/Jan/2018:11:49:05 +0000] "POST /api/v4/jobs/request HTTP/1.1" 204 0 "" "gitlab-runner 10.4.0 (10-4-stable; go1.8.5; linux/amd64)"
172.17.0.4 - - [26/Jan/2018:11:49:08 +0000] "POST /api/v4/jobs/request HTTP/1.1" 204 0 "" "gitlab-runner 10.4.0 (10-4-stable; go1.8.5; linux/amd64)"
172.17.0.4 - - [26/Jan/2018:11:49:11 +0000] "POST /api/v4/jobs/request HTTP/1.1" 204 0 "" "gitlab-runner 10.4.0 (10-4-stable; go1.8.5; linux/amd64)"
172.17.0.4 - - [26/Jan/2018:11:49:14 +0000] "POST /api/v4/jobs/request HTTP/1.1" 204 0 "" "gitlab-runner 10.4.0 (10-4-stable; go1.8.5; linux/amd64)"
172.17.0.4 - - [26/Jan/2018:11:49:17 +0000] "POST /api/v4/jobs/request HTTP/1.1" 204 0 "" "gitlab-runner 10.4.0 (10-4-stable; go1.8.5; linux/amd64)"
127.0.0.1 - - [26/Jan/2018:11:49:18 +0000] "GET /help HTTP/1.1" 200 29686 "" "curl/7.56.1"
172.17.0.4 - - [26/Jan/2018:11:49:20 +0000] "POST /api/v4/jobs/request HTTP/1.1" 204 0 "" "gitlab-runner 10.4.0 (10-4-stable; go1.8.5; linux/amd64)"
172.17.0.1 - - [26/Jan/2018:11:49:21 +0000] "GET /root/test/-/jobs/13.json HTTP/1.1" 304 0 "http://gitlab.example.com:30080/root/test/-/jobs/13" "Mozilla/5.0 (Macintosh; Intel Mac OS X 10_13_2) AppleWebKit/537.36 (KHTML, like Gecko) Chrome/63.0.3239.132 Safari/537.36"
172.17.0.4 - - [26/Jan/2018:11:49:23 +0000] "POST /api/v4/jobs/request HTTP/1.1" 204 0 "" "gitlab-runner 10.4.0 (10-4-stable; go1.8.5; linux/amd64)"
172.17.0.4 - - [26/Jan/2018:11:49:26 +0000] "POST /api/v4/jobs/request HTTP/1.1" 204 0 "" "gitlab-runner 10.4.0 (10-4-stable; go1.8.5; linux/amd64)"
172.17.0.4 - - [26/Jan/2018:11:49:29 +0000] "POST /api/v4/jobs/request HTTP/1.1" 204 0 "" "gitlab-runner 10.4.0 (10-4-stable; go1.8.5; linux/amd64)"
172.17.0.1 - - [26/Jan/2018:11:49:31 +0000] "GET /root/test/-/jobs/13.json HTTP/1.1" 304 0 "http://gitlab.example.com:30080/root/test/-/jobs/13" "Mozilla/5.0 (Macintosh; Intel Mac OS X 10_13_2) AppleWebKit/537.36 (KHTML, like Gecko) Chrome/63.0.3239.132 Safari/537.36"
172.17.0.4 - - [26/Jan/2018:11:49:32 +0000] "POST /api/v4/jobs/request HTTP/1.1" 204 0 "" "gitlab-runner 10.4.0 (10-4-stable; go1.8.5; linux/amd64)"
172.17.0.4 - - [26/Jan/2018:11:49:35 +0000] "POST /api/v4/jobs/request HTTP/1.1" 204 0 "" "gitlab-runner 10.4.0 (10-4-stable; go1.8.5; linux/amd64)"
172.17.0.4 - - [26/Jan/2018:11:49:38 +0000] "POST /api/v4/jobs/request HTTP/1.1" 204 0 "" "gitlab-runner 10.4.0 (10-4-stable; go1.8.5; linux/amd64)"
172.17.0.4 - - [26/Jan/2018:11:49:41 +0000] "POST /api/v4/jobs/request HTTP/1.1" 204 0 "" "gitlab-runner 10.4.0 (10-4-stable; go1.8.5; linux/amd64)"
172.17.0.4 - - [26/Jan/2018:11:49:44 +0000] "POST /api/v4/jobs/request HTTP/1.1" 204 0 "" "gitlab-runner 10.4.0 (10-4-stable; go1.8.5; linux/amd64)"
172.17.0.4 - - [26/Jan/2018:11:49:47 +0000] "POST /api/v4/jobs/request HTTP/1.1" 204 0 "" "gitlab-runner 10.4.0 (10-4-stable; go1.8.5; linux/amd64)"
172.17.0.4 - - [26/Jan/2018:11:49:50 +0000] "POST /api/v4/jobs/request HTTP/1.1" 204 0 "" "gitlab-runner 10.4.0 (10-4-stable; go1.8.5; linux/amd64)"
172.17.0.4 - - [26/Jan/2018:11:49:53 +0000] "POST /api/v4/jobs/request HTTP/1.1" 204 0 "" "gitlab-runner 10.4.0 (10-4-stable; go1.8.5; linux/amd64)"
172.17.0.4 - - [26/Jan/2018:11:49:56 +0000] "POST /api/v4/jobs/request HTTP/1.1" 204 0 "" "gitlab-runner 10.4.0 (10-4-stable; go1.8.5; linux/amd64)"
172.17.0.4 - - [26/Jan/2018:11:49:59 +0000] "POST /api/v4/jobs/request HTTP/1.1" 204 0 "" "gitlab-runner 10.4.0 (10-4-stable; go1.8.5; linux/amd64)"
172.17.0.4 - - [26/Jan/2018:11:50:02 +0000] "POST /api/v4/jobs/request HTTP/1.1" 204 0 "" "gitlab-runner 10.4.0 (10-4-stable; go1.8.5; linux/amd64)"
172.17.0.4 - - [26/Jan/2018:11:50:05 +0000] "POST /api/v4/jobs/request HTTP/1.1" 204 0 "" "gitlab-runner 10.4.0 (10-4-stable; go1.8.5; linux/amd64)"
172.17.0.4 - - [26/Jan/2018:11:50:08 +0000] "POST /api/v4/jobs/request HTTP/1.1" 204 0 "" "gitlab-runner 10.4.0 (10-4-stable; go1.8.5; linux/amd64)"
172.17.0.4 - - [26/Jan/2018:11:50:11 +0000] "POST /api/v4/jobs/request HTTP/1.1" 204 0 "" "gitlab-runner 10.4.0 (10-4-stable; go1.8.5; linux/amd64)"
172.17.0.4 - - [26/Jan/2018:11:50:14 +0000] "POST /api/v4/jobs/request HTTP/1.1" 204 0 "" "gitlab-runner 10.4.0 (10-4-stable; go1.8.5; linux/amd64)"
172.17.0.4 - - [26/Jan/2018:11:50:17 +0000] "POST /api/v4/jobs/request HTTP/1.1" 204 0 "" "gitlab-runner 10.4.0 (10-4-stable; go1.8.5; linux/amd64)"
127.0.0.1 - - [26/Jan/2018:11:50:18 +0000] "GET /help HTTP/1.1" 200 29686 "" "curl/7.56.1"
172.17.0.4 - - [26/Jan/2018:11:50:20 +0000] "POST /api/v4/jobs/request HTTP/1.1" 204 0 "" "gitlab-runner 10.4.0 (10-4-stable; go1.8.5; linux/amd64)"
172.17.0.4 - - [26/Jan/2018:11:50:23 +0000] "POST /api/v4/jobs/request HTTP/1.1" 204 0 "" "gitlab-runner 10.4.0 (10-4-stable; go1.8.5; linux/amd64)"
172.17.0.4 - - [26/Jan/2018:11:50:26 +0000] "POST /api/v4/jobs/request HTTP/1.1" 204 0 "" "gitlab-runner 10.4.0 (10-4-stable; go1.8.5; linux/amd64)"
172.17.0.4 - - [26/Jan/2018:11:50:29 +0000] "POST /api/v4/jobs/request HTTP/1.1" 204 0 "" "gitlab-runner 10.4.0 (10-4-stable; go1.8.5; linux/amd64)"
172.17.0.4 - - [26/Jan/2018:11:50:32 +0000] "POST /api/v4/jobs/request HTTP/1.1" 204 0 "" "gitlab-runner 10.4.0 (10-4-stable; go1.8.5; linux/amd64)"
172.17.0.4 - - [26/Jan/2018:11:50:35 +0000] "POST /api/v4/jobs/request HTTP/1.1" 204 0 "" "gitlab-runner 10.4.0 (10-4-stable; go1.8.5; linux/amd64)"
172.17.0.1 - - [26/Jan/2018:11:50:38 +0000] "GET /root/test/-/jobs/13.json HTTP/1.1" 304 0 "http://gitlab.example.com:30080/root/test/-/jobs/13" "Mozilla/5.0 (Macintosh; Intel Mac OS X 10_13_2) AppleWebKit/537.36 (KHTML, like Gecko) Chrome/63.0.3239.132 Safari/537.36"
172.17.0.4 - - [26/Jan/2018:11:50:38 +0000] "POST /api/v4/jobs/request HTTP/1.1" 204 0 "" "gitlab-runner 10.4.0 (10-4-stable; go1.8.5; linux/amd64)"
172.17.0.4 - - [26/Jan/2018:11:50:41 +0000] "POST /api/v4/jobs/request HTTP/1.1" 204 0 "" "gitlab-runner 10.4.0 (10-4-stable; go1.8.5; linux/amd64)"
172.17.0.1 - - [26/Jan/2018:11:50:43 +0000] "POST /root/test/-/jobs/13/retry HTTP/1.1" 302 117 "http://gitlab.example.com:30080/root/test/-/jobs/13" "Mozilla/5.0 (Macintosh; Intel Mac OS X 10_13_2) AppleWebKit/537.36 (KHTML, like Gecko) Chrome/63.0.3239.132 Safari/537.36"
172.17.0.1 - - [26/Jan/2018:11:50:44 +0000] "GET /root/test/-/jobs/14 HTTP/1.1" 200 8111 "http://gitlab.example.com:30080/root/test/-/jobs/13" "Mozilla/5.0 (Macintosh; Intel Mac OS X 10_13_2) AppleWebKit/537.36 (KHTML, like Gecko) Chrome/63.0.3239.132 Safari/537.36"
172.17.0.1 - - [26/Jan/2018:11:50:45 +0000] "GET /root/test/-/jobs/14/trace.json?state= HTTP/1.1" 200 76 "http://gitlab.example.com:30080/root/test/-/jobs/14" "Mozilla/5.0 (Macintosh; Intel Mac OS X 10_13_2) AppleWebKit/537.36 (KHTML, like Gecko) Chrome/63.0.3239.132 Safari/537.36"
172.17.0.1 - - [26/Jan/2018:11:50:45 +0000] "GET /root/test/-/jobs/14.json HTTP/1.1" 200 983 "http://gitlab.example.com:30080/root/test/-/jobs/14" "Mozilla/5.0 (Macintosh; Intel Mac OS X 10_13_2) AppleWebKit/537.36 (KHTML, like Gecko) Chrome/63.0.3239.132 Safari/537.36"
172.17.0.4 - - [26/Jan/2018:11:50:46 +0000] "POST /api/v4/jobs/request HTTP/1.1" 201 3238 "" "gitlab-runner 10.4.0 (10-4-stable; go1.8.5; linux/amd64)"
172.17.0.1 - - [26/Jan/2018:11:50:46 +0000] "GET /root/test/-/jobs/14/status.json HTTP/1.1" 200 235 "http://gitlab.example.com:30080/root/test/-/jobs/14" "Mozilla/5.0 (Macintosh; Intel Mac OS X 10_13_2) AppleWebKit/537.36 (KHTML, like Gecko) Chrome/63.0.3239.132 Safari/537.36"
172.17.0.4 - - [26/Jan/2018:11:50:49 +0000] "PUT /api/v4/jobs/14 HTTP/1.1" 200 4 "" "gitlab-runner 10.4.0 (10-4-stable; go1.8.5; linux/amd64)"
172.17.0.4 - - [26/Jan/2018:11:50:49 +0000] "PATCH /api/v4/jobs/14/trace HTTP/1.1" 202 7 "" "gitlab-runner 10.4.0 (10-4-stable; go1.8.5; linux/amd64)"
172.17.0.1 - - [26/Jan/2018:11:50:49 +0000] "GET /root/test/-/jobs/14/trace.json?state= HTTP/1.1" 200 601 "http://gitlab.example.com:30080/root/test/-/jobs/14" "Mozilla/5.0 (Macintosh; Intel Mac OS X 10_13_2) AppleWebKit/537.36 (KHTML, like Gecko) Chrome/63.0.3239.132 Safari/537.36"
172.17.0.1 - - [26/Jan/2018:11:50:49 +0000] "GET /root/test/-/jobs/14/status.json HTTP/1.1" 304 0 "http://gitlab.example.com:30080/root/test/-/jobs/14" "Mozilla/5.0 (Macintosh; Intel Mac OS X 10_13_2) AppleWebKit/537.36 (KHTML, like Gecko) Chrome/63.0.3239.132 Safari/537.36"
172.17.0.1 - - [26/Jan/2018:11:50:50 +0000] "GET /root/test/-/jobs/14 HTTP/1.1" 200 8797 "http://gitlab.example.com:30080/root/test/-/jobs/14" "Mozilla/5.0 (Macintosh; Intel Mac OS X 10_13_2) AppleWebKit/537.36 (KHTML, like Gecko) Chrome/63.0.3239.132 Safari/537.36"
172.17.0.1 - - [26/Jan/2018:11:50:50 +0000] "GET /root/test/-/jobs/14/trace.json?state= HTTP/1.1" 304 0 "http://gitlab.example.com:30080/root/test/-/jobs/14" "Mozilla/5.0 (Macintosh; Intel Mac OS X 10_13_2) AppleWebKit/537.36 (KHTML, like Gecko) Chrome/63.0.3239.132 Safari/537.36"
172.17.0.1 - - [26/Jan/2018:11:50:50 +0000] "GET /root/test/-/jobs/14/status.json HTTP/1.1" 304 0 "http://gitlab.example.com:30080/root/test/-/jobs/14" "Mozilla/5.0 (Macintosh; Intel Mac OS X 10_13_2) AppleWebKit/537.36 (KHTML, like Gecko) Chrome/63.0.3239.132 Safari/537.36"
172.17.0.1 - - [26/Jan/2018:11:50:51 +0000] "GET /root/test/-/jobs/14.json HTTP/1.1" 200 966 "http://gitlab.example.com:30080/root/test/-/jobs/14" "Mozilla/5.0 (Macintosh; Intel Mac OS X 10_13_2) AppleWebKit/537.36 (KHTML, like Gecko) Chrome/63.0.3239.132 Safari/537.36"
172.17.0.4 - - [26/Jan/2018:11:50:51 +0000] "PUT /api/v4/jobs/14 HTTP/1.1" 200 4 "" "gitlab-runner 10.4.0 (10-4-stable; go1.8.5; linux/amd64)"
172.17.0.4 - - [26/Jan/2018:11:50:51 +0000] "POST /api/v4/jobs/request HTTP/1.1" 204 0 "" "gitlab-runner 10.4.0 (10-4-stable; go1.8.5; linux/amd64)"
172.17.0.4 - - [26/Jan/2018:11:50:54 +0000] "POST /api/v4/jobs/request HTTP/1.1" 204 0 "" "gitlab-runner 10.4.0 (10-4-stable; go1.8.5; linux/amd64)"
172.17.0.1 - - [26/Jan/2018:11:50:54 +0000] "GET /root/test/-/jobs/14/trace.json?state=eyJvZmZzZXQiOjU3Nywibl9vcGVuX3RhZ3MiOjAsImZnX2NvbG9yIjpudWxsLCJiZ19jb2xvciI6bnVsbCwic3R5bGVfbWFzayI6MH0%3D HTTP/1.1" 200 575 "http://gitlab.example.com:30080/root/test/-/jobs/14" "Mozilla/5.0 (Macintosh; Intel Mac OS X 10_13_2) AppleWebKit/537.36 (KHTML, like Gecko) Chrome/63.0.3239.132 Safari/537.36"
172.17.0.1 - - [26/Jan/2018:11:50:54 +0000] "GET /root/test/-/jobs/14/status.json HTTP/1.1" 200 233 "http://gitlab.example.com:30080/root/test/-/jobs/14" "Mozilla/5.0 (Macintosh; Intel Mac OS X 10_13_2) AppleWebKit/537.36 (KHTML, like Gecko) Chrome/63.0.3239.132 Safari/537.36"
172.17.0.1 - - [26/Jan/2018:11:50:55 +0000] "GET /root/test/-/jobs/14 HTTP/1.1" 200 8935 "http://gitlab.example.com:30080/root/test/-/jobs/14" "Mozilla/5.0 (Macintosh; Intel Mac OS X 10_13_2) AppleWebKit/537.36 (KHTML, like Gecko) Chrome/63.0.3239.132 Safari/537.36"
172.17.0.1 - - [26/Jan/2018:11:50:55 +0000] "GET /root/test/-/jobs/14/trace.json?state= HTTP/1.1" 200 856 "http://gitlab.example.com:30080/root/test/-/jobs/14" "Mozilla/5.0 (Macintosh; Intel Mac OS X 10_13_2) AppleWebKit/537.36 (KHTML, like Gecko) Chrome/63.0.3239.132 Safari/537.36"
172.17.0.1 - - [26/Jan/2018:11:50:56 +0000] "GET /root/test/-/jobs/14/status.json HTTP/1.1" 304 0 "http://gitlab.example.com:30080/root/test/-/jobs/14" "Mozilla/5.0 (Macintosh; Intel Mac OS X 10_13_2) AppleWebKit/537.36 (KHTML, like Gecko) Chrome/63.0.3239.132 Safari/537.36"
172.17.0.1 - - [26/Jan/2018:11:50:56 +0000] "GET /root/test/-/jobs/14.json HTTP/1.1" 200 1064 "http://gitlab.example.com:30080/root/test/-/jobs/14" "Mozilla/5.0 (Macintosh; Intel Mac OS X 10_13_2) AppleWebKit/537.36 (KHTML, like Gecko) Chrome/63.0.3239.132 Safari/537.36"
