172.17.0.4 - - [26/Jan/2018:13:28:40 +0000] "POST /api/v4/jobs/request HTTP/1.1" 204 0 "" "gitlab-runner 10.4.0 (10-4-stable; go1.8.5; linux/amd64)"
172.17.0.4 - - [26/Jan/2018:13:28:43 +0000] "POST /api/v4/jobs/request HTTP/1.1" 204 0 "" "gitlab-runner 10.4.0 (10-4-stable; go1.8.5; linux/amd64)"
172.17.0.4 - - [26/Jan/2018:13:28:46 +0000] "POST /api/v4/jobs/request HTTP/1.1" 204 0 "" "gitlab-runner 10.4.0 (10-4-stable; go1.8.5; linux/amd64)"
172.17.0.4 - - [26/Jan/2018:13:28:49 +0000] "POST /api/v4/jobs/request HTTP/1.1" 204 0 "" "gitlab-runner 10.4.0 (10-4-stable; go1.8.5; linux/amd64)"
172.17.0.4 - - [26/Jan/2018:13:28:52 +0000] "POST /api/v4/jobs/request HTTP/1.1" 204 0 "" "gitlab-runner 10.4.0 (10-4-stable; go1.8.5; linux/amd64)"
127.0.0.1 - - [26/Jan/2018:13:28:55 +0000] "GET /help HTTP/1.1" 200 29646 "" "curl/7.56.1"
172.17.0.4 - - [26/Jan/2018:13:28:55 +0000] "POST /api/v4/jobs/request HTTP/1.1" 204 0 "" "gitlab-runner 10.4.0 (10-4-stable; go1.8.5; linux/amd64)"
172.17.0.4 - - [26/Jan/2018:13:28:58 +0000] "POST /api/v4/jobs/request HTTP/1.1" 204 0 "" "gitlab-runner 10.4.0 (10-4-stable; go1.8.5; linux/amd64)"
172.17.0.4 - - [26/Jan/2018:13:29:01 +0000] "POST /api/v4/jobs/request HTTP/1.1" 204 0 "" "gitlab-runner 10.4.0 (10-4-stable; go1.8.5; linux/amd64)"
172.17.0.4 - - [26/Jan/2018:13:29:04 +0000] "POST /api/v4/jobs/request HTTP/1.1" 204 0 "" "gitlab-runner 10.4.0 (10-4-stable; go1.8.5; linux/amd64)"
172.17.0.4 - - [26/Jan/2018:13:29:07 +0000] "POST /api/v4/jobs/request HTTP/1.1" 204 0 "" "gitlab-runner 10.4.0 (10-4-stable; go1.8.5; linux/amd64)"
172.17.0.1 - - [26/Jan/2018:13:29:07 +0000] "GET /root/test/-/jobs/16.json HTTP/1.1" 304 0 "http://gitlab.example.com:30080/root/test/-/jobs/16" "Mozilla/5.0 (Macintosh; Intel Mac OS X 10_13_2) AppleWebKit/537.36 (KHTML, like Gecko) Chrome/63.0.3239.132 Safari/537.36"
172.17.0.4 - - [26/Jan/2018:13:29:10 +0000] "POST /api/v4/jobs/request HTTP/1.1" 204 0 "" "gitlab-runner 10.4.0 (10-4-stable; go1.8.5; linux/amd64)"
172.17.0.4 - - [26/Jan/2018:13:29:13 +0000] "POST /api/v4/jobs/request HTTP/1.1" 204 0 "" "gitlab-runner 10.4.0 (10-4-stable; go1.8.5; linux/amd64)"
172.17.0.4 - - [26/Jan/2018:13:29:16 +0000] "POST /api/v4/jobs/request HTTP/1.1" 204 0 "" "gitlab-runner 10.4.0 (10-4-stable; go1.8.5; linux/amd64)"
172.17.0.1 - - [26/Jan/2018:13:29:18 +0000] "GET /root/test/-/jobs/16.json HTTP/1.1" 304 0 "http://gitlab.example.com:30080/root/test/-/jobs/16" "Mozilla/5.0 (Macintosh; Intel Mac OS X 10_13_2) AppleWebKit/537.36 (KHTML, like Gecko) Chrome/63.0.3239.132 Safari/537.36"
172.17.0.1 - - [26/Jan/2018:13:29:18 +0000] "GET /root/test/tree/master HTTP/1.1" 200 10717 "http://gitlab.example.com:30080/root/test/-/jobs/16" "Mozilla/5.0 (Macintosh; Intel Mac OS X 10_13_2) AppleWebKit/537.36 (KHTML, like Gecko) Chrome/63.0.3239.132 Safari/537.36"
172.17.0.1 - - [26/Jan/2018:13:29:19 +0000] "GET /root/test/blob/master/README.md?format=json&viewer=rich HTTP/1.1" 304 0 "http://gitlab.example.com:30080/root/test/tree/master" "Mozilla/5.0 (Macintosh; Intel Mac OS X 10_13_2) AppleWebKit/537.36 (KHTML, like Gecko) Chrome/63.0.3239.132 Safari/537.36"
172.17.0.4 - - [26/Jan/2018:13:29:19 +0000] "POST /api/v4/jobs/request HTTP/1.1" 204 0 "" "gitlab-runner 10.4.0 (10-4-stable; go1.8.5; linux/amd64)"
172.17.0.1 - - [26/Jan/2018:13:29:19 +0000] "GET /root/test/refs/master/logs_tree/?_=1516973356027 HTTP/1.1" 200 594 "http://gitlab.example.com:30080/root/test/tree/master" "Mozilla/5.0 (Macintosh; Intel Mac OS X 10_13_2) AppleWebKit/537.36 (KHTML, like Gecko) Chrome/63.0.3239.132 Safari/537.36"
172.17.0.1 - - [26/Jan/2018:13:29:21 +0000] "GET /root/test/blob/master/.gitlab-ci.yml HTTP/1.1" 200 10554 "http://gitlab.example.com:30080/root/test/tree/master" "Mozilla/5.0 (Macintosh; Intel Mac OS X 10_13_2) AppleWebKit/537.36 (KHTML, like Gecko) Chrome/63.0.3239.132 Safari/537.36"
172.17.0.1 - - [26/Jan/2018:13:29:22 +0000] "GET /root/test/blob/master/.gitlab-ci.yml?format=json&viewer=simple HTTP/1.1" 304 0 "http://gitlab.example.com:30080/root/test/blob/master/.gitlab-ci.yml" "Mozilla/5.0 (Macintosh; Intel Mac OS X 10_13_2) AppleWebKit/537.36 (KHTML, like Gecko) Chrome/63.0.3239.132 Safari/537.36"
172.17.0.1 - - [26/Jan/2018:13:29:22 +0000] "GET /root/test/blob/master/.gitlab-ci.yml?format=json&viewer=auxiliary HTTP/1.1" 304 0 "http://gitlab.example.com:30080/root/test/blob/master/.gitlab-ci.yml" "Mozilla/5.0 (Macintosh; Intel Mac OS X 10_13_2) AppleWebKit/537.36 (KHTML, like Gecko) Chrome/63.0.3239.132 Safari/537.36"
172.17.0.4 - - [26/Jan/2018:13:29:22 +0000] "POST /api/v4/jobs/request HTTP/1.1" 204 0 "" "gitlab-runner 10.4.0 (10-4-stable; go1.8.5; linux/amd64)"
172.17.0.1 - - [26/Jan/2018:13:29:24 +0000] "GET /root/test/edit/master/.gitlab-ci.yml HTTP/1.1" 200 11745 "http://gitlab.example.com:30080/root/test/blob/master/.gitlab-ci.yml" "Mozilla/5.0 (Macintosh; Intel Mac OS X 10_13_2) AppleWebKit/537.36 (KHTML, like Gecko) Chrome/63.0.3239.132 Safari/537.36"
172.17.0.4 - - [26/Jan/2018:13:29:25 +0000] "POST /api/v4/jobs/request HTTP/1.1" 204 0 "" "gitlab-runner 10.4.0 (10-4-stable; go1.8.5; linux/amd64)"
172.17.0.4 - - [26/Jan/2018:13:29:28 +0000] "POST /api/v4/jobs/request HTTP/1.1" 204 0 "" "gitlab-runner 10.4.0 (10-4-stable; go1.8.5; linux/amd64)"
172.17.0.4 - - [26/Jan/2018:13:29:31 +0000] "POST /api/v4/jobs/request HTTP/1.1" 204 0 "" "gitlab-runner 10.4.0 (10-4-stable; go1.8.5; linux/amd64)"
172.17.0.4 - - [26/Jan/2018:13:29:34 +0000] "POST /api/v4/jobs/request HTTP/1.1" 204 0 "" "gitlab-runner 10.4.0 (10-4-stable; go1.8.5; linux/amd64)"
172.17.0.4 - - [26/Jan/2018:13:29:37 +0000] "POST /api/v4/jobs/request HTTP/1.1" 204 0 "" "gitlab-runner 10.4.0 (10-4-stable; go1.8.5; linux/amd64)"
172.17.0.4 - - [26/Jan/2018:13:29:40 +0000] "POST /api/v4/jobs/request HTTP/1.1" 204 0 "" "gitlab-runner 10.4.0 (10-4-stable; go1.8.5; linux/amd64)"
172.17.0.4 - - [26/Jan/2018:13:29:43 +0000] "POST /api/v4/jobs/request HTTP/1.1" 204 0 "" "gitlab-runner 10.4.0 (10-4-stable; go1.8.5; linux/amd64)"
172.17.0.4 - - [26/Jan/2018:13:29:46 +0000] "POST /api/v4/jobs/request HTTP/1.1" 204 0 "" "gitlab-runner 10.4.0 (10-4-stable; go1.8.5; linux/amd64)"
172.17.0.4 - - [26/Jan/2018:13:29:49 +0000] "POST /api/v4/jobs/request HTTP/1.1" 204 0 "" "gitlab-runner 10.4.0 (10-4-stable; go1.8.5; linux/amd64)"
172.17.0.4 - - [26/Jan/2018:13:29:52 +0000] "POST /api/v4/jobs/request HTTP/1.1" 204 0 "" "gitlab-runner 10.4.0 (10-4-stable; go1.8.5; linux/amd64)"
172.17.0.4 - - [26/Jan/2018:13:29:55 +0000] "POST /api/v4/jobs/request HTTP/1.1" 204 0 "" "gitlab-runner 10.4.0 (10-4-stable; go1.8.5; linux/amd64)"
127.0.0.1 - - [26/Jan/2018:13:29:55 +0000] "GET /help HTTP/1.1" 200 29670 "" "curl/7.56.1"
172.17.0.4 - - [26/Jan/2018:13:29:58 +0000] "POST /api/v4/jobs/request HTTP/1.1" 204 0 "" "gitlab-runner 10.4.0 (10-4-stable; go1.8.5; linux/amd64)"
172.17.0.4 - - [26/Jan/2018:13:30:01 +0000] "POST /api/v4/jobs/request HTTP/1.1" 204 0 "" "gitlab-runner 10.4.0 (10-4-stable; go1.8.5; linux/amd64)"
172.17.0.4 - - [26/Jan/2018:13:30:04 +0000] "POST /api/v4/jobs/request HTTP/1.1" 204 0 "" "gitlab-runner 10.4.0 (10-4-stable; go1.8.5; linux/amd64)"
172.17.0.4 - - [26/Jan/2018:13:30:07 +0000] "POST /api/v4/jobs/request HTTP/1.1" 204 0 "" "gitlab-runner 10.4.0 (10-4-stable; go1.8.5; linux/amd64)"
172.17.0.4 - - [26/Jan/2018:13:30:10 +0000] "POST /api/v4/jobs/request HTTP/1.1" 204 0 "" "gitlab-runner 10.4.0 (10-4-stable; go1.8.5; linux/amd64)"
172.17.0.4 - - [26/Jan/2018:13:30:13 +0000] "POST /api/v4/jobs/request HTTP/1.1" 204 0 "" "gitlab-runner 10.4.0 (10-4-stable; go1.8.5; linux/amd64)"
172.17.0.4 - - [26/Jan/2018:13:30:16 +0000] "POST /api/v4/jobs/request HTTP/1.1" 204 0 "" "gitlab-runner 10.4.0 (10-4-stable; go1.8.5; linux/amd64)"
172.17.0.4 - - [26/Jan/2018:13:30:19 +0000] "POST /api/v4/jobs/request HTTP/1.1" 204 0 "" "gitlab-runner 10.4.0 (10-4-stable; go1.8.5; linux/amd64)"
172.17.0.4 - - [26/Jan/2018:13:30:22 +0000] "POST /api/v4/jobs/request HTTP/1.1" 204 0 "" "gitlab-runner 10.4.0 (10-4-stable; go1.8.5; linux/amd64)"
172.17.0.4 - - [26/Jan/2018:13:30:25 +0000] "POST /api/v4/jobs/request HTTP/1.1" 204 0 "" "gitlab-runner 10.4.0 (10-4-stable; go1.8.5; linux/amd64)"
172.17.0.4 - - [26/Jan/2018:13:30:28 +0000] "POST /api/v4/jobs/request HTTP/1.1" 204 0 "" "gitlab-runner 10.4.0 (10-4-stable; go1.8.5; linux/amd64)"
172.17.0.4 - - [26/Jan/2018:13:30:31 +0000] "POST /api/v4/jobs/request HTTP/1.1" 204 0 "" "gitlab-runner 10.4.0 (10-4-stable; go1.8.5; linux/amd64)"
172.17.0.4 - - [26/Jan/2018:13:30:34 +0000] "POST /api/v4/jobs/request HTTP/1.1" 204 0 "" "gitlab-runner 10.4.0 (10-4-stable; go1.8.5; linux/amd64)"
172.17.0.4 - - [26/Jan/2018:13:30:37 +0000] "POST /api/v4/jobs/request HTTP/1.1" 204 0 "" "gitlab-runner 10.4.0 (10-4-stable; go1.8.5; linux/amd64)"
172.17.0.4 - - [26/Jan/2018:13:30:40 +0000] "POST /api/v4/jobs/request HTTP/1.1" 204 0 "" "gitlab-runner 10.4.0 (10-4-stable; go1.8.5; linux/amd64)"
172.17.0.4 - - [26/Jan/2018:13:30:43 +0000] "POST /api/v4/jobs/request HTTP/1.1" 204 0 "" "gitlab-runner 10.4.0 (10-4-stable; go1.8.5; linux/amd64)"
172.17.0.4 - - [26/Jan/2018:13:30:46 +0000] "POST /api/v4/jobs/request HTTP/1.1" 204 0 "" "gitlab-runner 10.4.0 (10-4-stable; go1.8.5; linux/amd64)"
172.17.0.4 - - [26/Jan/2018:13:30:49 +0000] "POST /api/v4/jobs/request HTTP/1.1" 204 0 "" "gitlab-runner 10.4.0 (10-4-stable; go1.8.5; linux/amd64)"
172.17.0.4 - - [26/Jan/2018:13:30:52 +0000] "POST /api/v4/jobs/request HTTP/1.1" 204 0 "" "gitlab-runner 10.4.0 (10-4-stable; go1.8.5; linux/amd64)"
172.17.0.4 - - [26/Jan/2018:13:30:55 +0000] "POST /api/v4/jobs/request HTTP/1.1" 204 0 "" "gitlab-runner 10.4.0 (10-4-stable; go1.8.5; linux/amd64)"
127.0.0.1 - - [26/Jan/2018:13:30:55 +0000] "GET /help HTTP/1.1" 200 29669 "" "curl/7.56.1"
172.17.0.4 - - [26/Jan/2018:13:30:58 +0000] "POST /api/v4/jobs/request HTTP/1.1" 204 0 "" "gitlab-runner 10.4.0 (10-4-stable; go1.8.5; linux/amd64)"
172.17.0.4 - - [26/Jan/2018:13:31:01 +0000] "POST /api/v4/jobs/request HTTP/1.1" 204 0 "" "gitlab-runner 10.4.0 (10-4-stable; go1.8.5; linux/amd64)"
172.17.0.4 - - [26/Jan/2018:13:31:04 +0000] "POST /api/v4/jobs/request HTTP/1.1" 204 0 "" "gitlab-runner 10.4.0 (10-4-stable; go1.8.5; linux/amd64)"
172.17.0.4 - - [26/Jan/2018:13:31:07 +0000] "POST /api/v4/jobs/request HTTP/1.1" 204 0 "" "gitlab-runner 10.4.0 (10-4-stable; go1.8.5; linux/amd64)"
172.17.0.4 - - [26/Jan/2018:13:31:10 +0000] "POST /api/v4/jobs/request HTTP/1.1" 204 0 "" "gitlab-runner 10.4.0 (10-4-stable; go1.8.5; linux/amd64)"
172.17.0.4 - - [26/Jan/2018:13:31:13 +0000] "POST /api/v4/jobs/request HTTP/1.1" 204 0 "" "gitlab-runner 10.4.0 (10-4-stable; go1.8.5; linux/amd64)"
172.17.0.4 - - [26/Jan/2018:13:31:16 +0000] "POST /api/v4/jobs/request HTTP/1.1" 204 0 "" "gitlab-runner 10.4.0 (10-4-stable; go1.8.5; linux/amd64)"
172.17.0.4 - - [26/Jan/2018:13:31:19 +0000] "POST /api/v4/jobs/request HTTP/1.1" 204 0 "" "gitlab-runner 10.4.0 (10-4-stable; go1.8.5; linux/amd64)"
172.17.0.4 - - [26/Jan/2018:13:31:22 +0000] "POST /api/v4/jobs/request HTTP/1.1" 204 0 "" "gitlab-runner 10.4.0 (10-4-stable; go1.8.5; linux/amd64)"
172.17.0.4 - - [26/Jan/2018:13:31:25 +0000] "POST /api/v4/jobs/request HTTP/1.1" 204 0 "" "gitlab-runner 10.4.0 (10-4-stable; go1.8.5; linux/amd64)"
172.17.0.4 - - [26/Jan/2018:13:31:28 +0000] "POST /api/v4/jobs/request HTTP/1.1" 204 0 "" "gitlab-runner 10.4.0 (10-4-stable; go1.8.5; linux/amd64)"
172.17.0.4 - - [26/Jan/2018:13:31:31 +0000] "POST /api/v4/jobs/request HTTP/1.1" 204 0 "" "gitlab-runner 10.4.0 (10-4-stable; go1.8.5; linux/amd64)"
172.17.0.4 - - [26/Jan/2018:13:31:34 +0000] "POST /api/v4/jobs/request HTTP/1.1" 204 0 "" "gitlab-runner 10.4.0 (10-4-stable; go1.8.5; linux/amd64)"
172.17.0.4 - - [26/Jan/2018:13:31:37 +0000] "POST /api/v4/jobs/request HTTP/1.1" 204 0 "" "gitlab-runner 10.4.0 (10-4-stable; go1.8.5; linux/amd64)"
172.17.0.4 - - [26/Jan/2018:13:31:40 +0000] "POST /api/v4/jobs/request HTTP/1.1" 204 0 "" "gitlab-runner 10.4.0 (10-4-stable; go1.8.5; linux/amd64)"
172.17.0.4 - - [26/Jan/2018:13:31:43 +0000] "POST /api/v4/jobs/request HTTP/1.1" 204 0 "" "gitlab-runner 10.4.0 (10-4-stable; go1.8.5; linux/amd64)"
172.17.0.1 - - [26/Jan/2018:13:31:46 +0000] "GET /dashboard/projects HTTP/1.1" 200 6459 "http://gitlab.example.com:30080/root/test/edit/master/.gitlab-ci.yml" "Mozilla/5.0 (Macintosh; Intel Mac OS X 10_13_2) AppleWebKit/537.36 (KHTML, like Gecko) Chrome/63.0.3239.132 Safari/537.36"
172.17.0.4 - - [26/Jan/2018:13:31:46 +0000] "POST /api/v4/jobs/request HTTP/1.1" 204 0 "" "gitlab-runner 10.4.0 (10-4-stable; go1.8.5; linux/amd64)"
172.17.0.4 - - [26/Jan/2018:13:31:49 +0000] "POST /api/v4/jobs/request HTTP/1.1" 204 0 "" "gitlab-runner 10.4.0 (10-4-stable; go1.8.5; linux/amd64)"
172.17.0.1 - - [26/Jan/2018:13:31:51 +0000] "GET /root/test HTTP/1.1" 200 13697 "http://gitlab.example.com:30080/dashboard/projects" "Mozilla/5.0 (Macintosh; Intel Mac OS X 10_13_2) AppleWebKit/537.36 (KHTML, like Gecko) Chrome/63.0.3239.132 Safari/537.36"
172.17.0.1 - - [26/Jan/2018:13:31:51 +0000] "GET /root/test/blob/master/README.md?format=json&viewer=rich HTTP/1.1" 304 0 "http://gitlab.example.com:30080/root/test" "Mozilla/5.0 (Macintosh; Intel Mac OS X 10_13_2) AppleWebKit/537.36 (KHTML, like Gecko) Chrome/63.0.3239.132 Safari/537.36"
172.17.0.1 - - [26/Jan/2018:13:31:51 +0000] "GET /root/test/refs/master/logs_tree/?_=1516973508421 HTTP/1.1" 200 594 "http://gitlab.example.com:30080/root/test" "Mozilla/5.0 (Macintosh; Intel Mac OS X 10_13_2) AppleWebKit/537.36 (KHTML, like Gecko) Chrome/63.0.3239.132 Safari/537.36"
172.17.0.4 - - [26/Jan/2018:13:31:52 +0000] "POST /api/v4/jobs/request HTTP/1.1" 204 0 "" "gitlab-runner 10.4.0 (10-4-stable; go1.8.5; linux/amd64)"
172.17.0.4 - - [26/Jan/2018:13:31:55 +0000] "POST /api/v4/jobs/request HTTP/1.1" 204 0 "" "gitlab-runner 10.4.0 (10-4-stable; go1.8.5; linux/amd64)"
127.0.0.1 - - [26/Jan/2018:13:31:56 +0000] "GET /help HTTP/1.1" 200 29639 "" "curl/7.56.1"
172.17.0.4 - - [26/Jan/2018:13:31:58 +0000] "POST /api/v4/jobs/request HTTP/1.1" 204 0 "" "gitlab-runner 10.4.0 (10-4-stable; go1.8.5; linux/amd64)"
172.17.0.4 - - [26/Jan/2018:13:32:01 +0000] "POST /api/v4/jobs/request HTTP/1.1" 204 0 "" "gitlab-runner 10.4.0 (10-4-stable; go1.8.5; linux/amd64)"
172.17.0.4 - - [26/Jan/2018:13:32:04 +0000] "POST /api/v4/jobs/request HTTP/1.1" 204 0 "" "gitlab-runner 10.4.0 (10-4-stable; go1.8.5; linux/amd64)"
172.17.0.4 - - [26/Jan/2018:13:32:07 +0000] "POST /api/v4/jobs/request HTTP/1.1" 204 0 "" "gitlab-runner 10.4.0 (10-4-stable; go1.8.5; linux/amd64)"
172.17.0.4 - - [26/Jan/2018:13:32:10 +0000] "POST /api/v4/jobs/request HTTP/1.1" 204 0 "" "gitlab-runner 10.4.0 (10-4-stable; go1.8.5; linux/amd64)"
172.17.0.4 - - [26/Jan/2018:13:32:13 +0000] "POST /api/v4/jobs/request HTTP/1.1" 204 0 "" "gitlab-runner 10.4.0 (10-4-stable; go1.8.5; linux/amd64)"
172.17.0.4 - - [26/Jan/2018:13:32:16 +0000] "POST /api/v4/jobs/request HTTP/1.1" 204 0 "" "gitlab-runner 10.4.0 (10-4-stable; go1.8.5; linux/amd64)"
172.17.0.4 - - [26/Jan/2018:13:32:19 +0000] "POST /api/v4/jobs/request HTTP/1.1" 204 0 "" "gitlab-runner 10.4.0 (10-4-stable; go1.8.5; linux/amd64)"
172.17.0.1 - - [26/Jan/2018:13:32:21 +0000] "GET /root/test/pipelines HTTP/1.1" 200 7557 "http://gitlab.example.com:30080/root/test" "Mozilla/5.0 (Macintosh; Intel Mac OS X 10_13_2) AppleWebKit/537.36 (KHTML, like Gecko) Chrome/63.0.3239.132 Safari/537.36"
172.17.0.4 - - [26/Jan/2018:13:32:22 +0000] "POST /api/v4/jobs/request HTTP/1.1" 204 0 "" "gitlab-runner 10.4.0 (10-4-stable; go1.8.5; linux/amd64)"
172.17.0.1 - - [26/Jan/2018:13:32:22 +0000] "GET /root/test/pipelines.json?scope=all&page=1 HTTP/1.1" 200 2076 "http://gitlab.example.com:30080/root/test/pipelines" "Mozilla/5.0 (Macintosh; Intel Mac OS X 10_13_2) AppleWebKit/537.36 (KHTML, like Gecko) Chrome/63.0.3239.132 Safari/537.36"
172.17.0.4 - - [26/Jan/2018:13:32:25 +0000] "POST /api/v4/jobs/request HTTP/1.1" 204 0 "" "gitlab-runner 10.4.0 (10-4-stable; go1.8.5; linux/amd64)"
172.17.0.4 - - [26/Jan/2018:13:32:28 +0000] "POST /api/v4/jobs/request HTTP/1.1" 204 0 "" "gitlab-runner 10.4.0 (10-4-stable; go1.8.5; linux/amd64)"
172.17.0.4 - - [26/Jan/2018:13:32:31 +0000] "POST /api/v4/jobs/request HTTP/1.1" 204 0 "" "gitlab-runner 10.4.0 (10-4-stable; go1.8.5; linux/amd64)"
172.17.0.1 - - [26/Jan/2018:13:32:32 +0000] "GET /root/test/pipelines.json?scope=all&page=1 HTTP/1.1" 304 0 "http://gitlab.example.com:30080/root/test/pipelines" "Mozilla/5.0 (Macintosh; Intel Mac OS X 10_13_2) AppleWebKit/537.36 (KHTML, like Gecko) Chrome/63.0.3239.132 Safari/537.36"
172.17.0.1 - - [26/Jan/2018:13:32:33 +0000] "GET /root/test/edit HTTP/1.1" 200 11826 "http://gitlab.example.com:30080/root/test/pipelines" "Mozilla/5.0 (Macintosh; Intel Mac OS X 10_13_2) AppleWebKit/537.36 (KHTML, like Gecko) Chrome/63.0.3239.132 Safari/537.36"
172.17.0.1 - - [26/Jan/2018:13:32:33 +0000] "GET /assets/webpack/project_permissions.ee59c53d2e4a277b7817.chunk.js HTTP/1.1" 200 4294 "http://gitlab.example.com:30080/root/test/edit" "Mozilla/5.0 (Macintosh; Intel Mac OS X 10_13_2) AppleWebKit/537.36 (KHTML, like Gecko) Chrome/63.0.3239.132 Safari/537.36"
172.17.0.4 - - [26/Jan/2018:13:32:34 +0000] "POST /api/v4/jobs/request HTTP/1.1" 204 0 "" "gitlab-runner 10.4.0 (10-4-stable; go1.8.5; linux/amd64)"
172.17.0.4 - - [26/Jan/2018:13:32:37 +0000] "POST /api/v4/jobs/request HTTP/1.1" 204 0 "" "gitlab-runner 10.4.0 (10-4-stable; go1.8.5; linux/amd64)"
172.17.0.4 - - [26/Jan/2018:13:32:40 +0000] "POST /api/v4/jobs/request HTTP/1.1" 204 0 "" "gitlab-runner 10.4.0 (10-4-stable; go1.8.5; linux/amd64)"
172.17.0.4 - - [26/Jan/2018:13:32:43 +0000] "POST /api/v4/jobs/request HTTP/1.1" 204 0 "" "gitlab-runner 10.4.0 (10-4-stable; go1.8.5; linux/amd64)"
172.17.0.4 - - [26/Jan/2018:13:32:46 +0000] "POST /api/v4/jobs/request HTTP/1.1" 204 0 "" "gitlab-runner 10.4.0 (10-4-stable; go1.8.5; linux/amd64)"
172.17.0.4 - - [26/Jan/2018:13:32:49 +0000] "POST /api/v4/jobs/request HTTP/1.1" 204 0 "" "gitlab-runner 10.4.0 (10-4-stable; go1.8.5; linux/amd64)"
172.17.0.4 - - [26/Jan/2018:13:32:52 +0000] "POST /api/v4/jobs/request HTTP/1.1" 204 0 "" "gitlab-runner 10.4.0 (10-4-stable; go1.8.5; linux/amd64)"
172.17.0.4 - - [26/Jan/2018:13:32:55 +0000] "POST /api/v4/jobs/request HTTP/1.1" 204 0 "" "gitlab-runner 10.4.0 (10-4-stable; go1.8.5; linux/amd64)"
127.0.0.1 - - [26/Jan/2018:13:32:56 +0000] "GET /help HTTP/1.1" 200 29670 "" "curl/7.56.1"
172.17.0.4 - - [26/Jan/2018:13:32:58 +0000] "POST /api/v4/jobs/request HTTP/1.1" 204 0 "" "gitlab-runner 10.4.0 (10-4-stable; go1.8.5; linux/amd64)"
172.17.0.4 - - [26/Jan/2018:13:33:01 +0000] "POST /api/v4/jobs/request HTTP/1.1" 204 0 "" "gitlab-runner 10.4.0 (10-4-stable; go1.8.5; linux/amd64)"
172.17.0.4 - - [26/Jan/2018:13:33:04 +0000] "POST /api/v4/jobs/request HTTP/1.1" 204 0 "" "gitlab-runner 10.4.0 (10-4-stable; go1.8.5; linux/amd64)"
172.17.0.1 - - [26/Jan/2018:13:33:06 +0000] "GET / HTTP/1.1" 200 6439 "http://gitlab.example.com:30080/root/test/edit" "Mozilla/5.0 (Macintosh; Intel Mac OS X 10_13_2) AppleWebKit/537.36 (KHTML, like Gecko) Chrome/63.0.3239.132 Safari/537.36"
172.17.0.4 - - [26/Jan/2018:13:33:07 +0000] "POST /api/v4/jobs/request HTTP/1.1" 204 0 "" "gitlab-runner 10.4.0 (10-4-stable; go1.8.5; linux/amd64)"
172.17.0.4 - - [26/Jan/2018:13:33:10 +0000] "POST /api/v4/jobs/request HTTP/1.1" 204 0 "" "gitlab-runner 10.4.0 (10-4-stable; go1.8.5; linux/amd64)"
172.17.0.1 - - [26/Jan/2018:13:33:12 +0000] "GET /search/autocomplete?project_id=&project_ref=&term=regi HTTP/1.1" 200 2 "http://gitlab.example.com:30080/" "Mozilla/5.0 (Macintosh; Intel Mac OS X 10_13_2) AppleWebKit/537.36 (KHTML, like Gecko) Chrome/63.0.3239.132 Safari/537.36"
172.17.0.1 - - [26/Jan/2018:13:33:13 +0000] "GET /search/autocomplete?project_id=&project_ref=&term=regis HTTP/1.1" 200 2 "http://gitlab.example.com:30080/" "Mozilla/5.0 (Macintosh; Intel Mac OS X 10_13_2) AppleWebKit/537.36 (KHTML, like Gecko) Chrome/63.0.3239.132 Safari/537.36"
172.17.0.4 - - [26/Jan/2018:13:33:13 +0000] "POST /api/v4/jobs/request HTTP/1.1" 204 0 "" "gitlab-runner 10.4.0 (10-4-stable; go1.8.5; linux/amd64)"
172.17.0.1 - - [26/Jan/2018:13:33:13 +0000] "GET /search/autocomplete?project_id=&project_ref=&term=registry HTTP/1.1" 200 2 "http://gitlab.example.com:30080/" "Mozilla/5.0 (Macintosh; Intel Mac OS X 10_13_2) AppleWebKit/537.36 (KHTML, like Gecko) Chrome/63.0.3239.132 Safari/537.36"
172.17.0.1 - - [26/Jan/2018:13:33:14 +0000] "GET /search?utf8=%E2%9C%93&search=registry&group_id=&project_id=&repository_ref= HTTP/1.1" 200 5773 "http://gitlab.example.com:30080/" "Mozilla/5.0 (Macintosh; Intel Mac OS X 10_13_2) AppleWebKit/537.36 (KHTML, like Gecko) Chrome/63.0.3239.132 Safari/537.36"
172.17.0.4 - - [26/Jan/2018:13:33:16 +0000] "POST /api/v4/jobs/request HTTP/1.1" 204 0 "" "gitlab-runner 10.4.0 (10-4-stable; go1.8.5; linux/amd64)"
172.17.0.1 - - [26/Jan/2018:13:33:18 +0000] "GET /admin HTTP/1.1" 200 7407 "http://gitlab.example.com:30080/search" "Mozilla/5.0 (Macintosh; Intel Mac OS X 10_13_2) AppleWebKit/537.36 (KHTML, like Gecko) Chrome/63.0.3239.132 Safari/537.36"
172.17.0.4 - - [26/Jan/2018:13:33:19 +0000] "POST /api/v4/jobs/request HTTP/1.1" 204 0 "" "gitlab-runner 10.4.0 (10-4-stable; go1.8.5; linux/amd64)"
172.17.0.4 - - [26/Jan/2018:13:33:22 +0000] "POST /api/v4/jobs/request HTTP/1.1" 204 0 "" "gitlab-runner 10.4.0 (10-4-stable; go1.8.5; linux/amd64)"
172.17.0.4 - - [26/Jan/2018:13:33:25 +0000] "POST /api/v4/jobs/request HTTP/1.1" 204 0 "" "gitlab-runner 10.4.0 (10-4-stable; go1.8.5; linux/amd64)"
172.17.0.4 - - [26/Jan/2018:13:33:28 +0000] "POST /api/v4/jobs/request HTTP/1.1" 204 0 "" "gitlab-runner 10.4.0 (10-4-stable; go1.8.5; linux/amd64)"
172.17.0.4 - - [26/Jan/2018:13:33:31 +0000] "POST /api/v4/jobs/request HTTP/1.1" 204 0 "" "gitlab-runner 10.4.0 (10-4-stable; go1.8.5; linux/amd64)"
172.17.0.4 - - [26/Jan/2018:13:33:34 +0000] "POST /api/v4/jobs/request HTTP/1.1" 204 0 "" "gitlab-runner 10.4.0 (10-4-stable; go1.8.5; linux/amd64)"
172.17.0.4 - - [26/Jan/2018:13:33:37 +0000] "POST /api/v4/jobs/request HTTP/1.1" 204 0 "" "gitlab-runner 10.4.0 (10-4-stable; go1.8.5; linux/amd64)"
172.17.0.4 - - [26/Jan/2018:13:33:40 +0000] "POST /api/v4/jobs/request HTTP/1.1" 204 0 "" "gitlab-runner 10.4.0 (10-4-stable; go1.8.5; linux/amd64)"
172.17.0.4 - - [26/Jan/2018:13:33:43 +0000] "POST /api/v4/jobs/request HTTP/1.1" 204 0 "" "gitlab-runner 10.4.0 (10-4-stable; go1.8.5; linux/amd64)"
172.17.0.4 - - [26/Jan/2018:13:33:46 +0000] "POST /api/v4/jobs/request HTTP/1.1" 204 0 "" "gitlab-runner 10.4.0 (10-4-stable; go1.8.5; linux/amd64)"
172.17.0.4 - - [26/Jan/2018:13:33:49 +0000] "POST /api/v4/jobs/request HTTP/1.1" 204 0 "" "gitlab-runner 10.4.0 (10-4-stable; go1.8.5; linux/amd64)"
172.17.0.1 - - [26/Jan/2018:13:33:50 +0000] "GET /admin/application_settings HTTP/1.1" 200 18959 "http://gitlab.example.com:30080/admin" "Mozilla/5.0 (Macintosh; Intel Mac OS X 10_13_2) AppleWebKit/537.36 (KHTML, like Gecko) Chrome/63.0.3239.132 Safari/537.36"
172.17.0.4 - - [26/Jan/2018:13:33:52 +0000] "POST /api/v4/jobs/request HTTP/1.1" 204 0 "" "gitlab-runner 10.4.0 (10-4-stable; go1.8.5; linux/amd64)"
172.17.0.4 - - [26/Jan/2018:13:33:55 +0000] "POST /api/v4/jobs/request HTTP/1.1" 204 0 "" "gitlab-runner 10.4.0 (10-4-stable; go1.8.5; linux/amd64)"
127.0.0.1 - - [26/Jan/2018:13:33:56 +0000] "GET /help HTTP/1.1" 200 29670 "" "curl/7.56.1"
172.17.0.4 - - [26/Jan/2018:13:33:58 +0000] "POST /api/v4/jobs/request HTTP/1.1" 204 0 "" "gitlab-runner 10.4.0 (10-4-stable; go1.8.5; linux/amd64)"
172.17.0.4 - - [26/Jan/2018:13:34:01 +0000] "POST /api/v4/jobs/request HTTP/1.1" 204 0 "" "gitlab-runner 10.4.0 (10-4-stable; go1.8.5; linux/amd64)"
172.17.0.4 - - [26/Jan/2018:13:34:04 +0000] "POST /api/v4/jobs/request HTTP/1.1" 204 0 "" "gitlab-runner 10.4.0 (10-4-stable; go1.8.5; linux/amd64)"
172.17.0.4 - - [26/Jan/2018:13:34:07 +0000] "POST /api/v4/jobs/request HTTP/1.1" 204 0 "" "gitlab-runner 10.4.0 (10-4-stable; go1.8.5; linux/amd64)"
172.17.0.4 - - [26/Jan/2018:13:34:10 +0000] "POST /api/v4/jobs/request HTTP/1.1" 204 0 "" "gitlab-runner 10.4.0 (10-4-stable; go1.8.5; linux/amd64)"
172.17.0.4 - - [26/Jan/2018:13:34:13 +0000] "POST /api/v4/jobs/request HTTP/1.1" 204 0 "" "gitlab-runner 10.4.0 (10-4-stable; go1.8.5; linux/amd64)"
172.17.0.4 - - [26/Jan/2018:13:34:16 +0000] "POST /api/v4/jobs/request HTTP/1.1" 204 0 "" "gitlab-runner 10.4.0 (10-4-stable; go1.8.5; linux/amd64)"
172.17.0.4 - - [26/Jan/2018:13:34:19 +0000] "POST /api/v4/jobs/request HTTP/1.1" 204 0 "" "gitlab-runner 10.4.0 (10-4-stable; go1.8.5; linux/amd64)"
172.17.0.4 - - [26/Jan/2018:13:34:22 +0000] "POST /api/v4/jobs/request HTTP/1.1" 204 0 "" "gitlab-runner 10.4.0 (10-4-stable; go1.8.5; linux/amd64)"
172.17.0.4 - - [26/Jan/2018:13:34:25 +0000] "POST /api/v4/jobs/request HTTP/1.1" 204 0 "" "gitlab-runner 10.4.0 (10-4-stable; go1.8.5; linux/amd64)"
172.17.0.4 - - [26/Jan/2018:13:34:28 +0000] "POST /api/v4/jobs/request HTTP/1.1" 204 0 "" "gitlab-runner 10.4.0 (10-4-stable; go1.8.5; linux/amd64)"
172.17.0.4 - - [26/Jan/2018:13:34:31 +0000] "POST /api/v4/jobs/request HTTP/1.1" 204 0 "" "gitlab-runner 10.4.0 (10-4-stable; go1.8.5; linux/amd64)"
172.17.0.4 - - [26/Jan/2018:13:34:34 +0000] "POST /api/v4/jobs/request HTTP/1.1" 204 0 "" "gitlab-runner 10.4.0 (10-4-stable; go1.8.5; linux/amd64)"
172.17.0.1 - - [26/Jan/2018:13:34:35 +0000] "GET /admin HTTP/1.1" 200 7413 "http://gitlab.example.com:30080/admin/application_settings" "Mozilla/5.0 (Macintosh; Intel Mac OS X 10_13_2) AppleWebKit/537.36 (KHTML, like Gecko) Chrome/63.0.3239.132 Safari/537.36"
172.17.0.4 - - [26/Jan/2018:13:34:37 +0000] "POST /api/v4/jobs/request HTTP/1.1" 204 0 "" "gitlab-runner 10.4.0 (10-4-stable; go1.8.5; linux/amd64)"
172.17.0.4 - - [26/Jan/2018:13:34:40 +0000] "POST /api/v4/jobs/request HTTP/1.1" 204 0 "" "gitlab-runner 10.4.0 (10-4-stable; go1.8.5; linux/amd64)"
172.17.0.4 - - [26/Jan/2018:13:34:43 +0000] "POST /api/v4/jobs/request HTTP/1.1" 204 0 "" "gitlab-runner 10.4.0 (10-4-stable; go1.8.5; linux/amd64)"
172.17.0.4 - - [26/Jan/2018:13:34:46 +0000] "POST /api/v4/jobs/request HTTP/1.1" 204 0 "" "gitlab-runner 10.4.0 (10-4-stable; go1.8.5; linux/amd64)"
172.17.0.4 - - [26/Jan/2018:13:34:49 +0000] "POST /api/v4/jobs/request HTTP/1.1" 204 0 "" "gitlab-runner 10.4.0 (10-4-stable; go1.8.5; linux/amd64)"
172.17.0.4 - - [26/Jan/2018:13:34:52 +0000] "POST /api/v4/jobs/request HTTP/1.1" 204 0 "" "gitlab-runner 10.4.0 (10-4-stable; go1.8.5; linux/amd64)"
172.17.0.1 - - [26/Jan/2018:13:34:54 +0000] "GET /admin/applications HTTP/1.1" 200 6691 "http://gitlab.example.com:30080/admin" "Mozilla/5.0 (Macintosh; Intel Mac OS X 10_13_2) AppleWebKit/537.36 (KHTML, like Gecko) Chrome/63.0.3239.132 Safari/537.36"
172.17.0.4 - - [26/Jan/2018:13:34:55 +0000] "POST /api/v4/jobs/request HTTP/1.1" 204 0 "" "gitlab-runner 10.4.0 (10-4-stable; go1.8.5; linux/amd64)"
127.0.0.1 - - [26/Jan/2018:13:34:57 +0000] "GET /help HTTP/1.1" 200 29670 "" "curl/7.56.1"
172.17.0.4 - - [26/Jan/2018:13:34:58 +0000] "POST /api/v4/jobs/request HTTP/1.1" 204 0 "" "gitlab-runner 10.4.0 (10-4-stable; go1.8.5; linux/amd64)"
172.17.0.4 - - [26/Jan/2018:13:35:01 +0000] "POST /api/v4/jobs/request HTTP/1.1" 204 0 "" "gitlab-runner 10.4.0 (10-4-stable; go1.8.5; linux/amd64)"
172.17.0.4 - - [26/Jan/2018:13:35:04 +0000] "POST /api/v4/jobs/request HTTP/1.1" 204 0 "" "gitlab-runner 10.4.0 (10-4-stable; go1.8.5; linux/amd64)"
172.17.0.4 - - [26/Jan/2018:13:35:07 +0000] "POST /api/v4/jobs/request HTTP/1.1" 204 0 "" "gitlab-runner 10.4.0 (10-4-stable; go1.8.5; linux/amd64)"
172.17.0.4 - - [26/Jan/2018:13:35:10 +0000] "POST /api/v4/jobs/request HTTP/1.1" 204 0 "" "gitlab-runner 10.4.0 (10-4-stable; go1.8.5; linux/amd64)"
172.17.0.4 - - [26/Jan/2018:13:35:13 +0000] "POST /api/v4/jobs/request HTTP/1.1" 204 0 "" "gitlab-runner 10.4.0 (10-4-stable; go1.8.5; linux/amd64)"
172.17.0.4 - - [26/Jan/2018:13:35:16 +0000] "POST /api/v4/jobs/request HTTP/1.1" 204 0 "" "gitlab-runner 10.4.0 (10-4-stable; go1.8.5; linux/amd64)"
172.17.0.4 - - [26/Jan/2018:13:35:19 +0000] "POST /api/v4/jobs/request HTTP/1.1" 204 0 "" "gitlab-runner 10.4.0 (10-4-stable; go1.8.5; linux/amd64)"
172.17.0.4 - - [26/Jan/2018:13:35:22 +0000] "POST /api/v4/jobs/request HTTP/1.1" 204 0 "" "gitlab-runner 10.4.0 (10-4-stable; go1.8.5; linux/amd64)"
172.17.0.4 - - [26/Jan/2018:13:35:25 +0000] "POST /api/v4/jobs/request HTTP/1.1" 204 0 "" "gitlab-runner 10.4.0 (10-4-stable; go1.8.5; linux/amd64)"
172.17.0.4 - - [26/Jan/2018:13:35:28 +0000] "POST /api/v4/jobs/request HTTP/1.1" 204 0 "" "gitlab-runner 10.4.0 (10-4-stable; go1.8.5; linux/amd64)"
172.17.0.4 - - [26/Jan/2018:13:35:31 +0000] "POST /api/v4/jobs/request HTTP/1.1" 204 0 "" "gitlab-runner 10.4.0 (10-4-stable; go1.8.5; linux/amd64)"
172.17.0.4 - - [26/Jan/2018:13:35:34 +0000] "POST /api/v4/jobs/request HTTP/1.1" 204 0 "" "gitlab-runner 10.4.0 (10-4-stable; go1.8.5; linux/amd64)"
172.17.0.4 - - [26/Jan/2018:13:35:37 +0000] "POST /api/v4/jobs/request HTTP/1.1" 204 0 "" "gitlab-runner 10.4.0 (10-4-stable; go1.8.5; linux/amd64)"
172.17.0.4 - - [26/Jan/2018:13:35:40 +0000] "POST /api/v4/jobs/request HTTP/1.1" 204 0 "" "gitlab-runner 10.4.0 (10-4-stable; go1.8.5; linux/amd64)"
172.17.0.4 - - [26/Jan/2018:13:35:43 +0000] "POST /api/v4/jobs/request HTTP/1.1" 204 0 "" "gitlab-runner 10.4.0 (10-4-stable; go1.8.5; linux/amd64)"
172.17.0.4 - - [26/Jan/2018:13:35:46 +0000] "POST /api/v4/jobs/request HTTP/1.1" 204 0 "" "gitlab-runner 10.4.0 (10-4-stable; go1.8.5; linux/amd64)"
172.17.0.4 - - [26/Jan/2018:13:35:49 +0000] "POST /api/v4/jobs/request HTTP/1.1" 204 0 "" "gitlab-runner 10.4.0 (10-4-stable; go1.8.5; linux/amd64)"
172.17.0.4 - - [26/Jan/2018:13:35:52 +0000] "POST /api/v4/jobs/request HTTP/1.1" 204 0 "" "gitlab-runner 10.4.0 (10-4-stable; go1.8.5; linux/amd64)"
172.17.0.4 - - [26/Jan/2018:13:35:55 +0000] "POST /api/v4/jobs/request HTTP/1.1" 204 0 "" "gitlab-runner 10.4.0 (10-4-stable; go1.8.5; linux/amd64)"
127.0.0.1 - - [26/Jan/2018:13:35:57 +0000] "GET /help HTTP/1.1" 200 29670 "" "curl/7.56.1"
172.17.0.4 - - [26/Jan/2018:13:35:58 +0000] "POST /api/v4/jobs/request HTTP/1.1" 204 0 "" "gitlab-runner 10.4.0 (10-4-stable; go1.8.5; linux/amd64)"
172.17.0.4 - - [26/Jan/2018:13:36:01 +0000] "POST /api/v4/jobs/request HTTP/1.1" 204 0 "" "gitlab-runner 10.4.0 (10-4-stable; go1.8.5; linux/amd64)"
172.17.0.4 - - [26/Jan/2018:13:36:04 +0000] "POST /api/v4/jobs/request HTTP/1.1" 204 0 "" "gitlab-runner 10.4.0 (10-4-stable; go1.8.5; linux/amd64)"
172.17.0.4 - - [26/Jan/2018:13:36:07 +0000] "POST /api/v4/jobs/request HTTP/1.1" 204 0 "" "gitlab-runner 10.4.0 (10-4-stable; go1.8.5; linux/amd64)"
172.17.0.4 - - [26/Jan/2018:13:36:10 +0000] "POST /api/v4/jobs/request HTTP/1.1" 204 0 "" "gitlab-runner 10.4.0 (10-4-stable; go1.8.5; linux/amd64)"
172.17.0.4 - - [26/Jan/2018:13:36:13 +0000] "POST /api/v4/jobs/request HTTP/1.1" 204 0 "" "gitlab-runner 10.4.0 (10-4-stable; go1.8.5; linux/amd64)"
172.17.0.4 - - [26/Jan/2018:13:36:16 +0000] "POST /api/v4/jobs/request HTTP/1.1" 204 0 "" "gitlab-runner 10.4.0 (10-4-stable; go1.8.5; linux/amd64)"
172.17.0.4 - - [26/Jan/2018:13:36:19 +0000] "POST /api/v4/jobs/request HTTP/1.1" 204 0 "" "gitlab-runner 10.4.0 (10-4-stable; go1.8.5; linux/amd64)"
172.17.0.4 - - [26/Jan/2018:13:36:22 +0000] "POST /api/v4/jobs/request HTTP/1.1" 204 0 "" "gitlab-runner 10.4.0 (10-4-stable; go1.8.5; linux/amd64)"
172.17.0.4 - - [26/Jan/2018:13:36:25 +0000] "POST /api/v4/jobs/request HTTP/1.1" 204 0 "" "gitlab-runner 10.4.0 (10-4-stable; go1.8.5; linux/amd64)"
172.17.0.4 - - [26/Jan/2018:13:36:28 +0000] "POST /api/v4/jobs/request HTTP/1.1" 204 0 "" "gitlab-runner 10.4.0 (10-4-stable; go1.8.5; linux/amd64)"
172.17.0.4 - - [26/Jan/2018:13:36:31 +0000] "POST /api/v4/jobs/request HTTP/1.1" 204 0 "" "gitlab-runner 10.4.0 (10-4-stable; go1.8.5; linux/amd64)"
172.17.0.4 - - [26/Jan/2018:13:36:34 +0000] "POST /api/v4/jobs/request HTTP/1.1" 204 0 "" "gitlab-runner 10.4.0 (10-4-stable; go1.8.5; linux/amd64)"
172.17.0.4 - - [26/Jan/2018:13:36:37 +0000] "POST /api/v4/jobs/request HTTP/1.1" 204 0 "" "gitlab-runner 10.4.0 (10-4-stable; go1.8.5; linux/amd64)"
172.17.0.4 - - [26/Jan/2018:13:36:40 +0000] "POST /api/v4/jobs/request HTTP/1.1" 204 0 "" "gitlab-runner 10.4.0 (10-4-stable; go1.8.5; linux/amd64)"
172.17.0.4 - - [26/Jan/2018:13:36:43 +0000] "POST /api/v4/jobs/request HTTP/1.1" 204 0 "" "gitlab-runner 10.4.0 (10-4-stable; go1.8.5; linux/amd64)"
172.17.0.4 - - [26/Jan/2018:13:36:46 +0000] "POST /api/v4/jobs/request HTTP/1.1" 204 0 "" "gitlab-runner 10.4.0 (10-4-stable; go1.8.5; linux/amd64)"
172.17.0.4 - - [26/Jan/2018:13:36:49 +0000] "POST /api/v4/jobs/request HTTP/1.1" 204 0 "" "gitlab-runner 10.4.0 (10-4-stable; go1.8.5; linux/amd64)"
172.17.0.4 - - [26/Jan/2018:13:36:52 +0000] "POST /api/v4/jobs/request HTTP/1.1" 204 0 "" "gitlab-runner 10.4.0 (10-4-stable; go1.8.5; linux/amd64)"
172.17.0.4 - - [26/Jan/2018:13:36:55 +0000] "POST /api/v4/jobs/request HTTP/1.1" 204 0 "" "gitlab-runner 10.4.0 (10-4-stable; go1.8.5; linux/amd64)"
127.0.0.1 - - [26/Jan/2018:13:36:57 +0000] "GET /help HTTP/1.1" 200 29670 "" "curl/7.56.1"
172.17.0.4 - - [26/Jan/2018:13:36:58 +0000] "POST /api/v4/jobs/request HTTP/1.1" 204 0 "" "gitlab-runner 10.4.0 (10-4-stable; go1.8.5; linux/amd64)"
172.17.0.4 - - [26/Jan/2018:13:37:01 +0000] "POST /api/v4/jobs/request HTTP/1.1" 204 0 "" "gitlab-runner 10.4.0 (10-4-stable; go1.8.5; linux/amd64)"
172.17.0.4 - - [26/Jan/2018:13:37:04 +0000] "POST /api/v4/jobs/request HTTP/1.1" 204 0 "" "gitlab-runner 10.4.0 (10-4-stable; go1.8.5; linux/amd64)"
172.17.0.4 - - [26/Jan/2018:13:37:07 +0000] "POST /api/v4/jobs/request HTTP/1.1" 204 0 "" "gitlab-runner 10.4.0 (10-4-stable; go1.8.5; linux/amd64)"
172.17.0.4 - - [26/Jan/2018:13:37:10 +0000] "POST /api/v4/jobs/request HTTP/1.1" 204 0 "" "gitlab-runner 10.4.0 (10-4-stable; go1.8.5; linux/amd64)"
172.17.0.4 - - [26/Jan/2018:13:37:13 +0000] "POST /api/v4/jobs/request HTTP/1.1" 204 0 "" "gitlab-runner 10.4.0 (10-4-stable; go1.8.5; linux/amd64)"
172.17.0.4 - - [26/Jan/2018:13:37:16 +0000] "POST /api/v4/jobs/request HTTP/1.1" 204 0 "" "gitlab-runner 10.4.0 (10-4-stable; go1.8.5; linux/amd64)"
172.17.0.4 - - [26/Jan/2018:13:37:19 +0000] "POST /api/v4/jobs/request HTTP/1.1" 204 0 "" "gitlab-runner 10.4.0 (10-4-stable; go1.8.5; linux/amd64)"
172.17.0.4 - - [26/Jan/2018:13:37:22 +0000] "POST /api/v4/jobs/request HTTP/1.1" 204 0 "" "gitlab-runner 10.4.0 (10-4-stable; go1.8.5; linux/amd64)"
172.17.0.4 - - [26/Jan/2018:13:37:25 +0000] "POST /api/v4/jobs/request HTTP/1.1" 204 0 "" "gitlab-runner 10.4.0 (10-4-stable; go1.8.5; linux/amd64)"
172.17.0.4 - - [26/Jan/2018:13:37:28 +0000] "POST /api/v4/jobs/request HTTP/1.1" 204 0 "" "gitlab-runner 10.4.0 (10-4-stable; go1.8.5; linux/amd64)"
172.17.0.4 - - [26/Jan/2018:13:37:31 +0000] "POST /api/v4/jobs/request HTTP/1.1" 204 0 "" "gitlab-runner 10.4.0 (10-4-stable; go1.8.5; linux/amd64)"
172.17.0.4 - - [26/Jan/2018:13:37:34 +0000] "POST /api/v4/jobs/request HTTP/1.1" 204 0 "" "gitlab-runner 10.4.0 (10-4-stable; go1.8.5; linux/amd64)"
172.17.0.4 - - [26/Jan/2018:13:37:37 +0000] "POST /api/v4/jobs/request HTTP/1.1" 204 0 "" "gitlab-runner 10.4.0 (10-4-stable; go1.8.5; linux/amd64)"
172.17.0.4 - - [26/Jan/2018:13:37:40 +0000] "POST /api/v4/jobs/request HTTP/1.1" 204 0 "" "gitlab-runner 10.4.0 (10-4-stable; go1.8.5; linux/amd64)"
172.17.0.4 - - [26/Jan/2018:13:37:43 +0000] "POST /api/v4/jobs/request HTTP/1.1" 204 0 "" "gitlab-runner 10.4.0 (10-4-stable; go1.8.5; linux/amd64)"
172.17.0.4 - - [26/Jan/2018:13:37:46 +0000] "POST /api/v4/jobs/request HTTP/1.1" 204 0 "" "gitlab-runner 10.4.0 (10-4-stable; go1.8.5; linux/amd64)"
172.17.0.4 - - [26/Jan/2018:13:37:49 +0000] "POST /api/v4/jobs/request HTTP/1.1" 204 0 "" "gitlab-runner 10.4.0 (10-4-stable; go1.8.5; linux/amd64)"
172.17.0.4 - - [26/Jan/2018:13:37:52 +0000] "POST /api/v4/jobs/request HTTP/1.1" 204 0 "" "gitlab-runner 10.4.0 (10-4-stable; go1.8.5; linux/amd64)"
172.17.0.4 - - [26/Jan/2018:13:37:55 +0000] "POST /api/v4/jobs/request HTTP/1.1" 204 0 "" "gitlab-runner 10.4.0 (10-4-stable; go1.8.5; linux/amd64)"
127.0.0.1 - - [26/Jan/2018:13:37:57 +0000] "GET /help HTTP/1.1" 200 29639 "" "curl/7.56.1"
172.17.0.4 - - [26/Jan/2018:13:37:58 +0000] "POST /api/v4/jobs/request HTTP/1.1" 204 0 "" "gitlab-runner 10.4.0 (10-4-stable; go1.8.5; linux/amd64)"
172.17.0.4 - - [26/Jan/2018:13:38:01 +0000] "POST /api/v4/jobs/request HTTP/1.1" 204 0 "" "gitlab-runner 10.4.0 (10-4-stable; go1.8.5; linux/amd64)"
172.17.0.4 - - [26/Jan/2018:13:38:04 +0000] "POST /api/v4/jobs/request HTTP/1.1" 204 0 "" "gitlab-runner 10.4.0 (10-4-stable; go1.8.5; linux/amd64)"
172.17.0.4 - - [26/Jan/2018:13:38:07 +0000] "POST /api/v4/jobs/request HTTP/1.1" 204 0 "" "gitlab-runner 10.4.0 (10-4-stable; go1.8.5; linux/amd64)"
172.17.0.4 - - [26/Jan/2018:13:38:10 +0000] "POST /api/v4/jobs/request HTTP/1.1" 204 0 "" "gitlab-runner 10.4.0 (10-4-stable; go1.8.5; linux/amd64)"
172.17.0.4 - - [26/Jan/2018:13:38:13 +0000] "POST /api/v4/jobs/request HTTP/1.1" 204 0 "" "gitlab-runner 10.4.0 (10-4-stable; go1.8.5; linux/amd64)"
172.17.0.4 - - [26/Jan/2018:13:38:16 +0000] "POST /api/v4/jobs/request HTTP/1.1" 204 0 "" "gitlab-runner 10.4.0 (10-4-stable; go1.8.5; linux/amd64)"
172.17.0.4 - - [26/Jan/2018:13:38:19 +0000] "POST /api/v4/jobs/request HTTP/1.1" 204 0 "" "gitlab-runner 10.4.0 (10-4-stable; go1.8.5; linux/amd64)"
172.17.0.4 - - [26/Jan/2018:13:38:22 +0000] "POST /api/v4/jobs/request HTTP/1.1" 204 0 "" "gitlab-runner 10.4.0 (10-4-stable; go1.8.5; linux/amd64)"
172.17.0.4 - - [26/Jan/2018:13:38:25 +0000] "POST /api/v4/jobs/request HTTP/1.1" 204 0 "" "gitlab-runner 10.4.0 (10-4-stable; go1.8.5; linux/amd64)"
172.17.0.4 - - [26/Jan/2018:13:38:28 +0000] "POST /api/v4/jobs/request HTTP/1.1" 204 0 "" "gitlab-runner 10.4.0 (10-4-stable; go1.8.5; linux/amd64)"
172.17.0.4 - - [26/Jan/2018:13:38:31 +0000] "POST /api/v4/jobs/request HTTP/1.1" 204 0 "" "gitlab-runner 10.4.0 (10-4-stable; go1.8.5; linux/amd64)"
172.17.0.4 - - [26/Jan/2018:13:38:34 +0000] "POST /api/v4/jobs/request HTTP/1.1" 204 0 "" "gitlab-runner 10.4.0 (10-4-stable; go1.8.5; linux/amd64)"
172.17.0.4 - - [26/Jan/2018:13:38:37 +0000] "POST /api/v4/jobs/request HTTP/1.1" 204 0 "" "gitlab-runner 10.4.0 (10-4-stable; go1.8.5; linux/amd64)"
172.17.0.4 - - [26/Jan/2018:13:38:40 +0000] "POST /api/v4/jobs/request HTTP/1.1" 204 0 "" "gitlab-runner 10.4.0 (10-4-stable; go1.8.5; linux/amd64)"
172.17.0.4 - - [26/Jan/2018:13:38:43 +0000] "POST /api/v4/jobs/request HTTP/1.1" 204 0 "" "gitlab-runner 10.4.0 (10-4-stable; go1.8.5; linux/amd64)"
172.17.0.4 - - [26/Jan/2018:13:38:46 +0000] "POST /api/v4/jobs/request HTTP/1.1" 204 0 "" "gitlab-runner 10.4.0 (10-4-stable; go1.8.5; linux/amd64)"
172.17.0.4 - - [26/Jan/2018:13:38:49 +0000] "POST /api/v4/jobs/request HTTP/1.1" 204 0 "" "gitlab-runner 10.4.0 (10-4-stable; go1.8.5; linux/amd64)"
172.17.0.4 - - [26/Jan/2018:13:38:52 +0000] "POST /api/v4/jobs/request HTTP/1.1" 204 0 "" "gitlab-runner 10.4.0 (10-4-stable; go1.8.5; linux/amd64)"
172.17.0.4 - - [26/Jan/2018:13:38:55 +0000] "POST /api/v4/jobs/request HTTP/1.1" 204 0 "" "gitlab-runner 10.4.0 (10-4-stable; go1.8.5; linux/amd64)"
127.0.0.1 - - [26/Jan/2018:13:38:58 +0000] "GET /help HTTP/1.1" 200 29670 "" "curl/7.56.1"
172.17.0.4 - - [26/Jan/2018:13:38:58 +0000] "POST /api/v4/jobs/request HTTP/1.1" 204 0 "" "gitlab-runner 10.4.0 (10-4-stable; go1.8.5; linux/amd64)"
172.17.0.4 - - [26/Jan/2018:13:39:01 +0000] "POST /api/v4/jobs/request HTTP/1.1" 204 0 "" "gitlab-runner 10.4.0 (10-4-stable; go1.8.5; linux/amd64)"
172.17.0.4 - - [26/Jan/2018:13:39:04 +0000] "POST /api/v4/jobs/request HTTP/1.1" 204 0 "" "gitlab-runner 10.4.0 (10-4-stable; go1.8.5; linux/amd64)"
172.17.0.4 - - [26/Jan/2018:13:39:07 +0000] "POST /api/v4/jobs/request HTTP/1.1" 204 0 "" "gitlab-runner 10.4.0 (10-4-stable; go1.8.5; linux/amd64)"
172.17.0.4 - - [26/Jan/2018:13:39:10 +0000] "POST /api/v4/jobs/request HTTP/1.1" 204 0 "" "gitlab-runner 10.4.0 (10-4-stable; go1.8.5; linux/amd64)"
172.17.0.4 - - [26/Jan/2018:13:39:13 +0000] "POST /api/v4/jobs/request HTTP/1.1" 204 0 "" "gitlab-runner 10.4.0 (10-4-stable; go1.8.5; linux/amd64)"
172.17.0.4 - - [26/Jan/2018:13:39:16 +0000] "POST /api/v4/jobs/request HTTP/1.1" 204 0 "" "gitlab-runner 10.4.0 (10-4-stable; go1.8.5; linux/amd64)"
172.17.0.4 - - [26/Jan/2018:13:39:19 +0000] "POST /api/v4/jobs/request HTTP/1.1" 204 0 "" "gitlab-runner 10.4.0 (10-4-stable; go1.8.5; linux/amd64)"
172.17.0.4 - - [26/Jan/2018:13:39:22 +0000] "POST /api/v4/jobs/request HTTP/1.1" 204 0 "" "gitlab-runner 10.4.0 (10-4-stable; go1.8.5; linux/amd64)"
172.17.0.4 - - [26/Jan/2018:13:39:25 +0000] "POST /api/v4/jobs/request HTTP/1.1" 204 0 "" "gitlab-runner 10.4.0 (10-4-stable; go1.8.5; linux/amd64)"
172.17.0.4 - - [26/Jan/2018:13:39:28 +0000] "POST /api/v4/jobs/request HTTP/1.1" 204 0 "" "gitlab-runner 10.4.0 (10-4-stable; go1.8.5; linux/amd64)"
172.17.0.4 - - [26/Jan/2018:13:39:31 +0000] "POST /api/v4/jobs/request HTTP/1.1" 204 0 "" "gitlab-runner 10.4.0 (10-4-stable; go1.8.5; linux/amd64)"
172.17.0.4 - - [26/Jan/2018:13:39:34 +0000] "POST /api/v4/jobs/request HTTP/1.1" 204 0 "" "gitlab-runner 10.4.0 (10-4-stable; go1.8.5; linux/amd64)"
172.17.0.4 - - [26/Jan/2018:13:39:37 +0000] "POST /api/v4/jobs/request HTTP/1.1" 204 0 "" "gitlab-runner 10.4.0 (10-4-stable; go1.8.5; linux/amd64)"
172.17.0.4 - - [26/Jan/2018:13:39:40 +0000] "POST /api/v4/jobs/request HTTP/1.1" 204 0 "" "gitlab-runner 10.4.0 (10-4-stable; go1.8.5; linux/amd64)"
172.17.0.4 - - [26/Jan/2018:13:39:43 +0000] "POST /api/v4/jobs/request HTTP/1.1" 204 0 "" "gitlab-runner 10.4.0 (10-4-stable; go1.8.5; linux/amd64)"
172.17.0.4 - - [26/Jan/2018:13:39:46 +0000] "POST /api/v4/jobs/request HTTP/1.1" 204 0 "" "gitlab-runner 10.4.0 (10-4-stable; go1.8.5; linux/amd64)"
172.17.0.4 - - [26/Jan/2018:13:39:49 +0000] "POST /api/v4/jobs/request HTTP/1.1" 204 0 "" "gitlab-runner 10.4.0 (10-4-stable; go1.8.5; linux/amd64)"
172.17.0.4 - - [26/Jan/2018:13:39:52 +0000] "POST /api/v4/jobs/request HTTP/1.1" 204 0 "" "gitlab-runner 10.4.0 (10-4-stable; go1.8.5; linux/amd64)"
172.17.0.4 - - [26/Jan/2018:13:39:55 +0000] "POST /api/v4/jobs/request HTTP/1.1" 204 0 "" "gitlab-runner 10.4.0 (10-4-stable; go1.8.5; linux/amd64)"
127.0.0.1 - - [26/Jan/2018:13:39:58 +0000] "GET /help HTTP/1.1" 200 29670 "" "curl/7.56.1"
172.17.0.4 - - [26/Jan/2018:13:39:58 +0000] "POST /api/v4/jobs/request HTTP/1.1" 204 0 "" "gitlab-runner 10.4.0 (10-4-stable; go1.8.5; linux/amd64)"
172.17.0.4 - - [26/Jan/2018:13:40:01 +0000] "POST /api/v4/jobs/request HTTP/1.1" 204 0 "" "gitlab-runner 10.4.0 (10-4-stable; go1.8.5; linux/amd64)"
172.17.0.4 - - [26/Jan/2018:13:40:04 +0000] "POST /api/v4/jobs/request HTTP/1.1" 204 0 "" "gitlab-runner 10.4.0 (10-4-stable; go1.8.5; linux/amd64)"
172.17.0.4 - - [26/Jan/2018:13:40:07 +0000] "POST /api/v4/jobs/request HTTP/1.1" 204 0 "" "gitlab-runner 10.4.0 (10-4-stable; go1.8.5; linux/amd64)"
172.17.0.4 - - [26/Jan/2018:13:40:10 +0000] "POST /api/v4/jobs/request HTTP/1.1" 204 0 "" "gitlab-runner 10.4.0 (10-4-stable; go1.8.5; linux/amd64)"
172.17.0.4 - - [26/Jan/2018:13:40:13 +0000] "POST /api/v4/jobs/request HTTP/1.1" 204 0 "" "gitlab-runner 10.4.0 (10-4-stable; go1.8.5; linux/amd64)"
172.17.0.4 - - [26/Jan/2018:13:40:16 +0000] "POST /api/v4/jobs/request HTTP/1.1" 204 0 "" "gitlab-runner 10.4.0 (10-4-stable; go1.8.5; linux/amd64)"
172.17.0.4 - - [26/Jan/2018:13:40:19 +0000] "POST /api/v4/jobs/request HTTP/1.1" 204 0 "" "gitlab-runner 10.4.0 (10-4-stable; go1.8.5; linux/amd64)"
172.17.0.4 - - [26/Jan/2018:13:40:22 +0000] "POST /api/v4/jobs/request HTTP/1.1" 204 0 "" "gitlab-runner 10.4.0 (10-4-stable; go1.8.5; linux/amd64)"
172.17.0.4 - - [26/Jan/2018:13:40:25 +0000] "POST /api/v4/jobs/request HTTP/1.1" 204 0 "" "gitlab-runner 10.4.0 (10-4-stable; go1.8.5; linux/amd64)"
172.17.0.4 - - [26/Jan/2018:13:40:28 +0000] "POST /api/v4/jobs/request HTTP/1.1" 204 0 "" "gitlab-runner 10.4.0 (10-4-stable; go1.8.5; linux/amd64)"
172.17.0.4 - - [26/Jan/2018:13:40:31 +0000] "POST /api/v4/jobs/request HTTP/1.1" 204 0 "" "gitlab-runner 10.4.0 (10-4-stable; go1.8.5; linux/amd64)"
172.17.0.4 - - [26/Jan/2018:13:40:34 +0000] "POST /api/v4/jobs/request HTTP/1.1" 204 0 "" "gitlab-runner 10.4.0 (10-4-stable; go1.8.5; linux/amd64)"
172.17.0.4 - - [26/Jan/2018:13:40:37 +0000] "POST /api/v4/jobs/request HTTP/1.1" 204 0 "" "gitlab-runner 10.4.0 (10-4-stable; go1.8.5; linux/amd64)"
172.17.0.4 - - [26/Jan/2018:13:40:40 +0000] "POST /api/v4/jobs/request HTTP/1.1" 204 0 "" "gitlab-runner 10.4.0 (10-4-stable; go1.8.5; linux/amd64)"
172.17.0.4 - - [26/Jan/2018:13:40:43 +0000] "POST /api/v4/jobs/request HTTP/1.1" 204 0 "" "gitlab-runner 10.4.0 (10-4-stable; go1.8.5; linux/amd64)"
172.17.0.4 - - [26/Jan/2018:13:40:46 +0000] "POST /api/v4/jobs/request HTTP/1.1" 204 0 "" "gitlab-runner 10.4.0 (10-4-stable; go1.8.5; linux/amd64)"
172.17.0.4 - - [26/Jan/2018:13:40:49 +0000] "POST /api/v4/jobs/request HTTP/1.1" 204 0 "" "gitlab-runner 10.4.0 (10-4-stable; go1.8.5; linux/amd64)"
172.17.0.4 - - [26/Jan/2018:13:40:52 +0000] "POST /api/v4/jobs/request HTTP/1.1" 204 0 "" "gitlab-runner 10.4.0 (10-4-stable; go1.8.5; linux/amd64)"
172.17.0.4 - - [26/Jan/2018:13:40:55 +0000] "POST /api/v4/jobs/request HTTP/1.1" 204 0 "" "gitlab-runner 10.4.0 (10-4-stable; go1.8.5; linux/amd64)"
127.0.0.1 - - [26/Jan/2018:13:40:58 +0000] "GET /help HTTP/1.1" 200 29670 "" "curl/7.56.1"
172.17.0.4 - - [26/Jan/2018:13:40:58 +0000] "POST /api/v4/jobs/request HTTP/1.1" 204 0 "" "gitlab-runner 10.4.0 (10-4-stable; go1.8.5; linux/amd64)"
172.17.0.4 - - [26/Jan/2018:13:41:01 +0000] "POST /api/v4/jobs/request HTTP/1.1" 204 0 "" "gitlab-runner 10.4.0 (10-4-stable; go1.8.5; linux/amd64)"
172.17.0.4 - - [26/Jan/2018:13:41:04 +0000] "POST /api/v4/jobs/request HTTP/1.1" 204 0 "" "gitlab-runner 10.4.0 (10-4-stable; go1.8.5; linux/amd64)"
172.17.0.4 - - [26/Jan/2018:13:41:07 +0000] "POST /api/v4/jobs/request HTTP/1.1" 204 0 "" "gitlab-runner 10.4.0 (10-4-stable; go1.8.5; linux/amd64)"
172.17.0.4 - - [26/Jan/2018:13:41:10 +0000] "POST /api/v4/jobs/request HTTP/1.1" 204 0 "" "gitlab-runner 10.4.0 (10-4-stable; go1.8.5; linux/amd64)"
172.17.0.4 - - [26/Jan/2018:13:41:13 +0000] "POST /api/v4/jobs/request HTTP/1.1" 204 0 "" "gitlab-runner 10.4.0 (10-4-stable; go1.8.5; linux/amd64)"
172.17.0.4 - - [26/Jan/2018:13:41:16 +0000] "POST /api/v4/jobs/request HTTP/1.1" 204 0 "" "gitlab-runner 10.4.0 (10-4-stable; go1.8.5; linux/amd64)"
172.17.0.4 - - [26/Jan/2018:13:41:19 +0000] "POST /api/v4/jobs/request HTTP/1.1" 204 0 "" "gitlab-runner 10.4.0 (10-4-stable; go1.8.5; linux/amd64)"
172.17.0.4 - - [26/Jan/2018:13:41:22 +0000] "POST /api/v4/jobs/request HTTP/1.1" 204 0 "" "gitlab-runner 10.4.0 (10-4-stable; go1.8.5; linux/amd64)"
172.17.0.4 - - [26/Jan/2018:13:41:25 +0000] "POST /api/v4/jobs/request HTTP/1.1" 204 0 "" "gitlab-runner 10.4.0 (10-4-stable; go1.8.5; linux/amd64)"
172.17.0.4 - - [26/Jan/2018:13:41:28 +0000] "POST /api/v4/jobs/request HTTP/1.1" 204 0 "" "gitlab-runner 10.4.0 (10-4-stable; go1.8.5; linux/amd64)"
172.17.0.4 - - [26/Jan/2018:13:41:31 +0000] "POST /api/v4/jobs/request HTTP/1.1" 204 0 "" "gitlab-runner 10.4.0 (10-4-stable; go1.8.5; linux/amd64)"
172.17.0.4 - - [26/Jan/2018:13:41:34 +0000] "POST /api/v4/jobs/request HTTP/1.1" 204 0 "" "gitlab-runner 10.4.0 (10-4-stable; go1.8.5; linux/amd64)"
172.17.0.4 - - [26/Jan/2018:13:41:37 +0000] "POST /api/v4/jobs/request HTTP/1.1" 204 0 "" "gitlab-runner 10.4.0 (10-4-stable; go1.8.5; linux/amd64)"
172.17.0.4 - - [26/Jan/2018:13:41:40 +0000] "POST /api/v4/jobs/request HTTP/1.1" 204 0 "" "gitlab-runner 10.4.0 (10-4-stable; go1.8.5; linux/amd64)"
172.17.0.4 - - [26/Jan/2018:13:41:43 +0000] "POST /api/v4/jobs/request HTTP/1.1" 204 0 "" "gitlab-runner 10.4.0 (10-4-stable; go1.8.5; linux/amd64)"
172.17.0.4 - - [26/Jan/2018:13:41:46 +0000] "POST /api/v4/jobs/request HTTP/1.1" 204 0 "" "gitlab-runner 10.4.0 (10-4-stable; go1.8.5; linux/amd64)"
172.17.0.4 - - [26/Jan/2018:13:41:49 +0000] "POST /api/v4/jobs/request HTTP/1.1" 204 0 "" "gitlab-runner 10.4.0 (10-4-stable; go1.8.5; linux/amd64)"
172.17.0.4 - - [26/Jan/2018:13:41:52 +0000] "POST /api/v4/jobs/request HTTP/1.1" 204 0 "" "gitlab-runner 10.4.0 (10-4-stable; go1.8.5; linux/amd64)"
172.17.0.4 - - [26/Jan/2018:13:41:55 +0000] "POST /api/v4/jobs/request HTTP/1.1" 204 0 "" "gitlab-runner 10.4.0 (10-4-stable; go1.8.5; linux/amd64)"
172.17.0.4 - - [26/Jan/2018:13:41:58 +0000] "POST /api/v4/jobs/request HTTP/1.1" 204 0 "" "gitlab-runner 10.4.0 (10-4-stable; go1.8.5; linux/amd64)"
127.0.0.1 - - [26/Jan/2018:13:41:59 +0000] "GET /help HTTP/1.1" 200 29670 "" "curl/7.56.1"
172.17.0.4 - - [26/Jan/2018:13:42:01 +0000] "POST /api/v4/jobs/request HTTP/1.1" 204 0 "" "gitlab-runner 10.4.0 (10-4-stable; go1.8.5; linux/amd64)"
172.17.0.4 - - [26/Jan/2018:13:42:04 +0000] "POST /api/v4/jobs/request HTTP/1.1" 204 0 "" "gitlab-runner 10.4.0 (10-4-stable; go1.8.5; linux/amd64)"
172.17.0.4 - - [26/Jan/2018:13:42:07 +0000] "POST /api/v4/jobs/request HTTP/1.1" 204 0 "" "gitlab-runner 10.4.0 (10-4-stable; go1.8.5; linux/amd64)"
172.17.0.4 - - [26/Jan/2018:13:42:10 +0000] "POST /api/v4/jobs/request HTTP/1.1" 204 0 "" "gitlab-runner 10.4.0 (10-4-stable; go1.8.5; linux/amd64)"
172.17.0.4 - - [26/Jan/2018:13:42:13 +0000] "POST /api/v4/jobs/request HTTP/1.1" 204 0 "" "gitlab-runner 10.4.0 (10-4-stable; go1.8.5; linux/amd64)"
172.17.0.4 - - [26/Jan/2018:13:42:16 +0000] "POST /api/v4/jobs/request HTTP/1.1" 204 0 "" "gitlab-runner 10.4.0 (10-4-stable; go1.8.5; linux/amd64)"
172.17.0.4 - - [26/Jan/2018:13:42:19 +0000] "POST /api/v4/jobs/request HTTP/1.1" 204 0 "" "gitlab-runner 10.4.0 (10-4-stable; go1.8.5; linux/amd64)"
172.17.0.4 - - [26/Jan/2018:13:42:22 +0000] "POST /api/v4/jobs/request HTTP/1.1" 204 0 "" "gitlab-runner 10.4.0 (10-4-stable; go1.8.5; linux/amd64)"
172.17.0.4 - - [26/Jan/2018:13:42:25 +0000] "POST /api/v4/jobs/request HTTP/1.1" 204 0 "" "gitlab-runner 10.4.0 (10-4-stable; go1.8.5; linux/amd64)"
