172.17.0.1 - - [26/Jan/2018:10:15:26 +0000] "GET /root/test/pipelines HTTP/1.1" 200 7557 "http://gitlab.example.com:30080/root/test/pipelines/2" "Mozilla/5.0 (Macintosh; Intel Mac OS X 10_13_2) AppleWebKit/537.36 (KHTML, like Gecko) Chrome/63.0.3239.132 Safari/537.36"
172.17.0.1 - - [26/Jan/2018:10:15:26 +0000] "GET /root/test/pipelines.json?scope=all&page=1 HTTP/1.1" 304 0 "http://gitlab.example.com:30080/root/test/pipelines" "Mozilla/5.0 (Macintosh; Intel Mac OS X 10_13_2) AppleWebKit/537.36 (KHTML, like Gecko) Chrome/63.0.3239.132 Safari/537.36"
172.17.0.4 - - [26/Jan/2018:10:15:28 +0000] "POST /api/v4/jobs/request HTTP/1.1" 204 0 "" "gitlab-runner 10.4.0 (10-4-stable; go1.8.5; linux/amd64)"
172.17.0.4 - - [26/Jan/2018:10:15:31 +0000] "POST /api/v4/jobs/request HTTP/1.1" 204 0 "" "gitlab-runner 10.4.0 (10-4-stable; go1.8.5; linux/amd64)"
172.17.0.4 - - [26/Jan/2018:10:15:34 +0000] "POST /api/v4/jobs/request HTTP/1.1" 204 0 "" "gitlab-runner 10.4.0 (10-4-stable; go1.8.5; linux/amd64)"
172.17.0.1 - - [26/Jan/2018:10:15:36 +0000] "GET /root/test/pipelines.json?scope=all&page=1 HTTP/1.1" 304 0 "http://gitlab.example.com:30080/root/test/pipelines" "Mozilla/5.0 (Macintosh; Intel Mac OS X 10_13_2) AppleWebKit/537.36 (KHTML, like Gecko) Chrome/63.0.3239.132 Safari/537.36"
172.17.0.4 - - [26/Jan/2018:10:15:37 +0000] "POST /api/v4/jobs/request HTTP/1.1" 204 0 "" "gitlab-runner 10.4.0 (10-4-stable; go1.8.5; linux/amd64)"
172.17.0.4 - - [26/Jan/2018:10:15:40 +0000] "POST /api/v4/jobs/request HTTP/1.1" 204 0 "" "gitlab-runner 10.4.0 (10-4-stable; go1.8.5; linux/amd64)"
172.17.0.4 - - [26/Jan/2018:10:15:43 +0000] "POST /api/v4/jobs/request HTTP/1.1" 204 0 "" "gitlab-runner 10.4.0 (10-4-stable; go1.8.5; linux/amd64)"
172.17.0.4 - - [26/Jan/2018:10:15:46 +0000] "POST /api/v4/jobs/request HTTP/1.1" 204 0 "" "gitlab-runner 10.4.0 (10-4-stable; go1.8.5; linux/amd64)"
172.17.0.1 - - [26/Jan/2018:10:15:46 +0000] "GET /root/test/pipelines.json?scope=all&page=1 HTTP/1.1" 304 0 "http://gitlab.example.com:30080/root/test/pipelines" "Mozilla/5.0 (Macintosh; Intel Mac OS X 10_13_2) AppleWebKit/537.36 (KHTML, like Gecko) Chrome/63.0.3239.132 Safari/537.36"
172.17.0.4 - - [26/Jan/2018:10:15:49 +0000] "POST /api/v4/jobs/request HTTP/1.1" 204 0 "" "gitlab-runner 10.4.0 (10-4-stable; go1.8.5; linux/amd64)"
172.17.0.1 - - [26/Jan/2018:10:15:50 +0000] "GET /ci/lint HTTP/1.1" 200 5693 "http://gitlab.example.com:30080/root/test/pipelines" "Mozilla/5.0 (Macintosh; Intel Mac OS X 10_13_2) AppleWebKit/537.36 (KHTML, like Gecko) Chrome/63.0.3239.132 Safari/537.36"
172.17.0.4 - - [26/Jan/2018:10:15:52 +0000] "POST /api/v4/jobs/request HTTP/1.1" 204 0 "" "gitlab-runner 10.4.0 (10-4-stable; go1.8.5; linux/amd64)"
172.17.0.4 - - [26/Jan/2018:10:15:55 +0000] "POST /api/v4/jobs/request HTTP/1.1" 204 0 "" "gitlab-runner 10.4.0 (10-4-stable; go1.8.5; linux/amd64)"
172.17.0.4 - - [26/Jan/2018:10:15:58 +0000] "POST /api/v4/jobs/request HTTP/1.1" 204 0 "" "gitlab-runner 10.4.0 (10-4-stable; go1.8.5; linux/amd64)"
172.17.0.4 - - [26/Jan/2018:10:16:01 +0000] "POST /api/v4/jobs/request HTTP/1.1" 204 0 "" "gitlab-runner 10.4.0 (10-4-stable; go1.8.5; linux/amd64)"
127.0.0.1 - - [26/Jan/2018:10:16:03 +0000] "GET /help HTTP/1.1" 200 29722 "" "curl/7.56.1"
172.17.0.4 - - [26/Jan/2018:10:16:04 +0000] "POST /api/v4/jobs/request HTTP/1.1" 204 0 "" "gitlab-runner 10.4.0 (10-4-stable; go1.8.5; linux/amd64)"
172.17.0.4 - - [26/Jan/2018:10:16:07 +0000] "POST /api/v4/jobs/request HTTP/1.1" 204 0 "" "gitlab-runner 10.4.0 (10-4-stable; go1.8.5; linux/amd64)"
172.17.0.4 - - [26/Jan/2018:10:16:10 +0000] "POST /api/v4/jobs/request HTTP/1.1" 204 0 "" "gitlab-runner 10.4.0 (10-4-stable; go1.8.5; linux/amd64)"
172.17.0.4 - - [26/Jan/2018:10:16:13 +0000] "POST /api/v4/jobs/request HTTP/1.1" 204 0 "" "gitlab-runner 10.4.0 (10-4-stable; go1.8.5; linux/amd64)"
172.17.0.4 - - [26/Jan/2018:10:16:16 +0000] "POST /api/v4/jobs/request HTTP/1.1" 204 0 "" "gitlab-runner 10.4.0 (10-4-stable; go1.8.5; linux/amd64)"
172.17.0.1 - - [26/Jan/2018:10:16:18 +0000] "GET /root/test HTTP/1.1" 200 13728 "http://gitlab.example.com:30080/ci/lint" "Mozilla/5.0 (Macintosh; Intel Mac OS X 10_13_2) AppleWebKit/537.36 (KHTML, like Gecko) Chrome/63.0.3239.132 Safari/537.36"
172.17.0.4 - - [26/Jan/2018:10:16:19 +0000] "POST /api/v4/jobs/request HTTP/1.1" 204 0 "" "gitlab-runner 10.4.0 (10-4-stable; go1.8.5; linux/amd64)"
172.17.0.1 - - [26/Jan/2018:10:16:19 +0000] "GET /root/test/blob/master/README.md?format=json&viewer=rich HTTP/1.1" 304 0 "http://gitlab.example.com:30080/root/test" "Mozilla/5.0 (Macintosh; Intel Mac OS X 10_13_2) AppleWebKit/537.36 (KHTML, like Gecko) Chrome/63.0.3239.132 Safari/537.36"
172.17.0.1 - - [26/Jan/2018:10:16:19 +0000] "GET /root/test/refs/master/logs_tree/?_=1516961762630 HTTP/1.1" 200 617 "http://gitlab.example.com:30080/root/test" "Mozilla/5.0 (Macintosh; Intel Mac OS X 10_13_2) AppleWebKit/537.36 (KHTML, like Gecko) Chrome/63.0.3239.132 Safari/537.36"
172.17.0.4 - - [26/Jan/2018:10:16:22 +0000] "POST /api/v4/jobs/request HTTP/1.1" 204 0 "" "gitlab-runner 10.4.0 (10-4-stable; go1.8.5; linux/amd64)"
172.17.0.1 - - [26/Jan/2018:10:16:22 +0000] "GET /root/test/blob/master/.gitlab-ci.yml HTTP/1.1" 200 10616 "http://gitlab.example.com:30080/root/test" "Mozilla/5.0 (Macintosh; Intel Mac OS X 10_13_2) AppleWebKit/537.36 (KHTML, like Gecko) Chrome/63.0.3239.132 Safari/537.36"
172.17.0.1 - - [26/Jan/2018:10:16:23 +0000] "GET /root/test/blob/master/.gitlab-ci.yml?format=json&viewer=simple HTTP/1.1" 200 1014 "http://gitlab.example.com:30080/root/test/blob/master/.gitlab-ci.yml" "Mozilla/5.0 (Macintosh; Intel Mac OS X 10_13_2) AppleWebKit/537.36 (KHTML, like Gecko) Chrome/63.0.3239.132 Safari/537.36"
172.17.0.1 - - [26/Jan/2018:10:16:23 +0000] "GET /root/test/blob/master/.gitlab-ci.yml?format=json&viewer=auxiliary HTTP/1.1" 200 540 "http://gitlab.example.com:30080/root/test/blob/master/.gitlab-ci.yml" "Mozilla/5.0 (Macintosh; Intel Mac OS X 10_13_2) AppleWebKit/537.36 (KHTML, like Gecko) Chrome/63.0.3239.132 Safari/537.36"
172.17.0.4 - - [26/Jan/2018:10:16:25 +0000] "POST /api/v4/jobs/request HTTP/1.1" 204 0 "" "gitlab-runner 10.4.0 (10-4-stable; go1.8.5; linux/amd64)"
172.17.0.4 - - [26/Jan/2018:10:16:28 +0000] "POST /api/v4/jobs/request HTTP/1.1" 204 0 "" "gitlab-runner 10.4.0 (10-4-stable; go1.8.5; linux/amd64)"
172.17.0.1 - - [26/Jan/2018:10:16:30 +0000] "GET /root/test/edit/master/.gitlab-ci.yml HTTP/1.1" 200 11870 "http://gitlab.example.com:30080/root/test/blob/master/.gitlab-ci.yml" "Mozilla/5.0 (Macintosh; Intel Mac OS X 10_13_2) AppleWebKit/537.36 (KHTML, like Gecko) Chrome/63.0.3239.132 Safari/537.36"
172.17.0.4 - - [26/Jan/2018:10:16:31 +0000] "POST /api/v4/jobs/request HTTP/1.1" 204 0 "" "gitlab-runner 10.4.0 (10-4-stable; go1.8.5; linux/amd64)"
172.17.0.4 - - [26/Jan/2018:10:16:34 +0000] "POST /api/v4/jobs/request HTTP/1.1" 204 0 "" "gitlab-runner 10.4.0 (10-4-stable; go1.8.5; linux/amd64)"
172.17.0.4 - - [26/Jan/2018:10:16:37 +0000] "POST /api/v4/jobs/request HTTP/1.1" 204 0 "" "gitlab-runner 10.4.0 (10-4-stable; go1.8.5; linux/amd64)"
172.17.0.4 - - [26/Jan/2018:10:16:40 +0000] "POST /api/v4/jobs/request HTTP/1.1" 204 0 "" "gitlab-runner 10.4.0 (10-4-stable; go1.8.5; linux/amd64)"
172.17.0.1 - - [26/Jan/2018:10:16:42 +0000] "POST /root/test/update/master/.gitlab-ci.yml HTTP/1.1" 302 134 "http://gitlab.example.com:30080/root/test/edit/master/.gitlab-ci.yml" "Mozilla/5.0 (Macintosh; Intel Mac OS X 10_13_2) AppleWebKit/537.36 (KHTML, like Gecko) Chrome/63.0.3239.132 Safari/537.36"
172.17.0.4 - - [26/Jan/2018:10:16:43 +0000] "POST /api/v4/jobs/request HTTP/1.1" 204 0 "" "gitlab-runner 10.4.0 (10-4-stable; go1.8.5; linux/amd64)"
172.17.0.1 - - [26/Jan/2018:10:16:45 +0000] "GET /root/test/blob/master/.gitlab-ci.yml HTTP/1.1" 200 10473 "http://gitlab.example.com:30080/root/test/edit/master/.gitlab-ci.yml" "Mozilla/5.0 (Macintosh; Intel Mac OS X 10_13_2) AppleWebKit/537.36 (KHTML, like Gecko) Chrome/63.0.3239.132 Safari/537.36"
172.17.0.4 - - [26/Jan/2018:10:16:46 +0000] "POST /api/v4/jobs/request HTTP/1.1" 204 0 "" "gitlab-runner 10.4.0 (10-4-stable; go1.8.5; linux/amd64)"
172.17.0.1 - - [26/Jan/2018:10:16:46 +0000] "GET /root/test/blob/master/.gitlab-ci.yml?format=json&viewer=simple HTTP/1.1" 200 1584 "http://gitlab.example.com:30080/root/test/blob/master/.gitlab-ci.yml" "Mozilla/5.0 (Macintosh; Intel Mac OS X 10_13_2) AppleWebKit/537.36 (KHTML, like Gecko) Chrome/63.0.3239.132 Safari/537.36"
172.17.0.1 - - [26/Jan/2018:10:16:46 +0000] "GET /root/test/blob/master/.gitlab-ci.yml?format=json&viewer=auxiliary HTTP/1.1" 200 466 "http://gitlab.example.com:30080/root/test/blob/master/.gitlab-ci.yml" "Mozilla/5.0 (Macintosh; Intel Mac OS X 10_13_2) AppleWebKit/537.36 (KHTML, like Gecko) Chrome/63.0.3239.132 Safari/537.36"
172.17.0.4 - - [26/Jan/2018:10:16:49 +0000] "POST /api/v4/jobs/request HTTP/1.1" 204 0 "" "gitlab-runner 10.4.0 (10-4-stable; go1.8.5; linux/amd64)"
172.17.0.1 - - [26/Jan/2018:10:16:51 +0000] "GET /root/test/pipelines HTTP/1.1" 200 7553 "http://gitlab.example.com:30080/root/test/blob/master/.gitlab-ci.yml" "Mozilla/5.0 (Macintosh; Intel Mac OS X 10_13_2) AppleWebKit/537.36 (KHTML, like Gecko) Chrome/63.0.3239.132 Safari/537.36"
172.17.0.4 - - [26/Jan/2018:10:16:52 +0000] "POST /api/v4/jobs/request HTTP/1.1" 204 0 "" "gitlab-runner 10.4.0 (10-4-stable; go1.8.5; linux/amd64)"
172.17.0.1 - - [26/Jan/2018:10:16:53 +0000] "GET /root/test/pipelines.json?scope=all&page=1 HTTP/1.1" 200 1586 "http://gitlab.example.com:30080/root/test/pipelines" "Mozilla/5.0 (Macintosh; Intel Mac OS X 10_13_2) AppleWebKit/537.36 (KHTML, like Gecko) Chrome/63.0.3239.132 Safari/537.36"
172.17.0.4 - - [26/Jan/2018:10:16:55 +0000] "POST /api/v4/jobs/request HTTP/1.1" 204 0 "" "gitlab-runner 10.4.0 (10-4-stable; go1.8.5; linux/amd64)"
172.17.0.4 - - [26/Jan/2018:10:16:58 +0000] "POST /api/v4/jobs/request HTTP/1.1" 204 0 "" "gitlab-runner 10.4.0 (10-4-stable; go1.8.5; linux/amd64)"
172.17.0.1 - - [26/Jan/2018:10:17:00 +0000] "GET /root/test/pipelines/3 HTTP/1.1" 200 8598 "http://gitlab.example.com:30080/root/test/pipelines" "Mozilla/5.0 (Macintosh; Intel Mac OS X 10_13_2) AppleWebKit/537.36 (KHTML, like Gecko) Chrome/63.0.3239.132 Safari/537.36"
172.17.0.1 - - [26/Jan/2018:10:17:00 +0000] "GET /root/test/pipelines/3/status.json HTTP/1.1" 200 194 "http://gitlab.example.com:30080/root/test/pipelines/3" "Mozilla/5.0 (Macintosh; Intel Mac OS X 10_13_2) AppleWebKit/537.36 (KHTML, like Gecko) Chrome/63.0.3239.132 Safari/537.36"
172.17.0.4 - - [26/Jan/2018:10:17:01 +0000] "POST /api/v4/jobs/request HTTP/1.1" 204 0 "" "gitlab-runner 10.4.0 (10-4-stable; go1.8.5; linux/amd64)"
172.17.0.1 - - [26/Jan/2018:10:17:01 +0000] "GET /root/test/pipelines/3.json HTTP/1.1" 200 1265 "http://gitlab.example.com:30080/root/test/pipelines/3" "Mozilla/5.0 (Macintosh; Intel Mac OS X 10_13_2) AppleWebKit/537.36 (KHTML, like Gecko) Chrome/63.0.3239.132 Safari/537.36"
127.0.0.1 - - [26/Jan/2018:10:17:03 +0000] "GET /help HTTP/1.1" 200 29722 "" "curl/7.56.1"
172.17.0.4 - - [26/Jan/2018:10:17:04 +0000] "POST /api/v4/jobs/request HTTP/1.1" 204 0 "" "gitlab-runner 10.4.0 (10-4-stable; go1.8.5; linux/amd64)"
172.17.0.4 - - [26/Jan/2018:10:17:07 +0000] "POST /api/v4/jobs/request HTTP/1.1" 204 0 "" "gitlab-runner 10.4.0 (10-4-stable; go1.8.5; linux/amd64)"
172.17.0.4 - - [26/Jan/2018:10:17:10 +0000] "POST /api/v4/jobs/request HTTP/1.1" 204 0 "" "gitlab-runner 10.4.0 (10-4-stable; go1.8.5; linux/amd64)"
172.17.0.1 - - [26/Jan/2018:10:17:12 +0000] "GET /root/test/pipelines/3.json HTTP/1.1" 304 0 "http://gitlab.example.com:30080/root/test/pipelines/3/builds" "Mozilla/5.0 (Macintosh; Intel Mac OS X 10_13_2) AppleWebKit/537.36 (KHTML, like Gecko) Chrome/63.0.3239.132 Safari/537.36"
172.17.0.4 - - [26/Jan/2018:10:17:13 +0000] "POST /api/v4/jobs/request HTTP/1.1" 204 0 "" "gitlab-runner 10.4.0 (10-4-stable; go1.8.5; linux/amd64)"
172.17.0.4 - - [26/Jan/2018:10:17:16 +0000] "POST /api/v4/jobs/request HTTP/1.1" 204 0 "" "gitlab-runner 10.4.0 (10-4-stable; go1.8.5; linux/amd64)"
172.17.0.4 - - [26/Jan/2018:10:17:19 +0000] "POST /api/v4/jobs/request HTTP/1.1" 204 0 "" "gitlab-runner 10.4.0 (10-4-stable; go1.8.5; linux/amd64)"
172.17.0.4 - - [26/Jan/2018:10:17:22 +0000] "POST /api/v4/jobs/request HTTP/1.1" 204 0 "" "gitlab-runner 10.4.0 (10-4-stable; go1.8.5; linux/amd64)"
172.17.0.4 - - [26/Jan/2018:10:17:25 +0000] "POST /api/v4/jobs/request HTTP/1.1" 204 0 "" "gitlab-runner 10.4.0 (10-4-stable; go1.8.5; linux/amd64)"
172.17.0.4 - - [26/Jan/2018:10:17:28 +0000] "POST /api/v4/jobs/request HTTP/1.1" 204 0 "" "gitlab-runner 10.4.0 (10-4-stable; go1.8.5; linux/amd64)"
172.17.0.4 - - [26/Jan/2018:10:17:31 +0000] "POST /api/v4/jobs/request HTTP/1.1" 204 0 "" "gitlab-runner 10.4.0 (10-4-stable; go1.8.5; linux/amd64)"
172.17.0.4 - - [26/Jan/2018:10:17:34 +0000] "POST /api/v4/jobs/request HTTP/1.1" 204 0 "" "gitlab-runner 10.4.0 (10-4-stable; go1.8.5; linux/amd64)"
172.17.0.4 - - [26/Jan/2018:10:17:37 +0000] "POST /api/v4/jobs/request HTTP/1.1" 204 0 "" "gitlab-runner 10.4.0 (10-4-stable; go1.8.5; linux/amd64)"
172.17.0.4 - - [26/Jan/2018:10:17:40 +0000] "POST /api/v4/jobs/request HTTP/1.1" 204 0 "" "gitlab-runner 10.4.0 (10-4-stable; go1.8.5; linux/amd64)"
172.17.0.4 - - [26/Jan/2018:10:17:43 +0000] "POST /api/v4/jobs/request HTTP/1.1" 204 0 "" "gitlab-runner 10.4.0 (10-4-stable; go1.8.5; linux/amd64)"
172.17.0.4 - - [26/Jan/2018:10:17:46 +0000] "POST /api/v4/jobs/request HTTP/1.1" 204 0 "" "gitlab-runner 10.4.0 (10-4-stable; go1.8.5; linux/amd64)"
172.17.0.4 - - [26/Jan/2018:10:17:49 +0000] "POST /api/v4/jobs/request HTTP/1.1" 204 0 "" "gitlab-runner 10.4.0 (10-4-stable; go1.8.5; linux/amd64)"
172.17.0.4 - - [26/Jan/2018:10:17:52 +0000] "POST /api/v4/jobs/request HTTP/1.1" 204 0 "" "gitlab-runner 10.4.0 (10-4-stable; go1.8.5; linux/amd64)"
172.17.0.4 - - [26/Jan/2018:10:17:55 +0000] "POST /api/v4/jobs/request HTTP/1.1" 204 0 "" "gitlab-runner 10.4.0 (10-4-stable; go1.8.5; linux/amd64)"
172.17.0.4 - - [26/Jan/2018:10:17:58 +0000] "POST /api/v4/jobs/request HTTP/1.1" 204 0 "" "gitlab-runner 10.4.0 (10-4-stable; go1.8.5; linux/amd64)"
172.17.0.4 - - [26/Jan/2018:10:18:01 +0000] "POST /api/v4/jobs/request HTTP/1.1" 204 0 "" "gitlab-runner 10.4.0 (10-4-stable; go1.8.5; linux/amd64)"
172.17.0.4 - - [26/Jan/2018:10:18:04 +0000] "POST /api/v4/jobs/request HTTP/1.1" 204 0 "" "gitlab-runner 10.4.0 (10-4-stable; go1.8.5; linux/amd64)"
127.0.0.1 - - [26/Jan/2018:10:18:04 +0000] "GET /help HTTP/1.1" 200 29722 "" "curl/7.56.1"
172.17.0.4 - - [26/Jan/2018:10:18:07 +0000] "POST /api/v4/jobs/request HTTP/1.1" 204 0 "" "gitlab-runner 10.4.0 (10-4-stable; go1.8.5; linux/amd64)"
172.17.0.1 - - [26/Jan/2018:10:18:09 +0000] "GET /root/test/pipelines/3.json HTTP/1.1" 304 0 "http://gitlab.example.com:30080/root/test/pipelines/3/builds" "Mozilla/5.0 (Macintosh; Intel Mac OS X 10_13_2) AppleWebKit/537.36 (KHTML, like Gecko) Chrome/63.0.3239.132 Safari/537.36"
172.17.0.4 - - [26/Jan/2018:10:18:10 +0000] "POST /api/v4/jobs/request HTTP/1.1" 204 0 "" "gitlab-runner 10.4.0 (10-4-stable; go1.8.5; linux/amd64)"
172.17.0.1 - - [26/Jan/2018:10:18:12 +0000] "GET /root/test/pipelines/3/builds HTTP/1.1" 200 8592 "http://gitlab.example.com:30080/root/test/pipelines" "Mozilla/5.0 (Macintosh; Intel Mac OS X 10_13_2) AppleWebKit/537.36 (KHTML, like Gecko) Chrome/63.0.3239.132 Safari/537.36"
172.17.0.1 - - [26/Jan/2018:10:18:13 +0000] "GET /root/test/pipelines/3.json HTTP/1.1" 304 0 "http://gitlab.example.com:30080/root/test/pipelines/3/builds" "Mozilla/5.0 (Macintosh; Intel Mac OS X 10_13_2) AppleWebKit/537.36 (KHTML, like Gecko) Chrome/63.0.3239.132 Safari/537.36"
172.17.0.4 - - [26/Jan/2018:10:18:13 +0000] "POST /api/v4/jobs/request HTTP/1.1" 204 0 "" "gitlab-runner 10.4.0 (10-4-stable; go1.8.5; linux/amd64)"
172.17.0.1 - - [26/Jan/2018:10:18:13 +0000] "GET /assets/favicon-075eba76312e8421991a0c1f89a89ee81678bcde72319dd3e8047e2a47cd3a42.ico HTTP/1.1" 200 1384 "http://gitlab.example.com:30080/root/test/pipelines/3/builds" "Mozilla/5.0 (Macintosh; Intel Mac OS X 10_13_2) AppleWebKit/537.36 (KHTML, like Gecko) Chrome/63.0.3239.132 Safari/537.36"
172.17.0.1 - - [26/Jan/2018:10:18:13 +0000] "GET /root/test/pipelines/3/status.json HTTP/1.1" 304 0 "http://gitlab.example.com:30080/root/test/pipelines/3/builds" "Mozilla/5.0 (Macintosh; Intel Mac OS X 10_13_2) AppleWebKit/537.36 (KHTML, like Gecko) Chrome/63.0.3239.132 Safari/537.36"
172.17.0.4 - - [26/Jan/2018:10:18:16 +0000] "POST /api/v4/jobs/request HTTP/1.1" 204 0 "" "gitlab-runner 10.4.0 (10-4-stable; go1.8.5; linux/amd64)"
172.17.0.1 - - [26/Jan/2018:10:18:17 +0000] "GET /root/test/pipelines HTTP/1.1" 200 7551 "http://gitlab.example.com:30080/root/test/pipelines/3/builds" "Mozilla/5.0 (Macintosh; Intel Mac OS X 10_13_2) AppleWebKit/537.36 (KHTML, like Gecko) Chrome/63.0.3239.132 Safari/537.36"
172.17.0.1 - - [26/Jan/2018:10:18:17 +0000] "GET /root/test/pipelines.json?scope=all&page=1 HTTP/1.1" 304 0 "http://gitlab.example.com:30080/root/test/pipelines" "Mozilla/5.0 (Macintosh; Intel Mac OS X 10_13_2) AppleWebKit/537.36 (KHTML, like Gecko) Chrome/63.0.3239.132 Safari/537.36"
172.17.0.4 - - [26/Jan/2018:10:18:19 +0000] "POST /api/v4/jobs/request HTTP/1.1" 204 0 "" "gitlab-runner 10.4.0 (10-4-stable; go1.8.5; linux/amd64)"
172.17.0.4 - - [26/Jan/2018:10:18:22 +0000] "POST /api/v4/jobs/request HTTP/1.1" 204 0 "" "gitlab-runner 10.4.0 (10-4-stable; go1.8.5; linux/amd64)"
172.17.0.1 - - [26/Jan/2018:10:18:22 +0000] "POST /root/test/pipelines/3/cancel.json HTTP/1.1" 204 0 "http://gitlab.example.com:30080/root/test/pipelines" "Mozilla/5.0 (Macintosh; Intel Mac OS X 10_13_2) AppleWebKit/537.36 (KHTML, like Gecko) Chrome/63.0.3239.132 Safari/537.36"
172.17.0.1 - - [26/Jan/2018:10:18:22 +0000] "GET /root/test/pipelines.json?scope=all&page=1 HTTP/1.1" 304 0 "http://gitlab.example.com:30080/root/test/pipelines" "Mozilla/5.0 (Macintosh; Intel Mac OS X 10_13_2) AppleWebKit/537.36 (KHTML, like Gecko) Chrome/63.0.3239.132 Safari/537.36"
172.17.0.4 - - [26/Jan/2018:10:18:25 +0000] "POST /api/v4/jobs/request HTTP/1.1" 204 0 "" "gitlab-runner 10.4.0 (10-4-stable; go1.8.5; linux/amd64)"
172.17.0.4 - - [26/Jan/2018:10:18:28 +0000] "POST /api/v4/jobs/request HTTP/1.1" 204 0 "" "gitlab-runner 10.4.0 (10-4-stable; go1.8.5; linux/amd64)"
172.17.0.1 - - [26/Jan/2018:10:18:29 +0000] "GET /root/test/pipelines/2 HTTP/1.1" 200 8227 "http://gitlab.example.com:30080/root/test/pipelines" "Mozilla/5.0 (Macintosh; Intel Mac OS X 10_13_2) AppleWebKit/537.36 (KHTML, like Gecko) Chrome/63.0.3239.132 Safari/537.36"
172.17.0.1 - - [26/Jan/2018:10:18:29 +0000] "GET /root/test/pipelines/2.json HTTP/1.1" 304 0 "http://gitlab.example.com:30080/root/test/pipelines/2" "Mozilla/5.0 (Macintosh; Intel Mac OS X 10_13_2) AppleWebKit/537.36 (KHTML, like Gecko) Chrome/63.0.3239.132 Safari/537.36"
172.17.0.1 - - [26/Jan/2018:10:18:29 +0000] "GET /root/test/pipelines/2/status.json HTTP/1.1" 304 0 "http://gitlab.example.com:30080/root/test/pipelines/2" "Mozilla/5.0 (Macintosh; Intel Mac OS X 10_13_2) AppleWebKit/537.36 (KHTML, like Gecko) Chrome/63.0.3239.132 Safari/537.36"
172.17.0.4 - - [26/Jan/2018:10:18:31 +0000] "POST /api/v4/jobs/request HTTP/1.1" 204 0 "" "gitlab-runner 10.4.0 (10-4-stable; go1.8.5; linux/amd64)"
172.17.0.4 - - [26/Jan/2018:10:18:34 +0000] "POST /api/v4/jobs/request HTTP/1.1" 204 0 "" "gitlab-runner 10.4.0 (10-4-stable; go1.8.5; linux/amd64)"
172.17.0.1 - - [26/Jan/2018:10:18:35 +0000] "GET /root/test/commit/a309d6d225746fc0d44bccfb49c1039e4da94a59 HTTP/1.1" 200 13936 "http://gitlab.example.com:30080/root/test/pipelines/2" "Mozilla/5.0 (Macintosh; Intel Mac OS X 10_13_2) AppleWebKit/537.36 (KHTML, like Gecko) Chrome/63.0.3239.132 Safari/537.36"
172.17.0.1 - - [26/Jan/2018:10:18:36 +0000] "GET /root/test/commit/a309d6d225746fc0d44bccfb49c1039e4da94a59/branches HTTP/1.1" 200 208 "http://gitlab.example.com:30080/root/test/commit/a309d6d225746fc0d44bccfb49c1039e4da94a59" "Mozilla/5.0 (Macintosh; Intel Mac OS X 10_13_2) AppleWebKit/537.36 (KHTML, like Gecko) Chrome/63.0.3239.132 Safari/537.36"
172.17.0.4 - - [26/Jan/2018:10:18:37 +0000] "POST /api/v4/jobs/request HTTP/1.1" 204 0 "" "gitlab-runner 10.4.0 (10-4-stable; go1.8.5; linux/amd64)"
172.17.0.1 - - [26/Jan/2018:10:18:40 +0000] "GET /root/test/pipelines/2 HTTP/1.1" 200 8228 "http://gitlab.example.com:30080/root/test/commit/a309d6d225746fc0d44bccfb49c1039e4da94a59" "Mozilla/5.0 (Macintosh; Intel Mac OS X 10_13_2) AppleWebKit/537.36 (KHTML, like Gecko) Chrome/63.0.3239.132 Safari/537.36"
172.17.0.4 - - [26/Jan/2018:10:18:40 +0000] "POST /api/v4/jobs/request HTTP/1.1" 204 0 "" "gitlab-runner 10.4.0 (10-4-stable; go1.8.5; linux/amd64)"
172.17.0.1 - - [26/Jan/2018:10:18:40 +0000] "GET /root/test/pipelines/2.json HTTP/1.1" 304 0 "http://gitlab.example.com:30080/root/test/pipelines/2" "Mozilla/5.0 (Macintosh; Intel Mac OS X 10_13_2) AppleWebKit/537.36 (KHTML, like Gecko) Chrome/63.0.3239.132 Safari/537.36"
172.17.0.1 - - [26/Jan/2018:10:18:40 +0000] "GET /root/test/pipelines/2/status.json HTTP/1.1" 304 0 "http://gitlab.example.com:30080/root/test/pipelines/2" "Mozilla/5.0 (Macintosh; Intel Mac OS X 10_13_2) AppleWebKit/537.36 (KHTML, like Gecko) Chrome/63.0.3239.132 Safari/537.36"
172.17.0.4 - - [26/Jan/2018:10:18:43 +0000] "POST /api/v4/jobs/request HTTP/1.1" 204 0 "" "gitlab-runner 10.4.0 (10-4-stable; go1.8.5; linux/amd64)"
172.17.0.4 - - [26/Jan/2018:10:18:46 +0000] "POST /api/v4/jobs/request HTTP/1.1" 204 0 "" "gitlab-runner 10.4.0 (10-4-stable; go1.8.5; linux/amd64)"
172.17.0.4 - - [26/Jan/2018:10:18:49 +0000] "POST /api/v4/jobs/request HTTP/1.1" 204 0 "" "gitlab-runner 10.4.0 (10-4-stable; go1.8.5; linux/amd64)"
172.17.0.1 - - [26/Jan/2018:10:18:50 +0000] "GET /root/test/pipelines/2.json HTTP/1.1" 304 0 "http://gitlab.example.com:30080/root/test/pipelines/2/builds" "Mozilla/5.0 (Macintosh; Intel Mac OS X 10_13_2) AppleWebKit/537.36 (KHTML, like Gecko) Chrome/63.0.3239.132 Safari/537.36"
172.17.0.4 - - [26/Jan/2018:10:18:52 +0000] "POST /api/v4/jobs/request HTTP/1.1" 204 0 "" "gitlab-runner 10.4.0 (10-4-stable; go1.8.5; linux/amd64)"
172.17.0.4 - - [26/Jan/2018:10:18:55 +0000] "POST /api/v4/jobs/request HTTP/1.1" 204 0 "" "gitlab-runner 10.4.0 (10-4-stable; go1.8.5; linux/amd64)"
172.17.0.4 - - [26/Jan/2018:10:18:58 +0000] "POST /api/v4/jobs/request HTTP/1.1" 204 0 "" "gitlab-runner 10.4.0 (10-4-stable; go1.8.5; linux/amd64)"
172.17.0.4 - - [26/Jan/2018:10:19:01 +0000] "POST /api/v4/jobs/request HTTP/1.1" 204 0 "" "gitlab-runner 10.4.0 (10-4-stable; go1.8.5; linux/amd64)"
172.17.0.1 - - [26/Jan/2018:10:19:02 +0000] "GET /root/test/pipelines/2.json HTTP/1.1" 304 0 "http://gitlab.example.com:30080/root/test/pipelines/2/builds" "Mozilla/5.0 (Macintosh; Intel Mac OS X 10_13_2) AppleWebKit/537.36 (KHTML, like Gecko) Chrome/63.0.3239.132 Safari/537.36"
172.17.0.1 - - [26/Jan/2018:10:19:02 +0000] "GET /root/test/settings/ci_cd HTTP/1.1" 200 13793 "http://gitlab.example.com:30080/root/test/pipelines/2/builds" "Mozilla/5.0 (Macintosh; Intel Mac OS X 10_13_2) AppleWebKit/537.36 (KHTML, like Gecko) Chrome/63.0.3239.132 Safari/537.36"
172.17.0.1 - - [26/Jan/2018:10:19:04 +0000] "GET /root/test/badges/master/pipeline.svg HTTP/1.1" 200 952 "http://gitlab.example.com:30080/root/test/settings/ci_cd" "Mozilla/5.0 (Macintosh; Intel Mac OS X 10_13_2) AppleWebKit/537.36 (KHTML, like Gecko) Chrome/63.0.3239.132 Safari/537.36"
172.17.0.1 - - [26/Jan/2018:10:19:04 +0000] "GET /root/test/badges/master/coverage.svg HTTP/1.1" 200 950 "http://gitlab.example.com:30080/root/test/settings/ci_cd" "Mozilla/5.0 (Macintosh; Intel Mac OS X 10_13_2) AppleWebKit/537.36 (KHTML, like Gecko) Chrome/63.0.3239.132 Safari/537.36"
172.17.0.4 - - [26/Jan/2018:10:19:04 +0000] "POST /api/v4/jobs/request HTTP/1.1" 204 0 "" "gitlab-runner 10.4.0 (10-4-stable; go1.8.5; linux/amd64)"
127.0.0.1 - - [26/Jan/2018:10:19:04 +0000] "GET /help HTTP/1.1" 200 29691 "" "curl/7.56.1"
172.17.0.4 - - [26/Jan/2018:10:19:07 +0000] "POST /api/v4/jobs/request HTTP/1.1" 204 0 "" "gitlab-runner 10.4.0 (10-4-stable; go1.8.5; linux/amd64)"
172.17.0.4 - - [26/Jan/2018:10:19:10 +0000] "POST /api/v4/jobs/request HTTP/1.1" 204 0 "" "gitlab-runner 10.4.0 (10-4-stable; go1.8.5; linux/amd64)"
172.17.0.4 - - [26/Jan/2018:10:19:13 +0000] "POST /api/v4/jobs/request HTTP/1.1" 204 0 "" "gitlab-runner 10.4.0 (10-4-stable; go1.8.5; linux/amd64)"
172.17.0.4 - - [26/Jan/2018:10:19:16 +0000] "POST /api/v4/jobs/request HTTP/1.1" 204 0 "" "gitlab-runner 10.4.0 (10-4-stable; go1.8.5; linux/amd64)"
172.17.0.4 - - [26/Jan/2018:10:19:19 +0000] "POST /api/v4/jobs/request HTTP/1.1" 204 0 "" "gitlab-runner 10.4.0 (10-4-stable; go1.8.5; linux/amd64)"
172.17.0.4 - - [26/Jan/2018:10:19:22 +0000] "POST /api/v4/jobs/request HTTP/1.1" 204 0 "" "gitlab-runner 10.4.0 (10-4-stable; go1.8.5; linux/amd64)"
172.17.0.4 - - [26/Jan/2018:10:19:25 +0000] "POST /api/v4/jobs/request HTTP/1.1" 204 0 "" "gitlab-runner 10.4.0 (10-4-stable; go1.8.5; linux/amd64)"
172.17.0.4 - - [26/Jan/2018:10:19:28 +0000] "POST /api/v4/jobs/request HTTP/1.1" 204 0 "" "gitlab-runner 10.4.0 (10-4-stable; go1.8.5; linux/amd64)"
172.17.0.4 - - [26/Jan/2018:10:19:31 +0000] "POST /api/v4/jobs/request HTTP/1.1" 204 0 "" "gitlab-runner 10.4.0 (10-4-stable; go1.8.5; linux/amd64)"
172.17.0.1 - - [26/Jan/2018:10:19:33 +0000] "GET /root/test/tree/master HTTP/1.1" 200 10722 "http://gitlab.example.com:30080/root/test/settings/ci_cd" "Mozilla/5.0 (Macintosh; Intel Mac OS X 10_13_2) AppleWebKit/537.36 (KHTML, like Gecko) Chrome/63.0.3239.132 Safari/537.36"
172.17.0.1 - - [26/Jan/2018:10:19:34 +0000] "GET /root/test/blob/master/README.md?format=json&viewer=rich HTTP/1.1" 200 462 "http://gitlab.example.com:30080/root/test/tree/master" "Mozilla/5.0 (Macintosh; Intel Mac OS X 10_13_2) AppleWebKit/537.36 (KHTML, like Gecko) Chrome/63.0.3239.132 Safari/537.36"
172.17.0.4 - - [26/Jan/2018:10:19:34 +0000] "POST /api/v4/jobs/request HTTP/1.1" 204 0 "" "gitlab-runner 10.4.0 (10-4-stable; go1.8.5; linux/amd64)"
172.17.0.1 - - [26/Jan/2018:10:19:34 +0000] "GET /root/test/refs/master/logs_tree/?_=1516961957716 HTTP/1.1" 200 607 "http://gitlab.example.com:30080/root/test/tree/master" "Mozilla/5.0 (Macintosh; Intel Mac OS X 10_13_2) AppleWebKit/537.36 (KHTML, like Gecko) Chrome/63.0.3239.132 Safari/537.36"
172.17.0.1 - - [26/Jan/2018:10:19:36 +0000] "GET /root/test/blob/master/test-ci.json HTTP/1.1" 200 10525 "http://gitlab.example.com:30080/root/test/tree/master" "Mozilla/5.0 (Macintosh; Intel Mac OS X 10_13_2) AppleWebKit/537.36 (KHTML, like Gecko) Chrome/63.0.3239.132 Safari/537.36"
172.17.0.1 - - [26/Jan/2018:10:19:37 +0000] "GET /root/test/blob/master/test-ci.json?format=json&viewer=simple HTTP/1.1" 200 575 "http://gitlab.example.com:30080/root/test/blob/master/test-ci.json" "Mozilla/5.0 (Macintosh; Intel Mac OS X 10_13_2) AppleWebKit/537.36 (KHTML, like Gecko) Chrome/63.0.3239.132 Safari/537.36"
172.17.0.4 - - [26/Jan/2018:10:19:37 +0000] "POST /api/v4/jobs/request HTTP/1.1" 204 0 "" "gitlab-runner 10.4.0 (10-4-stable; go1.8.5; linux/amd64)"
172.17.0.4 - - [26/Jan/2018:10:19:40 +0000] "POST /api/v4/jobs/request HTTP/1.1" 204 0 "" "gitlab-runner 10.4.0 (10-4-stable; go1.8.5; linux/amd64)"
172.17.0.1 - - [26/Jan/2018:10:19:42 +0000] "GET /root/test/edit/master/test-ci.json HTTP/1.1" 200 11702 "http://gitlab.example.com:30080/root/test/blob/master/test-ci.json" "Mozilla/5.0 (Macintosh; Intel Mac OS X 10_13_2) AppleWebKit/537.36 (KHTML, like Gecko) Chrome/63.0.3239.132 Safari/537.36"
172.17.0.1 - - [26/Jan/2018:10:19:42 +0000] "GET /assets/ace/mode-json-3dfddebd48bb74f03a5b1de7178e90945b886b23beb7f7ab0723577520098adc.js HTTP/1.1" 200 1789 "http://gitlab.example.com:30080/root/test/edit/master/test-ci.json" "Mozilla/5.0 (Macintosh; Intel Mac OS X 10_13_2) AppleWebKit/537.36 (KHTML, like Gecko) Chrome/63.0.3239.132 Safari/537.36"
172.17.0.1 - - [26/Jan/2018:10:19:42 +0000] "GET /assets/ace/worker-json-b77dfe8dc1d55e5c4438f8ebf90fb7e2e9d6e24333c0fb3b17df780c3d63cd94.js HTTP/1.1" 200 9285 "http://gitlab.example.com:30080/root/test/edit/master/test-ci.json" "Mozilla/5.0 (Macintosh; Intel Mac OS X 10_13_2) AppleWebKit/537.36 (KHTML, like Gecko) Chrome/63.0.3239.132 Safari/537.36"
172.17.0.4 - - [26/Jan/2018:10:19:43 +0000] "POST /api/v4/jobs/request HTTP/1.1" 204 0 "" "gitlab-runner 10.4.0 (10-4-stable; go1.8.5; linux/amd64)"
172.17.0.4 - - [26/Jan/2018:10:19:46 +0000] "POST /api/v4/jobs/request HTTP/1.1" 204 0 "" "gitlab-runner 10.4.0 (10-4-stable; go1.8.5; linux/amd64)"
172.17.0.4 - - [26/Jan/2018:10:19:49 +0000] "POST /api/v4/jobs/request HTTP/1.1" 204 0 "" "gitlab-runner 10.4.0 (10-4-stable; go1.8.5; linux/amd64)"
172.17.0.4 - - [26/Jan/2018:10:19:52 +0000] "POST /api/v4/jobs/request HTTP/1.1" 204 0 "" "gitlab-runner 10.4.0 (10-4-stable; go1.8.5; linux/amd64)"
172.17.0.1 - - [26/Jan/2018:10:19:53 +0000] "POST /root/test/update/master/test-ci.json HTTP/1.1" 302 132 "http://gitlab.example.com:30080/root/test/edit/master/test-ci.json" "Mozilla/5.0 (Macintosh; Intel Mac OS X 10_13_2) AppleWebKit/537.36 (KHTML, like Gecko) Chrome/63.0.3239.132 Safari/537.36"
172.17.0.1 - - [26/Jan/2018:10:19:53 +0000] "GET /root/test/blob/master/test-ci.json HTTP/1.1" 499 0 "http://gitlab.example.com:30080/root/test/edit/master/test-ci.json" "Mozilla/5.0 (Macintosh; Intel Mac OS X 10_13_2) AppleWebKit/537.36 (KHTML, like Gecko) Chrome/63.0.3239.132 Safari/537.36"
172.17.0.1 - - [26/Jan/2018:10:19:54 +0000] "GET /root/test/pipelines HTTP/1.1" 200 7610 "http://gitlab.example.com:30080/root/test/edit/master/test-ci.json" "Mozilla/5.0 (Macintosh; Intel Mac OS X 10_13_2) AppleWebKit/537.36 (KHTML, like Gecko) Chrome/63.0.3239.132 Safari/537.36"
172.17.0.4 - - [26/Jan/2018:10:19:55 +0000] "POST /api/v4/jobs/request HTTP/1.1" 204 0 "" "gitlab-runner 10.4.0 (10-4-stable; go1.8.5; linux/amd64)"
172.17.0.4 - - [26/Jan/2018:10:19:58 +0000] "POST /api/v4/jobs/request HTTP/1.1" 204 0 "" "gitlab-runner 10.4.0 (10-4-stable; go1.8.5; linux/amd64)"
172.17.0.1 - - [26/Jan/2018:10:19:59 +0000] "GET /root/test/pipelines.json?scope=all&page=1 HTTP/1.1" 200 1491 "http://gitlab.example.com:30080/root/test/pipelines" "Mozilla/5.0 (Macintosh; Intel Mac OS X 10_13_2) AppleWebKit/537.36 (KHTML, like Gecko) Chrome/63.0.3239.132 Safari/537.36"
172.17.0.4 - - [26/Jan/2018:10:20:01 +0000] "POST /api/v4/jobs/request HTTP/1.1" 204 0 "" "gitlab-runner 10.4.0 (10-4-stable; go1.8.5; linux/amd64)"
172.17.0.1 - - [26/Jan/2018:10:20:01 +0000] "GET /root/test/pipelines.json?scope=all&page=1 HTTP/1.1" 200 1901 "http://gitlab.example.com:30080/root/test/pipelines" "Mozilla/5.0 (Macintosh; Intel Mac OS X 10_13_2) AppleWebKit/537.36 (KHTML, like Gecko) Chrome/63.0.3239.132 Safari/537.36"
172.17.0.1 - - [26/Jan/2018:10:20:04 +0000] "GET /root/test/pipelines.json?scope=pending&page=1 HTTP/1.1" 200 1017 "http://gitlab.example.com:30080/root/test/pipelines" "Mozilla/5.0 (Macintosh; Intel Mac OS X 10_13_2) AppleWebKit/537.36 (KHTML, like Gecko) Chrome/63.0.3239.132 Safari/537.36"
172.17.0.1 - - [26/Jan/2018:10:20:04 +0000] "GET /root/test/pipelines.json?scope=pending&page=1 HTTP/1.1" 304 0 "http://gitlab.example.com:30080/root/test/pipelines" "Mozilla/5.0 (Macintosh; Intel Mac OS X 10_13_2) AppleWebKit/537.36 (KHTML, like Gecko) Chrome/63.0.3239.132 Safari/537.36"
172.17.0.4 - - [26/Jan/2018:10:20:04 +0000] "POST /api/v4/jobs/request HTTP/1.1" 204 0 "" "gitlab-runner 10.4.0 (10-4-stable; go1.8.5; linux/amd64)"
127.0.0.1 - - [26/Jan/2018:10:20:05 +0000] "GET /help HTTP/1.1" 200 29722 "" "curl/7.56.1"
172.17.0.4 - - [26/Jan/2018:10:20:07 +0000] "POST /api/v4/jobs/request HTTP/1.1" 204 0 "" "gitlab-runner 10.4.0 (10-4-stable; go1.8.5; linux/amd64)"
172.17.0.1 - - [26/Jan/2018:10:20:07 +0000] "GET /root/test/pipelines.json?scope=pending&page=1 HTTP/1.1" 304 0 "http://gitlab.example.com:30080/root/test/pipelines" "Mozilla/5.0 (Macintosh; Intel Mac OS X 10_13_2) AppleWebKit/537.36 (KHTML, like Gecko) Chrome/63.0.3239.132 Safari/537.36"
172.17.0.1 - - [26/Jan/2018:10:20:09 +0000] "GET /root/test/pipelines.json?scope=pending&page=1 HTTP/1.1" 304 0 "http://gitlab.example.com:30080/root/test/pipelines" "Mozilla/5.0 (Macintosh; Intel Mac OS X 10_13_2) AppleWebKit/537.36 (KHTML, like Gecko) Chrome/63.0.3239.132 Safari/537.36"
172.17.0.4 - - [26/Jan/2018:10:20:10 +0000] "POST /api/v4/jobs/request HTTP/1.1" 204 0 "" "gitlab-runner 10.4.0 (10-4-stable; go1.8.5; linux/amd64)"
172.17.0.4 - - [26/Jan/2018:10:20:13 +0000] "POST /api/v4/jobs/request HTTP/1.1" 204 0 "" "gitlab-runner 10.4.0 (10-4-stable; go1.8.5; linux/amd64)"
172.17.0.1 - - [26/Jan/2018:10:20:16 +0000] "GET /root/test/pipelines/4 HTTP/1.1" 200 8590 "http://gitlab.example.com:30080/root/test/pipelines" "Mozilla/5.0 (Macintosh; Intel Mac OS X 10_13_2) AppleWebKit/537.36 (KHTML, like Gecko) Chrome/63.0.3239.132 Safari/537.36"
172.17.0.4 - - [26/Jan/2018:10:20:16 +0000] "POST /api/v4/jobs/request HTTP/1.1" 204 0 "" "gitlab-runner 10.4.0 (10-4-stable; go1.8.5; linux/amd64)"
172.17.0.1 - - [26/Jan/2018:10:20:17 +0000] "GET /root/test/pipelines/4/status.json HTTP/1.1" 200 194 "http://gitlab.example.com:30080/root/test/pipelines/4" "Mozilla/5.0 (Macintosh; Intel Mac OS X 10_13_2) AppleWebKit/537.36 (KHTML, like Gecko) Chrome/63.0.3239.132 Safari/537.36"
172.17.0.1 - - [26/Jan/2018:10:20:17 +0000] "GET /root/test/pipelines/4.json HTTP/1.1" 200 1262 "http://gitlab.example.com:30080/root/test/pipelines/4" "Mozilla/5.0 (Macintosh; Intel Mac OS X 10_13_2) AppleWebKit/537.36 (KHTML, like Gecko) Chrome/63.0.3239.132 Safari/537.36"
172.17.0.4 - - [26/Jan/2018:10:20:19 +0000] "POST /api/v4/jobs/request HTTP/1.1" 204 0 "" "gitlab-runner 10.4.0 (10-4-stable; go1.8.5; linux/amd64)"
172.17.0.4 - - [26/Jan/2018:10:20:22 +0000] "POST /api/v4/jobs/request HTTP/1.1" 204 0 "" "gitlab-runner 10.4.0 (10-4-stable; go1.8.5; linux/amd64)"
172.17.0.1 - - [26/Jan/2018:10:20:24 +0000] "GET /root/test/-/jobs/5 HTTP/1.1" 200 8363 "http://gitlab.example.com:30080/root/test/pipelines/4/builds" "Mozilla/5.0 (Macintosh; Intel Mac OS X 10_13_2) AppleWebKit/537.36 (KHTML, like Gecko) Chrome/63.0.3239.132 Safari/537.36"
172.17.0.1 - - [26/Jan/2018:10:20:24 +0000] "GET /root/test/-/jobs/5/trace.json?state= HTTP/1.1" 200 75 "http://gitlab.example.com:30080/root/test/-/jobs/5" "Mozilla/5.0 (Macintosh; Intel Mac OS X 10_13_2) AppleWebKit/537.36 (KHTML, like Gecko) Chrome/63.0.3239.132 Safari/537.36"
172.17.0.1 - - [26/Jan/2018:10:20:24 +0000] "GET /root/test/-/jobs/5/status.json HTTP/1.1" 200 234 "http://gitlab.example.com:30080/root/test/-/jobs/5" "Mozilla/5.0 (Macintosh; Intel Mac OS X 10_13_2) AppleWebKit/537.36 (KHTML, like Gecko) Chrome/63.0.3239.132 Safari/537.36"
172.17.0.1 - - [26/Jan/2018:10:20:25 +0000] "GET /root/test/-/jobs/5.json HTTP/1.1" 200 906 "http://gitlab.example.com:30080/root/test/-/jobs/5" "Mozilla/5.0 (Macintosh; Intel Mac OS X 10_13_2) AppleWebKit/537.36 (KHTML, like Gecko) Chrome/63.0.3239.132 Safari/537.36"
172.17.0.4 - - [26/Jan/2018:10:20:25 +0000] "POST /api/v4/jobs/request HTTP/1.1" 204 0 "" "gitlab-runner 10.4.0 (10-4-stable; go1.8.5; linux/amd64)"
172.17.0.4 - - [26/Jan/2018:10:20:28 +0000] "POST /api/v4/jobs/request HTTP/1.1" 204 0 "" "gitlab-runner 10.4.0 (10-4-stable; go1.8.5; linux/amd64)"
172.17.0.1 - - [26/Jan/2018:10:20:28 +0000] "GET /root/test/-/jobs/5/trace.json?state= HTTP/1.1" 304 0 "http://gitlab.example.com:30080/root/test/-/jobs/5" "Mozilla/5.0 (Macintosh; Intel Mac OS X 10_13_2) AppleWebKit/537.36 (KHTML, like Gecko) Chrome/63.0.3239.132 Safari/537.36"
172.17.0.1 - - [26/Jan/2018:10:20:29 +0000] "GET /root/test/-/jobs/5/status.json HTTP/1.1" 304 0 "http://gitlab.example.com:30080/root/test/-/jobs/5" "Mozilla/5.0 (Macintosh; Intel Mac OS X 10_13_2) AppleWebKit/537.36 (KHTML, like Gecko) Chrome/63.0.3239.132 Safari/537.36"
172.17.0.4 - - [26/Jan/2018:10:20:31 +0000] "POST /api/v4/jobs/request HTTP/1.1" 204 0 "" "gitlab-runner 10.4.0 (10-4-stable; go1.8.5; linux/amd64)"
172.17.0.1 - - [26/Jan/2018:10:20:32 +0000] "GET /root/test/-/jobs/5/trace.json?state= HTTP/1.1" 304 0 "http://gitlab.example.com:30080/root/test/-/jobs/5" "Mozilla/5.0 (Macintosh; Intel Mac OS X 10_13_2) AppleWebKit/537.36 (KHTML, like Gecko) Chrome/63.0.3239.132 Safari/537.36"
172.17.0.1 - - [26/Jan/2018:10:20:33 +0000] "GET /root/test/-/jobs/5/status.json HTTP/1.1" 304 0 "http://gitlab.example.com:30080/root/test/-/jobs/5" "Mozilla/5.0 (Macintosh; Intel Mac OS X 10_13_2) AppleWebKit/537.36 (KHTML, like Gecko) Chrome/63.0.3239.132 Safari/537.36"
172.17.0.4 - - [26/Jan/2018:10:20:34 +0000] "POST /api/v4/jobs/request HTTP/1.1" 204 0 "" "gitlab-runner 10.4.0 (10-4-stable; go1.8.5; linux/amd64)"
172.17.0.1 - - [26/Jan/2018:10:20:36 +0000] "GET /root/test/-/jobs/5.json HTTP/1.1" 304 0 "http://gitlab.example.com:30080/root/test/-/jobs/5" "Mozilla/5.0 (Macintosh; Intel Mac OS X 10_13_2) AppleWebKit/537.36 (KHTML, like Gecko) Chrome/63.0.3239.132 Safari/537.36"
172.17.0.4 - - [26/Jan/2018:10:20:37 +0000] "POST /api/v4/jobs/request HTTP/1.1" 204 0 "" "gitlab-runner 10.4.0 (10-4-stable; go1.8.5; linux/amd64)"
172.17.0.1 - - [26/Jan/2018:10:20:38 +0000] "GET /root/test/-/jobs/5/trace.json?state= HTTP/1.1" 304 0 "http://gitlab.example.com:30080/root/test/-/jobs/5" "Mozilla/5.0 (Macintosh; Intel Mac OS X 10_13_2) AppleWebKit/537.36 (KHTML, like Gecko) Chrome/63.0.3239.132 Safari/537.36"
172.17.0.1 - - [26/Jan/2018:10:20:39 +0000] "GET /root/test/-/jobs/5/status.json HTTP/1.1" 304 0 "http://gitlab.example.com:30080/root/test/-/jobs/5" "Mozilla/5.0 (Macintosh; Intel Mac OS X 10_13_2) AppleWebKit/537.36 (KHTML, like Gecko) Chrome/63.0.3239.132 Safari/537.36"
172.17.0.1 - - [26/Jan/2018:10:20:40 +0000] "GET /root/test/-/jobs/5.json HTTP/1.1" 304 0 "http://gitlab.example.com:30080/root/test/-/jobs/5" "Mozilla/5.0 (Macintosh; Intel Mac OS X 10_13_2) AppleWebKit/537.36 (KHTML, like Gecko) Chrome/63.0.3239.132 Safari/537.36"
172.17.0.4 - - [26/Jan/2018:10:20:40 +0000] "POST /api/v4/jobs/request HTTP/1.1" 204 0 "" "gitlab-runner 10.4.0 (10-4-stable; go1.8.5; linux/amd64)"
172.17.0.1 - - [26/Jan/2018:10:20:43 +0000] "GET /root/test/-/jobs/5/trace.json?state= HTTP/1.1" 304 0 "http://gitlab.example.com:30080/root/test/-/jobs/5" "Mozilla/5.0 (Macintosh; Intel Mac OS X 10_13_2) AppleWebKit/537.36 (KHTML, like Gecko) Chrome/63.0.3239.132 Safari/537.36"
172.17.0.4 - - [26/Jan/2018:10:20:43 +0000] "POST /api/v4/jobs/request HTTP/1.1" 204 0 "" "gitlab-runner 10.4.0 (10-4-stable; go1.8.5; linux/amd64)"
172.17.0.1 - - [26/Jan/2018:10:20:43 +0000] "GET /root/test/-/jobs/5/status.json HTTP/1.1" 304 0 "http://gitlab.example.com:30080/root/test/-/jobs/5" "Mozilla/5.0 (Macintosh; Intel Mac OS X 10_13_2) AppleWebKit/537.36 (KHTML, like Gecko) Chrome/63.0.3239.132 Safari/537.36"
172.17.0.4 - - [26/Jan/2018:10:20:46 +0000] "POST /api/v4/jobs/request HTTP/1.1" 204 0 "" "gitlab-runner 10.4.0 (10-4-stable; go1.8.5; linux/amd64)"
172.17.0.1 - - [26/Jan/2018:10:20:48 +0000] "GET /root/test/-/jobs/5/trace.json?state= HTTP/1.1" 304 0 "http://gitlab.example.com:30080/root/test/-/jobs/5" "Mozilla/5.0 (Macintosh; Intel Mac OS X 10_13_2) AppleWebKit/537.36 (KHTML, like Gecko) Chrome/63.0.3239.132 Safari/537.36"
172.17.0.1 - - [26/Jan/2018:10:20:48 +0000] "GET /root/test/-/jobs/5/status.json HTTP/1.1" 304 0 "http://gitlab.example.com:30080/root/test/-/jobs/5" "Mozilla/5.0 (Macintosh; Intel Mac OS X 10_13_2) AppleWebKit/537.36 (KHTML, like Gecko) Chrome/63.0.3239.132 Safari/537.36"
172.17.0.4 - - [26/Jan/2018:10:20:49 +0000] "POST /api/v4/jobs/request HTTP/1.1" 204 0 "" "gitlab-runner 10.4.0 (10-4-stable; go1.8.5; linux/amd64)"
172.17.0.4 - - [26/Jan/2018:10:20:52 +0000] "POST /api/v4/jobs/request HTTP/1.1" 204 0 "" "gitlab-runner 10.4.0 (10-4-stable; go1.8.5; linux/amd64)"
172.17.0.1 - - [26/Jan/2018:10:20:53 +0000] "GET /root/test/-/jobs/5/trace.json?state= HTTP/1.1" 304 0 "http://gitlab.example.com:30080/root/test/-/jobs/5" "Mozilla/5.0 (Macintosh; Intel Mac OS X 10_13_2) AppleWebKit/537.36 (KHTML, like Gecko) Chrome/63.0.3239.132 Safari/537.36"
172.17.0.1 - - [26/Jan/2018:10:20:53 +0000] "GET /root/test/-/jobs/5/status.json HTTP/1.1" 304 0 "http://gitlab.example.com:30080/root/test/-/jobs/5" "Mozilla/5.0 (Macintosh; Intel Mac OS X 10_13_2) AppleWebKit/537.36 (KHTML, like Gecko) Chrome/63.0.3239.132 Safari/537.36"
172.17.0.4 - - [26/Jan/2018:10:20:55 +0000] "POST /api/v4/jobs/request HTTP/1.1" 204 0 "" "gitlab-runner 10.4.0 (10-4-stable; go1.8.5; linux/amd64)"
172.17.0.1 - - [26/Jan/2018:10:20:58 +0000] "GET /root/test/-/jobs/5/trace.json?state= HTTP/1.1" 304 0 "http://gitlab.example.com:30080/root/test/-/jobs/5" "Mozilla/5.0 (Macintosh; Intel Mac OS X 10_13_2) AppleWebKit/537.36 (KHTML, like Gecko) Chrome/63.0.3239.132 Safari/537.36"
172.17.0.4 - - [26/Jan/2018:10:20:58 +0000] "POST /api/v4/jobs/request HTTP/1.1" 204 0 "" "gitlab-runner 10.4.0 (10-4-stable; go1.8.5; linux/amd64)"
172.17.0.1 - - [26/Jan/2018:10:20:58 +0000] "GET /root/test/-/jobs/5/status.json HTTP/1.1" 304 0 "http://gitlab.example.com:30080/root/test/-/jobs/5" "Mozilla/5.0 (Macintosh; Intel Mac OS X 10_13_2) AppleWebKit/537.36 (KHTML, like Gecko) Chrome/63.0.3239.132 Safari/537.36"
172.17.0.4 - - [26/Jan/2018:10:21:01 +0000] "POST /api/v4/jobs/request HTTP/1.1" 204 0 "" "gitlab-runner 10.4.0 (10-4-stable; go1.8.5; linux/amd64)"
172.17.0.1 - - [26/Jan/2018:10:21:04 +0000] "GET /root/test/-/jobs/5/trace.json?state= HTTP/1.1" 304 0 "http://gitlab.example.com:30080/root/test/-/jobs/5" "Mozilla/5.0 (Macintosh; Intel Mac OS X 10_13_2) AppleWebKit/537.36 (KHTML, like Gecko) Chrome/63.0.3239.132 Safari/537.36"
172.17.0.1 - - [26/Jan/2018:10:21:04 +0000] "GET /root/test/-/jobs/5/status.json HTTP/1.1" 304 0 "http://gitlab.example.com:30080/root/test/-/jobs/5" "Mozilla/5.0 (Macintosh; Intel Mac OS X 10_13_2) AppleWebKit/537.36 (KHTML, like Gecko) Chrome/63.0.3239.132 Safari/537.36"
172.17.0.4 - - [26/Jan/2018:10:21:05 +0000] "POST /api/v4/jobs/request HTTP/1.1" 204 0 "" "gitlab-runner 10.4.0 (10-4-stable; go1.8.5; linux/amd64)"
127.0.0.1 - - [26/Jan/2018:10:21:05 +0000] "GET /help HTTP/1.1" 200 29722 "" "curl/7.56.1"
172.17.0.4 - - [26/Jan/2018:10:21:08 +0000] "POST /api/v4/jobs/request HTTP/1.1" 204 0 "" "gitlab-runner 10.4.0 (10-4-stable; go1.8.5; linux/amd64)"
172.17.0.1 - - [26/Jan/2018:10:21:08 +0000] "GET /root/test/-/jobs/5/trace.json?state= HTTP/1.1" 304 0 "http://gitlab.example.com:30080/root/test/-/jobs/5" "Mozilla/5.0 (Macintosh; Intel Mac OS X 10_13_2) AppleWebKit/537.36 (KHTML, like Gecko) Chrome/63.0.3239.132 Safari/537.36"
172.17.0.1 - - [26/Jan/2018:10:21:09 +0000] "GET /root/test/-/jobs/5/status.json HTTP/1.1" 304 0 "http://gitlab.example.com:30080/root/test/-/jobs/5" "Mozilla/5.0 (Macintosh; Intel Mac OS X 10_13_2) AppleWebKit/537.36 (KHTML, like Gecko) Chrome/63.0.3239.132 Safari/537.36"
172.17.0.4 - - [26/Jan/2018:10:21:11 +0000] "POST /api/v4/jobs/request HTTP/1.1" 204 0 "" "gitlab-runner 10.4.0 (10-4-stable; go1.8.5; linux/amd64)"
172.17.0.1 - - [26/Jan/2018:10:21:14 +0000] "GET /root/test/-/jobs/5/trace.json?state= HTTP/1.1" 304 0 "http://gitlab.example.com:30080/root/test/-/jobs/5" "Mozilla/5.0 (Macintosh; Intel Mac OS X 10_13_2) AppleWebKit/537.36 (KHTML, like Gecko) Chrome/63.0.3239.132 Safari/537.36"
172.17.0.1 - - [26/Jan/2018:10:21:14 +0000] "GET /root/test/-/jobs/5/status.json HTTP/1.1" 304 0 "http://gitlab.example.com:30080/root/test/-/jobs/5" "Mozilla/5.0 (Macintosh; Intel Mac OS X 10_13_2) AppleWebKit/537.36 (KHTML, like Gecko) Chrome/63.0.3239.132 Safari/537.36"
172.17.0.4 - - [26/Jan/2018:10:21:14 +0000] "POST /api/v4/jobs/request HTTP/1.1" 204 0 "" "gitlab-runner 10.4.0 (10-4-stable; go1.8.5; linux/amd64)"
172.17.0.4 - - [26/Jan/2018:10:21:17 +0000] "POST /api/v4/jobs/request HTTP/1.1" 204 0 "" "gitlab-runner 10.4.0 (10-4-stable; go1.8.5; linux/amd64)"
172.17.0.1 - - [26/Jan/2018:10:21:18 +0000] "GET /root/test/-/jobs/5/trace.json?state= HTTP/1.1" 304 0 "http://gitlab.example.com:30080/root/test/-/jobs/5" "Mozilla/5.0 (Macintosh; Intel Mac OS X 10_13_2) AppleWebKit/537.36 (KHTML, like Gecko) Chrome/63.0.3239.132 Safari/537.36"
172.17.0.1 - - [26/Jan/2018:10:21:18 +0000] "GET /root/test/-/jobs/5/status.json HTTP/1.1" 304 0 "http://gitlab.example.com:30080/root/test/-/jobs/5" "Mozilla/5.0 (Macintosh; Intel Mac OS X 10_13_2) AppleWebKit/537.36 (KHTML, like Gecko) Chrome/63.0.3239.132 Safari/537.36"
172.17.0.4 - - [26/Jan/2018:10:21:20 +0000] "POST /api/v4/jobs/request HTTP/1.1" 204 0 "" "gitlab-runner 10.4.0 (10-4-stable; go1.8.5; linux/amd64)"
172.17.0.4 - - [26/Jan/2018:10:21:23 +0000] "POST /api/v4/jobs/request HTTP/1.1" 204 0 "" "gitlab-runner 10.4.0 (10-4-stable; go1.8.5; linux/amd64)"
172.17.0.1 - - [26/Jan/2018:10:21:23 +0000] "GET /root/test/-/jobs/5/trace.json?state= HTTP/1.1" 304 0 "http://gitlab.example.com:30080/root/test/-/jobs/5" "Mozilla/5.0 (Macintosh; Intel Mac OS X 10_13_2) AppleWebKit/537.36 (KHTML, like Gecko) Chrome/63.0.3239.132 Safari/537.36"
172.17.0.1 - - [26/Jan/2018:10:21:23 +0000] "GET /root/test/-/jobs/5/status.json HTTP/1.1" 304 0 "http://gitlab.example.com:30080/root/test/-/jobs/5" "Mozilla/5.0 (Macintosh; Intel Mac OS X 10_13_2) AppleWebKit/537.36 (KHTML, like Gecko) Chrome/63.0.3239.132 Safari/537.36"
172.17.0.4 - - [26/Jan/2018:10:21:26 +0000] "POST /api/v4/jobs/request HTTP/1.1" 204 0 "" "gitlab-runner 10.4.0 (10-4-stable; go1.8.5; linux/amd64)"
172.17.0.1 - - [26/Jan/2018:10:21:28 +0000] "GET /root/test/-/jobs/5/trace.json?state= HTTP/1.1" 304 0 "http://gitlab.example.com:30080/root/test/-/jobs/5" "Mozilla/5.0 (Macintosh; Intel Mac OS X 10_13_2) AppleWebKit/537.36 (KHTML, like Gecko) Chrome/63.0.3239.132 Safari/537.36"
172.17.0.1 - - [26/Jan/2018:10:21:28 +0000] "GET /root/test/-/jobs/5/status.json HTTP/1.1" 304 0 "http://gitlab.example.com:30080/root/test/-/jobs/5" "Mozilla/5.0 (Macintosh; Intel Mac OS X 10_13_2) AppleWebKit/537.36 (KHTML, like Gecko) Chrome/63.0.3239.132 Safari/537.36"
172.17.0.4 - - [26/Jan/2018:10:21:29 +0000] "POST /api/v4/jobs/request HTTP/1.1" 204 0 "" "gitlab-runner 10.4.0 (10-4-stable; go1.8.5; linux/amd64)"
172.17.0.4 - - [26/Jan/2018:10:21:32 +0000] "POST /api/v4/jobs/request HTTP/1.1" 204 0 "" "gitlab-runner 10.4.0 (10-4-stable; go1.8.5; linux/amd64)"
172.17.0.1 - - [26/Jan/2018:10:21:33 +0000] "GET /root/test/-/jobs/5/trace.json?state= HTTP/1.1" 304 0 "http://gitlab.example.com:30080/root/test/-/jobs/5" "Mozilla/5.0 (Macintosh; Intel Mac OS X 10_13_2) AppleWebKit/537.36 (KHTML, like Gecko) Chrome/63.0.3239.132 Safari/537.36"
172.17.0.1 - - [26/Jan/2018:10:21:33 +0000] "GET /root/test/-/jobs/5/status.json HTTP/1.1" 304 0 "http://gitlab.example.com:30080/root/test/-/jobs/5" "Mozilla/5.0 (Macintosh; Intel Mac OS X 10_13_2) AppleWebKit/537.36 (KHTML, like Gecko) Chrome/63.0.3239.132 Safari/537.36"
172.17.0.4 - - [26/Jan/2018:10:21:35 +0000] "POST /api/v4/jobs/request HTTP/1.1" 204 0 "" "gitlab-runner 10.4.0 (10-4-stable; go1.8.5; linux/amd64)"
172.17.0.4 - - [26/Jan/2018:10:21:38 +0000] "POST /api/v4/jobs/request HTTP/1.1" 204 0 "" "gitlab-runner 10.4.0 (10-4-stable; go1.8.5; linux/amd64)"
172.17.0.1 - - [26/Jan/2018:10:21:38 +0000] "GET /root/test/-/jobs/5/trace.json?state= HTTP/1.1" 304 0 "http://gitlab.example.com:30080/root/test/-/jobs/5" "Mozilla/5.0 (Macintosh; Intel Mac OS X 10_13_2) AppleWebKit/537.36 (KHTML, like Gecko) Chrome/63.0.3239.132 Safari/537.36"
172.17.0.1 - - [26/Jan/2018:10:21:38 +0000] "GET /root/test/-/jobs/5/status.json HTTP/1.1" 304 0 "http://gitlab.example.com:30080/root/test/-/jobs/5" "Mozilla/5.0 (Macintosh; Intel Mac OS X 10_13_2) AppleWebKit/537.36 (KHTML, like Gecko) Chrome/63.0.3239.132 Safari/537.36"
172.17.0.4 - - [26/Jan/2018:10:21:41 +0000] "POST /api/v4/jobs/request HTTP/1.1" 204 0 "" "gitlab-runner 10.4.0 (10-4-stable; go1.8.5; linux/amd64)"
172.17.0.1 - - [26/Jan/2018:10:21:43 +0000] "GET /root/test/-/jobs/5/trace.json?state= HTTP/1.1" 304 0 "http://gitlab.example.com:30080/root/test/-/jobs/5" "Mozilla/5.0 (Macintosh; Intel Mac OS X 10_13_2) AppleWebKit/537.36 (KHTML, like Gecko) Chrome/63.0.3239.132 Safari/537.36"
172.17.0.1 - - [26/Jan/2018:10:21:43 +0000] "GET /root/test/-/jobs/5/status.json HTTP/1.1" 304 0 "http://gitlab.example.com:30080/root/test/-/jobs/5" "Mozilla/5.0 (Macintosh; Intel Mac OS X 10_13_2) AppleWebKit/537.36 (KHTML, like Gecko) Chrome/63.0.3239.132 Safari/537.36"
172.17.0.4 - - [26/Jan/2018:10:21:44 +0000] "POST /api/v4/jobs/request HTTP/1.1" 204 0 "" "gitlab-runner 10.4.0 (10-4-stable; go1.8.5; linux/amd64)"
172.17.0.4 - - [26/Jan/2018:10:21:47 +0000] "POST /api/v4/jobs/request HTTP/1.1" 204 0 "" "gitlab-runner 10.4.0 (10-4-stable; go1.8.5; linux/amd64)"
172.17.0.1 - - [26/Jan/2018:10:21:48 +0000] "GET /root/test/-/jobs/5/trace.json?state= HTTP/1.1" 304 0 "http://gitlab.example.com:30080/root/test/-/jobs/5" "Mozilla/5.0 (Macintosh; Intel Mac OS X 10_13_2) AppleWebKit/537.36 (KHTML, like Gecko) Chrome/63.0.3239.132 Safari/537.36"
172.17.0.1 - - [26/Jan/2018:10:21:48 +0000] "GET /root/test/-/jobs/5/status.json HTTP/1.1" 304 0 "http://gitlab.example.com:30080/root/test/-/jobs/5" "Mozilla/5.0 (Macintosh; Intel Mac OS X 10_13_2) AppleWebKit/537.36 (KHTML, like Gecko) Chrome/63.0.3239.132 Safari/537.36"
172.17.0.4 - - [26/Jan/2018:10:21:50 +0000] "POST /api/v4/jobs/request HTTP/1.1" 204 0 "" "gitlab-runner 10.4.0 (10-4-stable; go1.8.5; linux/amd64)"
172.17.0.4 - - [26/Jan/2018:10:21:53 +0000] "POST /api/v4/jobs/request HTTP/1.1" 204 0 "" "gitlab-runner 10.4.0 (10-4-stable; go1.8.5; linux/amd64)"
172.17.0.1 - - [26/Jan/2018:10:21:53 +0000] "GET /root/test/-/jobs/5/trace.json?state= HTTP/1.1" 304 0 "http://gitlab.example.com:30080/root/test/-/jobs/5" "Mozilla/5.0 (Macintosh; Intel Mac OS X 10_13_2) AppleWebKit/537.36 (KHTML, like Gecko) Chrome/63.0.3239.132 Safari/537.36"
